ARM GAS  C:\Users\ELISHA~1\AppData\Local\Temp\ccUdYCCF.s 			page 1


   1              		.cpu cortex-m0
   2              		.fpu softvfp
   3              		.eabi_attribute 20, 1
   4              		.eabi_attribute 21, 1
   5              		.eabi_attribute 23, 3
   6              		.eabi_attribute 24, 1
   7              		.eabi_attribute 25, 1
   8              		.eabi_attribute 26, 1
   9              		.eabi_attribute 30, 1
  10              		.eabi_attribute 34, 0
  11              		.eabi_attribute 18, 4
  12              		.code	16
  13              		.file	"cyfitter_cfg.c"
  14              		.text
  15              	.Ltext0:
  16              		.cfi_sections	.debug_frame
  17              		.section	.text.cfg_write_bytes32,"ax",%progbits
  18              		.align	2
  19              		.code	16
  20              		.thumb_func
  21              		.type	cfg_write_bytes32, %function
  22              	cfg_write_bytes32:
  23              	.LFB3:
  24              		.file 1 ".\\Generated_Source\\PSoC4\\cyfitter_cfg.c"
   1:.\Generated_Source\PSoC4/cyfitter_cfg.c **** /*******************************************************************************
   2:.\Generated_Source\PSoC4/cyfitter_cfg.c **** * File Name: cyfitter_cfg.c
   3:.\Generated_Source\PSoC4/cyfitter_cfg.c **** * 
   4:.\Generated_Source\PSoC4/cyfitter_cfg.c **** * PSoC Creator  3.3 CP1
   5:.\Generated_Source\PSoC4/cyfitter_cfg.c **** *
   6:.\Generated_Source\PSoC4/cyfitter_cfg.c **** * Description:
   7:.\Generated_Source\PSoC4/cyfitter_cfg.c **** * This file contains device initialization code.
   8:.\Generated_Source\PSoC4/cyfitter_cfg.c **** * Except for the user defined sections in CyClockStartupError(), this file should not be modified.
   9:.\Generated_Source\PSoC4/cyfitter_cfg.c **** * This file is automatically generated by PSoC Creator.
  10:.\Generated_Source\PSoC4/cyfitter_cfg.c **** *
  11:.\Generated_Source\PSoC4/cyfitter_cfg.c **** ********************************************************************************
  12:.\Generated_Source\PSoC4/cyfitter_cfg.c **** * Copyright (c) 2007-2015 Cypress Semiconductor.  All rights reserved.
  13:.\Generated_Source\PSoC4/cyfitter_cfg.c **** * You may use this file only in accordance with the license, terms, conditions, 
  14:.\Generated_Source\PSoC4/cyfitter_cfg.c **** * disclaimers, and limitations in the end user license agreement accompanying 
  15:.\Generated_Source\PSoC4/cyfitter_cfg.c **** * the software package with which this file was provided.
  16:.\Generated_Source\PSoC4/cyfitter_cfg.c **** ********************************************************************************/
  17:.\Generated_Source\PSoC4/cyfitter_cfg.c **** 
  18:.\Generated_Source\PSoC4/cyfitter_cfg.c **** #include <string.h>
  19:.\Generated_Source\PSoC4/cyfitter_cfg.c **** #include "cytypes.h"
  20:.\Generated_Source\PSoC4/cyfitter_cfg.c **** #include "cydevice_trm.h"
  21:.\Generated_Source\PSoC4/cyfitter_cfg.c **** #include "cyfitter.h"
  22:.\Generated_Source\PSoC4/cyfitter_cfg.c **** #include "CyLib.h"
  23:.\Generated_Source\PSoC4/cyfitter_cfg.c **** #include "CyLFClk.h"
  24:.\Generated_Source\PSoC4/cyfitter_cfg.c **** #include "cyfitter_cfg.h"
  25:.\Generated_Source\PSoC4/cyfitter_cfg.c **** 
  26:.\Generated_Source\PSoC4/cyfitter_cfg.c **** 
  27:.\Generated_Source\PSoC4/cyfitter_cfg.c **** #if defined(__GNUC__) || defined(__ARMCC_VERSION)
  28:.\Generated_Source\PSoC4/cyfitter_cfg.c ****     #define CYPACKED 
  29:.\Generated_Source\PSoC4/cyfitter_cfg.c ****     #define CYPACKED_ATTR __attribute__ ((packed))
  30:.\Generated_Source\PSoC4/cyfitter_cfg.c ****     #define CYALIGNED __attribute__ ((aligned))
  31:.\Generated_Source\PSoC4/cyfitter_cfg.c ****     #define CY_CFG_UNUSED __attribute__ ((unused))
  32:.\Generated_Source\PSoC4/cyfitter_cfg.c ****     #define CY_CFG_SECTION __attribute__ ((section(".psocinit")))
  33:.\Generated_Source\PSoC4/cyfitter_cfg.c ****     
ARM GAS  C:\Users\ELISHA~1\AppData\Local\Temp\ccUdYCCF.s 			page 2


  34:.\Generated_Source\PSoC4/cyfitter_cfg.c ****     #if defined(__ARMCC_VERSION)
  35:.\Generated_Source\PSoC4/cyfitter_cfg.c ****         #define CY_CFG_MEMORY_BARRIER() __memory_changed()
  36:.\Generated_Source\PSoC4/cyfitter_cfg.c ****     #else
  37:.\Generated_Source\PSoC4/cyfitter_cfg.c ****         #define CY_CFG_MEMORY_BARRIER() __sync_synchronize()
  38:.\Generated_Source\PSoC4/cyfitter_cfg.c ****     #endif
  39:.\Generated_Source\PSoC4/cyfitter_cfg.c ****     
  40:.\Generated_Source\PSoC4/cyfitter_cfg.c **** #elif defined(__ICCARM__)
  41:.\Generated_Source\PSoC4/cyfitter_cfg.c ****     #include <intrinsics.h>
  42:.\Generated_Source\PSoC4/cyfitter_cfg.c **** 
  43:.\Generated_Source\PSoC4/cyfitter_cfg.c ****     #define CYPACKED __packed
  44:.\Generated_Source\PSoC4/cyfitter_cfg.c ****     #define CYPACKED_ATTR 
  45:.\Generated_Source\PSoC4/cyfitter_cfg.c ****     #define CYALIGNED _Pragma("data_alignment=4")
  46:.\Generated_Source\PSoC4/cyfitter_cfg.c ****     #define CY_CFG_UNUSED _Pragma("diag_suppress=Pe177")
  47:.\Generated_Source\PSoC4/cyfitter_cfg.c ****     #define CY_CFG_SECTION _Pragma("location=\".psocinit\"")
  48:.\Generated_Source\PSoC4/cyfitter_cfg.c ****     
  49:.\Generated_Source\PSoC4/cyfitter_cfg.c ****     #define CY_CFG_MEMORY_BARRIER() __DMB()
  50:.\Generated_Source\PSoC4/cyfitter_cfg.c ****     
  51:.\Generated_Source\PSoC4/cyfitter_cfg.c **** #else
  52:.\Generated_Source\PSoC4/cyfitter_cfg.c ****     #error Unsupported toolchain
  53:.\Generated_Source\PSoC4/cyfitter_cfg.c **** #endif
  54:.\Generated_Source\PSoC4/cyfitter_cfg.c **** 
  55:.\Generated_Source\PSoC4/cyfitter_cfg.c **** 
  56:.\Generated_Source\PSoC4/cyfitter_cfg.c **** CY_CFG_UNUSED
  57:.\Generated_Source\PSoC4/cyfitter_cfg.c **** static void CYMEMZERO(void *s, size_t n);
  58:.\Generated_Source\PSoC4/cyfitter_cfg.c **** CY_CFG_UNUSED
  59:.\Generated_Source\PSoC4/cyfitter_cfg.c **** static void CYMEMZERO(void *s, size_t n)
  60:.\Generated_Source\PSoC4/cyfitter_cfg.c **** {
  61:.\Generated_Source\PSoC4/cyfitter_cfg.c **** 	(void)memset(s, 0, n);
  62:.\Generated_Source\PSoC4/cyfitter_cfg.c **** }
  63:.\Generated_Source\PSoC4/cyfitter_cfg.c **** CY_CFG_UNUSED
  64:.\Generated_Source\PSoC4/cyfitter_cfg.c **** static void CYCONFIGCPY(void *dest, const void *src, size_t n);
  65:.\Generated_Source\PSoC4/cyfitter_cfg.c **** CY_CFG_UNUSED
  66:.\Generated_Source\PSoC4/cyfitter_cfg.c **** static void CYCONFIGCPY(void *dest, const void *src, size_t n)
  67:.\Generated_Source\PSoC4/cyfitter_cfg.c **** {
  68:.\Generated_Source\PSoC4/cyfitter_cfg.c **** 	(void)memcpy(dest, src, n);
  69:.\Generated_Source\PSoC4/cyfitter_cfg.c **** }
  70:.\Generated_Source\PSoC4/cyfitter_cfg.c **** CY_CFG_UNUSED
  71:.\Generated_Source\PSoC4/cyfitter_cfg.c **** static void CYCONFIGCPYCODE(void *dest, const void *src, size_t n);
  72:.\Generated_Source\PSoC4/cyfitter_cfg.c **** CY_CFG_UNUSED
  73:.\Generated_Source\PSoC4/cyfitter_cfg.c **** static void CYCONFIGCPYCODE(void *dest, const void *src, size_t n)
  74:.\Generated_Source\PSoC4/cyfitter_cfg.c **** {
  75:.\Generated_Source\PSoC4/cyfitter_cfg.c **** 	(void)memcpy(dest, src, n);
  76:.\Generated_Source\PSoC4/cyfitter_cfg.c **** }
  77:.\Generated_Source\PSoC4/cyfitter_cfg.c **** 
  78:.\Generated_Source\PSoC4/cyfitter_cfg.c **** 
  79:.\Generated_Source\PSoC4/cyfitter_cfg.c **** 
  80:.\Generated_Source\PSoC4/cyfitter_cfg.c **** /* Clock startup error codes                                                   */
  81:.\Generated_Source\PSoC4/cyfitter_cfg.c **** #define CYCLOCKSTART_NO_ERROR    0u
  82:.\Generated_Source\PSoC4/cyfitter_cfg.c **** #define CYCLOCKSTART_XTAL_ERROR  1u
  83:.\Generated_Source\PSoC4/cyfitter_cfg.c **** #define CYCLOCKSTART_32KHZ_ERROR 2u
  84:.\Generated_Source\PSoC4/cyfitter_cfg.c **** #define CYCLOCKSTART_PLL_ERROR   3u
  85:.\Generated_Source\PSoC4/cyfitter_cfg.c **** 
  86:.\Generated_Source\PSoC4/cyfitter_cfg.c **** #ifdef CY_NEED_CYCLOCKSTARTUPERROR
  87:.\Generated_Source\PSoC4/cyfitter_cfg.c **** /*******************************************************************************
  88:.\Generated_Source\PSoC4/cyfitter_cfg.c **** * Function Name: CyClockStartupError
  89:.\Generated_Source\PSoC4/cyfitter_cfg.c **** ********************************************************************************
  90:.\Generated_Source\PSoC4/cyfitter_cfg.c **** * Summary:
ARM GAS  C:\Users\ELISHA~1\AppData\Local\Temp\ccUdYCCF.s 			page 3


  91:.\Generated_Source\PSoC4/cyfitter_cfg.c **** *  If an error is encountered during clock configuration (crystal startup error,
  92:.\Generated_Source\PSoC4/cyfitter_cfg.c **** *  PLL lock error, etc.), the system will end up here.  Unless reimplemented by
  93:.\Generated_Source\PSoC4/cyfitter_cfg.c **** *  the customer, this function will stop in an infinite loop.
  94:.\Generated_Source\PSoC4/cyfitter_cfg.c **** *
  95:.\Generated_Source\PSoC4/cyfitter_cfg.c **** * Parameters:
  96:.\Generated_Source\PSoC4/cyfitter_cfg.c **** *   void
  97:.\Generated_Source\PSoC4/cyfitter_cfg.c **** *
  98:.\Generated_Source\PSoC4/cyfitter_cfg.c **** * Return:
  99:.\Generated_Source\PSoC4/cyfitter_cfg.c **** *   void
 100:.\Generated_Source\PSoC4/cyfitter_cfg.c **** *
 101:.\Generated_Source\PSoC4/cyfitter_cfg.c **** *******************************************************************************/
 102:.\Generated_Source\PSoC4/cyfitter_cfg.c **** CY_CFG_UNUSED
 103:.\Generated_Source\PSoC4/cyfitter_cfg.c **** static void CyClockStartupError(uint8 errorCode);
 104:.\Generated_Source\PSoC4/cyfitter_cfg.c **** CY_CFG_UNUSED
 105:.\Generated_Source\PSoC4/cyfitter_cfg.c **** static void CyClockStartupError(uint8 errorCode)
 106:.\Generated_Source\PSoC4/cyfitter_cfg.c **** {
 107:.\Generated_Source\PSoC4/cyfitter_cfg.c ****     /* To remove the compiler warning if errorCode not used.                */
 108:.\Generated_Source\PSoC4/cyfitter_cfg.c ****     errorCode = errorCode;
 109:.\Generated_Source\PSoC4/cyfitter_cfg.c **** 
 110:.\Generated_Source\PSoC4/cyfitter_cfg.c ****     /* `#START CyClockStartupError` */
 111:.\Generated_Source\PSoC4/cyfitter_cfg.c **** 
 112:.\Generated_Source\PSoC4/cyfitter_cfg.c ****     /* If we have a clock startup error (bad MHz crystal, PLL lock, etc.),  */
 113:.\Generated_Source\PSoC4/cyfitter_cfg.c ****     /* we will end up here to allow the customer to implement something to  */
 114:.\Generated_Source\PSoC4/cyfitter_cfg.c ****     /* deal with the clock condition.                                       */
 115:.\Generated_Source\PSoC4/cyfitter_cfg.c **** 
 116:.\Generated_Source\PSoC4/cyfitter_cfg.c ****     /* `#END` */
 117:.\Generated_Source\PSoC4/cyfitter_cfg.c **** 
 118:.\Generated_Source\PSoC4/cyfitter_cfg.c ****     /* If nothing else, stop here since the clocks have not started         */
 119:.\Generated_Source\PSoC4/cyfitter_cfg.c ****     /* correctly.                                                           */
 120:.\Generated_Source\PSoC4/cyfitter_cfg.c ****     while(1) {}
 121:.\Generated_Source\PSoC4/cyfitter_cfg.c **** }
 122:.\Generated_Source\PSoC4/cyfitter_cfg.c **** #endif
 123:.\Generated_Source\PSoC4/cyfitter_cfg.c **** 
 124:.\Generated_Source\PSoC4/cyfitter_cfg.c **** #define CY_CFG_BASE_ADDR_COUNT 3u
 125:.\Generated_Source\PSoC4/cyfitter_cfg.c **** CYPACKED typedef struct
 126:.\Generated_Source\PSoC4/cyfitter_cfg.c **** {
 127:.\Generated_Source\PSoC4/cyfitter_cfg.c **** 	uint8 offset;
 128:.\Generated_Source\PSoC4/cyfitter_cfg.c **** 	uint8 value;
 129:.\Generated_Source\PSoC4/cyfitter_cfg.c **** } CYPACKED_ATTR cy_cfg_addrvalue_t;
 130:.\Generated_Source\PSoC4/cyfitter_cfg.c **** 
 131:.\Generated_Source\PSoC4/cyfitter_cfg.c **** 
 132:.\Generated_Source\PSoC4/cyfitter_cfg.c **** 
 133:.\Generated_Source\PSoC4/cyfitter_cfg.c **** /*******************************************************************************
 134:.\Generated_Source\PSoC4/cyfitter_cfg.c **** * Function Name: cfg_write_bytes32
 135:.\Generated_Source\PSoC4/cyfitter_cfg.c **** ********************************************************************************
 136:.\Generated_Source\PSoC4/cyfitter_cfg.c **** * Summary:
 137:.\Generated_Source\PSoC4/cyfitter_cfg.c **** *  This function is used for setting up the chip configuration areas that
 138:.\Generated_Source\PSoC4/cyfitter_cfg.c **** *  contain relatively sparse data.
 139:.\Generated_Source\PSoC4/cyfitter_cfg.c **** *
 140:.\Generated_Source\PSoC4/cyfitter_cfg.c **** * Parameters:
 141:.\Generated_Source\PSoC4/cyfitter_cfg.c **** *   void
 142:.\Generated_Source\PSoC4/cyfitter_cfg.c **** *
 143:.\Generated_Source\PSoC4/cyfitter_cfg.c **** * Return:
 144:.\Generated_Source\PSoC4/cyfitter_cfg.c **** *   void
 145:.\Generated_Source\PSoC4/cyfitter_cfg.c **** *
 146:.\Generated_Source\PSoC4/cyfitter_cfg.c **** *******************************************************************************/
 147:.\Generated_Source\PSoC4/cyfitter_cfg.c **** static void cfg_write_bytes32(const uint32 addr_table[], const cy_cfg_addrvalue_t data_table[]);
ARM GAS  C:\Users\ELISHA~1\AppData\Local\Temp\ccUdYCCF.s 			page 4


 148:.\Generated_Source\PSoC4/cyfitter_cfg.c **** static void cfg_write_bytes32(const uint32 addr_table[], const cy_cfg_addrvalue_t data_table[])
 149:.\Generated_Source\PSoC4/cyfitter_cfg.c **** {
  25              		.loc 1 149 0
  26              		.cfi_startproc
  27              	.LVL0:
  28 0000 F0B5     		push	{r4, r5, r6, r7, lr}
  29              		.cfi_def_cfa_offset 20
  30              		.cfi_offset 4, -20
  31              		.cfi_offset 5, -16
  32              		.cfi_offset 6, -12
  33              		.cfi_offset 7, -8
  34              		.cfi_offset 14, -4
  35              	.LVL1:
 150:.\Generated_Source\PSoC4/cyfitter_cfg.c **** 	/* For 32-bit little-endian architectures */
 151:.\Generated_Source\PSoC4/cyfitter_cfg.c **** 	uint32 i, j = 0u;
  36              		.loc 1 151 0
  37 0002 0025     		mov	r5, #0
 152:.\Generated_Source\PSoC4/cyfitter_cfg.c **** 	for (i = 0u; i < CY_CFG_BASE_ADDR_COUNT; i++)
  38              		.loc 1 152 0
  39 0004 0027     		mov	r7, #0
  40 0006 11E0     		b	.L2
  41              	.LVL2:
  42              	.L5:
  43              	.LBB2:
 153:.\Generated_Source\PSoC4/cyfitter_cfg.c **** 	{
 154:.\Generated_Source\PSoC4/cyfitter_cfg.c **** 		uint32 baseAddr = addr_table[i];
  44              		.loc 1 154 0
  45 0008 BB00     		lsl	r3, r7, #2
  46 000a C658     		ldr	r6, [r0, r3]
  47              	.LVL3:
 155:.\Generated_Source\PSoC4/cyfitter_cfg.c **** 		uint8 count = (uint8)baseAddr;
  48              		.loc 1 155 0
  49 000c F3B2     		uxtb	r3, r6
  50              	.LVL4:
 156:.\Generated_Source\PSoC4/cyfitter_cfg.c **** 		baseAddr &= 0xFFFFFF00u;
  51              		.loc 1 156 0
  52 000e FF22     		mov	r2, #255
  53 0010 9643     		bic	r6, r2
  54              	.LVL5:
 157:.\Generated_Source\PSoC4/cyfitter_cfg.c **** 		while (count != 0u)
  55              		.loc 1 157 0
  56 0012 08E0     		b	.L3
  57              	.L4:
 158:.\Generated_Source\PSoC4/cyfitter_cfg.c **** 		{
 159:.\Generated_Source\PSoC4/cyfitter_cfg.c **** 			CY_SET_XTND_REG8((void CYFAR *)(baseAddr + data_table[j].offset), data_table[j].value);
  58              		.loc 1 159 0
  59 0014 6A00     		lsl	r2, r5, #1
  60 0016 8A18     		add	r2, r1, r2
  61 0018 1478     		ldrb	r4, [r2]
  62 001a A419     		add	r4, r4, r6
  63 001c 5278     		ldrb	r2, [r2, #1]
  64 001e 2270     		strb	r2, [r4]
 160:.\Generated_Source\PSoC4/cyfitter_cfg.c **** 			j++;
  65              		.loc 1 160 0
  66 0020 0135     		add	r5, r5, #1
  67              	.LVL6:
 161:.\Generated_Source\PSoC4/cyfitter_cfg.c **** 			count--;
ARM GAS  C:\Users\ELISHA~1\AppData\Local\Temp\ccUdYCCF.s 			page 5


  68              		.loc 1 161 0
  69 0022 013B     		sub	r3, r3, #1
  70              	.LVL7:
  71 0024 DBB2     		uxtb	r3, r3
  72              	.LVL8:
  73              	.L3:
 157:.\Generated_Source\PSoC4/cyfitter_cfg.c **** 		{
  74              		.loc 1 157 0
  75 0026 002B     		cmp	r3, #0
  76 0028 F4D1     		bne	.L4
  77              	.LBE2:
 152:.\Generated_Source\PSoC4/cyfitter_cfg.c **** 	{
  78              		.loc 1 152 0 discriminator 2
  79 002a 0137     		add	r7, r7, #1
  80              	.LVL9:
  81              	.L2:
 152:.\Generated_Source\PSoC4/cyfitter_cfg.c **** 	{
  82              		.loc 1 152 0 is_stmt 0 discriminator 1
  83 002c 022F     		cmp	r7, #2
  84 002e EBD9     		bls	.L5
 162:.\Generated_Source\PSoC4/cyfitter_cfg.c **** 		}
 163:.\Generated_Source\PSoC4/cyfitter_cfg.c **** 	}
 164:.\Generated_Source\PSoC4/cyfitter_cfg.c **** }
  85              		.loc 1 164 0 is_stmt 1
  86              		@ sp needed
  87              	.LVL10:
  88              	.LVL11:
  89 0030 F0BD     		pop	{r4, r5, r6, r7, pc}
  90              		.cfi_endproc
  91              	.LFE3:
  92              		.size	cfg_write_bytes32, .-cfg_write_bytes32
  93 0032 C046     		.section	.text.CYMEMZERO,"ax",%progbits
  94              		.align	2
  95              		.code	16
  96              		.thumb_func
  97              		.type	CYMEMZERO, %function
  98              	CYMEMZERO:
  99              	.LFB0:
  60:.\Generated_Source\PSoC4/cyfitter_cfg.c **** 	(void)memset(s, 0, n);
 100              		.loc 1 60 0
 101              		.cfi_startproc
 102              	.LVL12:
 103 0000 08B5     		push	{r3, lr}
 104              		.cfi_def_cfa_offset 8
 105              		.cfi_offset 3, -8
 106              		.cfi_offset 14, -4
 107 0002 0A1C     		mov	r2, r1
  61:.\Generated_Source\PSoC4/cyfitter_cfg.c **** }
 108              		.loc 1 61 0
 109 0004 0021     		mov	r1, #0
 110              	.LVL13:
 111 0006 FFF7FEFF 		bl	memset
 112              	.LVL14:
  62:.\Generated_Source\PSoC4/cyfitter_cfg.c **** CY_CFG_UNUSED
 113              		.loc 1 62 0
 114              		@ sp needed
 115 000a 08BD     		pop	{r3, pc}
ARM GAS  C:\Users\ELISHA~1\AppData\Local\Temp\ccUdYCCF.s 			page 6


 116              		.cfi_endproc
 117              	.LFE0:
 118              		.size	CYMEMZERO, .-CYMEMZERO
 119              		.section	.psocinit,"ax",%progbits
 120              		.align	2
 121              		.code	16
 122              		.thumb_func
 123              		.type	ClockSetup, %function
 124              	ClockSetup:
 125              	.LFB4:
 165:.\Generated_Source\PSoC4/cyfitter_cfg.c **** 
 166:.\Generated_Source\PSoC4/cyfitter_cfg.c **** 
 167:.\Generated_Source\PSoC4/cyfitter_cfg.c **** /*******************************************************************************
 168:.\Generated_Source\PSoC4/cyfitter_cfg.c **** * Function Name: ClockSetup
 169:.\Generated_Source\PSoC4/cyfitter_cfg.c **** ********************************************************************************
 170:.\Generated_Source\PSoC4/cyfitter_cfg.c **** *
 171:.\Generated_Source\PSoC4/cyfitter_cfg.c **** * Summary:
 172:.\Generated_Source\PSoC4/cyfitter_cfg.c **** *   Performs the initialization of all of the clocks in the device based on the
 173:.\Generated_Source\PSoC4/cyfitter_cfg.c **** *   settings in the Clock tab of the DWR.  This includes enabling the requested
 174:.\Generated_Source\PSoC4/cyfitter_cfg.c **** *   clocks and setting the necessary dividers to produce the desired frequency. 
 175:.\Generated_Source\PSoC4/cyfitter_cfg.c **** *
 176:.\Generated_Source\PSoC4/cyfitter_cfg.c **** * Parameters:
 177:.\Generated_Source\PSoC4/cyfitter_cfg.c **** *   void
 178:.\Generated_Source\PSoC4/cyfitter_cfg.c **** *
 179:.\Generated_Source\PSoC4/cyfitter_cfg.c **** * Return:
 180:.\Generated_Source\PSoC4/cyfitter_cfg.c **** *   void
 181:.\Generated_Source\PSoC4/cyfitter_cfg.c **** *
 182:.\Generated_Source\PSoC4/cyfitter_cfg.c **** *******************************************************************************/
 183:.\Generated_Source\PSoC4/cyfitter_cfg.c **** static void ClockSetup(void);
 184:.\Generated_Source\PSoC4/cyfitter_cfg.c **** CY_CFG_SECTION
 185:.\Generated_Source\PSoC4/cyfitter_cfg.c **** static void ClockSetup(void)
 186:.\Generated_Source\PSoC4/cyfitter_cfg.c **** {
 126              		.loc 1 186 0
 127              		.cfi_startproc
 128 0000 10B5     		push	{r4, lr}
 129              		.cfi_def_cfa_offset 8
 130              		.cfi_offset 4, -8
 131              		.cfi_offset 14, -4
 187:.\Generated_Source\PSoC4/cyfitter_cfg.c **** 	/* Enable HALF_EN before trimming for the flash accelerator. */
 188:.\Generated_Source\PSoC4/cyfitter_cfg.c **** 	CY_SET_REG32((void CYXDATA *)(CYREG_CLK_SELECT), (CY_GET_REG32((void *)CYREG_CLK_SELECT) | 0x00040
 132              		.loc 1 188 0
 133 0002 124C     		ldr	r4, .L8
 134 0004 2368     		ldr	r3, [r4]
 135 0006 8022     		mov	r2, #128
 136 0008 D202     		lsl	r2, r2, #11
 137 000a 1343     		orr	r3, r2
 138 000c 2360     		str	r3, [r4]
 189:.\Generated_Source\PSoC4/cyfitter_cfg.c **** 
 190:.\Generated_Source\PSoC4/cyfitter_cfg.c **** 	/* Setup and trim IMO based on desired frequency. */
 191:.\Generated_Source\PSoC4/cyfitter_cfg.c **** 	CySysClkWriteImoFreq(24u);
 139              		.loc 1 191 0
 140 000e 1820     		mov	r0, #24
 141 0010 FFF7FEFF 		bl	CySysClkWriteImoFreq
 142              	.LVL15:
 192:.\Generated_Source\PSoC4/cyfitter_cfg.c **** 
 193:.\Generated_Source\PSoC4/cyfitter_cfg.c **** 	/* Disable HALF_EN since it is not required at this IMO frequency. */
 194:.\Generated_Source\PSoC4/cyfitter_cfg.c **** 	CY_SET_REG32((void CYXDATA *)(CYREG_CLK_SELECT), (CY_GET_REG32((void *)CYREG_CLK_SELECT) & 0xFFFBF
ARM GAS  C:\Users\ELISHA~1\AppData\Local\Temp\ccUdYCCF.s 			page 7


 143              		.loc 1 194 0
 144 0014 2268     		ldr	r2, [r4]
 145 0016 0E4B     		ldr	r3, .L8+4
 146 0018 1340     		and	r3, r2
 147 001a 2360     		str	r3, [r4]
 195:.\Generated_Source\PSoC4/cyfitter_cfg.c **** 	/* CYDEV_CLK_ILO_CONFIG Starting address: CYDEV_CLK_ILO_CONFIG */
 196:.\Generated_Source\PSoC4/cyfitter_cfg.c **** 	CY_SET_XTND_REG32((void CYFAR *)(CYREG_CLK_ILO_CONFIG), 0x80000006u);
 148              		.loc 1 196 0
 149 001c 0D4A     		ldr	r2, .L8+8
 150 001e 0E4B     		ldr	r3, .L8+12
 151 0020 1A60     		str	r2, [r3]
 197:.\Generated_Source\PSoC4/cyfitter_cfg.c **** 
 198:.\Generated_Source\PSoC4/cyfitter_cfg.c **** 
 199:.\Generated_Source\PSoC4/cyfitter_cfg.c **** 	/* CYDEV_CLK_SELECT00 Starting address: CYDEV_CLK_SELECT00 */
 200:.\Generated_Source\PSoC4/cyfitter_cfg.c **** 	CY_SET_XTND_REG32((void CYFAR *)(CYREG_CLK_SELECT07), 0x00000010u);
 152              		.loc 1 200 0
 153 0022 1022     		mov	r2, #16
 154 0024 0D4B     		ldr	r3, .L8+16
 155 0026 1A60     		str	r2, [r3]
 201:.\Generated_Source\PSoC4/cyfitter_cfg.c **** 
 202:.\Generated_Source\PSoC4/cyfitter_cfg.c **** 	/* CYDEV_CLK_IMO_CONFIG Starting address: CYDEV_CLK_IMO_CONFIG */
 203:.\Generated_Source\PSoC4/cyfitter_cfg.c **** 	CY_SET_XTND_REG32((void CYFAR *)(CYREG_CLK_IMO_CONFIG), 0x82000000u);
 156              		.loc 1 203 0
 157 0028 8222     		mov	r2, #130
 158 002a 1206     		lsl	r2, r2, #24
 159 002c 0C4B     		ldr	r3, .L8+20
 160 002e 1A60     		str	r2, [r3]
 204:.\Generated_Source\PSoC4/cyfitter_cfg.c **** 
 205:.\Generated_Source\PSoC4/cyfitter_cfg.c **** 	/* CYDEV_CLK_DIVIDER_A00 Starting address: CYDEV_CLK_DIVIDER_A00 */
 206:.\Generated_Source\PSoC4/cyfitter_cfg.c **** 	CY_SET_XTND_REG32((void CYFAR *)(CYREG_CLK_DIVIDER_A00), 0x80000017u);
 161              		.loc 1 206 0
 162 0030 0C4A     		ldr	r2, .L8+24
 163 0032 0D4B     		ldr	r3, .L8+28
 164 0034 1A60     		str	r2, [r3]
 207:.\Generated_Source\PSoC4/cyfitter_cfg.c **** 
 208:.\Generated_Source\PSoC4/cyfitter_cfg.c **** 	(void)CyIntSetVector(9u, &CySysWdtIsr);
 165              		.loc 1 208 0
 166 0036 0920     		mov	r0, #9
 167 0038 0C49     		ldr	r1, .L8+32
 168 003a FFF7FEFF 		bl	CyIntSetVector
 169              	.LVL16:
 209:.\Generated_Source\PSoC4/cyfitter_cfg.c **** 	CyIntEnable(9u);
 170              		.loc 1 209 0
 171 003e 0920     		mov	r0, #9
 172 0040 FFF7FEFF 		bl	CyIntEnable
 173              	.LVL17:
 210:.\Generated_Source\PSoC4/cyfitter_cfg.c **** 	CY_SET_XTND_REG32((void CYFAR *)(CYREG_WDT_CONFIG), 0x00000000u);
 174              		.loc 1 210 0
 175 0044 0022     		mov	r2, #0
 176 0046 0A4B     		ldr	r3, .L8+36
 177 0048 1A60     		str	r2, [r3]
 211:.\Generated_Source\PSoC4/cyfitter_cfg.c **** }
 178              		.loc 1 211 0
 179              		@ sp needed
 180 004a 10BD     		pop	{r4, pc}
 181              	.L9:
 182              		.align	2
ARM GAS  C:\Users\ELISHA~1\AppData\Local\Temp\ccUdYCCF.s 			page 8


 183              	.L8:
 184 004c 00010B40 		.word	1074462976
 185 0050 FFFFFBFF 		.word	-262145
 186 0054 06000080 		.word	-2147483642
 187 0058 04010B40 		.word	1074462980
 188 005c 1C020240 		.word	1073873436
 189 0060 08010B40 		.word	1074462984
 190 0064 17000080 		.word	-2147483625
 191 0068 00000240 		.word	1073872896
 192 006c 00000000 		.word	CySysWdtIsr
 193 0070 0C020B40 		.word	1074463244
 194              		.cfi_endproc
 195              	.LFE4:
 196              		.size	ClockSetup, .-ClockSetup
 197              		.section	.text.SetAnalogRoutingPumps,"ax",%progbits
 198              		.align	2
 199              		.global	SetAnalogRoutingPumps
 200              		.code	16
 201              		.thumb_func
 202              		.type	SetAnalogRoutingPumps, %function
 203              	SetAnalogRoutingPumps:
 204              	.LFB6:
 212:.\Generated_Source\PSoC4/cyfitter_cfg.c **** 
 213:.\Generated_Source\PSoC4/cyfitter_cfg.c **** 
 214:.\Generated_Source\PSoC4/cyfitter_cfg.c **** /* Analog API Functions */
 215:.\Generated_Source\PSoC4/cyfitter_cfg.c **** 
 216:.\Generated_Source\PSoC4/cyfitter_cfg.c **** 
 217:.\Generated_Source\PSoC4/cyfitter_cfg.c **** /*******************************************************************************
 218:.\Generated_Source\PSoC4/cyfitter_cfg.c **** * Function Name: AnalogSetDefault
 219:.\Generated_Source\PSoC4/cyfitter_cfg.c **** ********************************************************************************
 220:.\Generated_Source\PSoC4/cyfitter_cfg.c **** *
 221:.\Generated_Source\PSoC4/cyfitter_cfg.c **** * Summary:
 222:.\Generated_Source\PSoC4/cyfitter_cfg.c **** *  Sets up the analog portions of the chip to default values based on chip
 223:.\Generated_Source\PSoC4/cyfitter_cfg.c **** *  configuration options from the project.
 224:.\Generated_Source\PSoC4/cyfitter_cfg.c **** *
 225:.\Generated_Source\PSoC4/cyfitter_cfg.c **** * Parameters:
 226:.\Generated_Source\PSoC4/cyfitter_cfg.c **** *  void
 227:.\Generated_Source\PSoC4/cyfitter_cfg.c **** *
 228:.\Generated_Source\PSoC4/cyfitter_cfg.c **** * Return:
 229:.\Generated_Source\PSoC4/cyfitter_cfg.c **** *  void
 230:.\Generated_Source\PSoC4/cyfitter_cfg.c **** *
 231:.\Generated_Source\PSoC4/cyfitter_cfg.c **** *******************************************************************************/
 232:.\Generated_Source\PSoC4/cyfitter_cfg.c **** static void AnalogSetDefault(void);
 233:.\Generated_Source\PSoC4/cyfitter_cfg.c **** static void AnalogSetDefault(void)
 234:.\Generated_Source\PSoC4/cyfitter_cfg.c **** {
 235:.\Generated_Source\PSoC4/cyfitter_cfg.c **** 	CY_SET_XTND_REG32((void CYFAR *)CYREG_SAR_MUX_SWITCH0, 0x000B0000u);
 236:.\Generated_Source\PSoC4/cyfitter_cfg.c **** 	CY_SET_XTND_REG32((void CYFAR *)CYREG_SAR_MUX_SWITCH_HW_CTRL, 0x000B0000u);
 237:.\Generated_Source\PSoC4/cyfitter_cfg.c **** 	SetAnalogRoutingPumps(1);
 238:.\Generated_Source\PSoC4/cyfitter_cfg.c **** }
 239:.\Generated_Source\PSoC4/cyfitter_cfg.c **** 
 240:.\Generated_Source\PSoC4/cyfitter_cfg.c **** 
 241:.\Generated_Source\PSoC4/cyfitter_cfg.c **** /*******************************************************************************
 242:.\Generated_Source\PSoC4/cyfitter_cfg.c **** * Function Name: SetAnalogRoutingPumps
 243:.\Generated_Source\PSoC4/cyfitter_cfg.c **** ********************************************************************************
 244:.\Generated_Source\PSoC4/cyfitter_cfg.c **** *
 245:.\Generated_Source\PSoC4/cyfitter_cfg.c **** * Summary:
 246:.\Generated_Source\PSoC4/cyfitter_cfg.c **** * Enables or disables the analog pumps feeding analog routing switches.
ARM GAS  C:\Users\ELISHA~1\AppData\Local\Temp\ccUdYCCF.s 			page 9


 247:.\Generated_Source\PSoC4/cyfitter_cfg.c **** * Intended to be called at startup, based on the Vdda system configuration;
 248:.\Generated_Source\PSoC4/cyfitter_cfg.c **** * may be called during operation when the user informs us that the Vdda voltage crossed the pump th
 249:.\Generated_Source\PSoC4/cyfitter_cfg.c **** *
 250:.\Generated_Source\PSoC4/cyfitter_cfg.c **** * Parameters:
 251:.\Generated_Source\PSoC4/cyfitter_cfg.c **** *  enabled - 1 to enable the pumps, 0 to disable the pumps
 252:.\Generated_Source\PSoC4/cyfitter_cfg.c **** *
 253:.\Generated_Source\PSoC4/cyfitter_cfg.c **** * Return:
 254:.\Generated_Source\PSoC4/cyfitter_cfg.c **** *  void
 255:.\Generated_Source\PSoC4/cyfitter_cfg.c **** *
 256:.\Generated_Source\PSoC4/cyfitter_cfg.c **** *******************************************************************************/
 257:.\Generated_Source\PSoC4/cyfitter_cfg.c **** void SetAnalogRoutingPumps(uint8 enabled)
 258:.\Generated_Source\PSoC4/cyfitter_cfg.c **** {
 205              		.loc 1 258 0
 206              		.cfi_startproc
 207              	.LVL18:
 259:.\Generated_Source\PSoC4/cyfitter_cfg.c **** 	uint32 regValue = CY_GET_XTND_REG32((void *)(CYREG_SAR_PUMP_CTRL));
 208              		.loc 1 259 0
 209 0000 064B     		ldr	r3, .L13
 210 0002 1B68     		ldr	r3, [r3]
 211              	.LVL19:
 260:.\Generated_Source\PSoC4/cyfitter_cfg.c **** 	if (enabled != 0u)
 212              		.loc 1 260 0
 213 0004 0028     		cmp	r0, #0
 214 0006 03D0     		beq	.L11
 261:.\Generated_Source\PSoC4/cyfitter_cfg.c **** 	{
 262:.\Generated_Source\PSoC4/cyfitter_cfg.c **** 		regValue |= 0x80000000u;
 215              		.loc 1 262 0
 216 0008 8022     		mov	r2, #128
 217 000a 1206     		lsl	r2, r2, #24
 218 000c 1343     		orr	r3, r2
 219              	.LVL20:
 220 000e 01E0     		b	.L12
 221              	.L11:
 263:.\Generated_Source\PSoC4/cyfitter_cfg.c **** 	}
 264:.\Generated_Source\PSoC4/cyfitter_cfg.c **** 	else
 265:.\Generated_Source\PSoC4/cyfitter_cfg.c **** 	{
 266:.\Generated_Source\PSoC4/cyfitter_cfg.c **** 		regValue &= ~0x80000000u;
 222              		.loc 1 266 0
 223 0010 5B00     		lsl	r3, r3, #1
 224              	.LVL21:
 225 0012 5B08     		lsr	r3, r3, #1
 226              	.LVL22:
 227              	.L12:
 267:.\Generated_Source\PSoC4/cyfitter_cfg.c **** 	}
 268:.\Generated_Source\PSoC4/cyfitter_cfg.c **** 	CY_SET_XTND_REG32((void *)(CYREG_SAR_PUMP_CTRL), regValue);
 228              		.loc 1 268 0
 229 0014 014A     		ldr	r2, .L13
 230 0016 1360     		str	r3, [r2]
 269:.\Generated_Source\PSoC4/cyfitter_cfg.c **** }
 231              		.loc 1 269 0
 232              		@ sp needed
 233 0018 7047     		bx	lr
 234              	.L14:
 235 001a C046     		.align	2
 236              	.L13:
 237 001c 80031A40 		.word	1075446656
 238              		.cfi_endproc
ARM GAS  C:\Users\ELISHA~1\AppData\Local\Temp\ccUdYCCF.s 			page 10


 239              	.LFE6:
 240              		.size	SetAnalogRoutingPumps, .-SetAnalogRoutingPumps
 241              		.section	.text.AnalogSetDefault,"ax",%progbits
 242              		.align	2
 243              		.code	16
 244              		.thumb_func
 245              		.type	AnalogSetDefault, %function
 246              	AnalogSetDefault:
 247              	.LFB5:
 234:.\Generated_Source\PSoC4/cyfitter_cfg.c **** 	CY_SET_XTND_REG32((void CYFAR *)CYREG_SAR_MUX_SWITCH0, 0x000B0000u);
 248              		.loc 1 234 0
 249              		.cfi_startproc
 250 0000 08B5     		push	{r3, lr}
 251              		.cfi_def_cfa_offset 8
 252              		.cfi_offset 3, -8
 253              		.cfi_offset 14, -4
 235:.\Generated_Source\PSoC4/cyfitter_cfg.c **** 	CY_SET_XTND_REG32((void CYFAR *)CYREG_SAR_MUX_SWITCH_HW_CTRL, 0x000B0000u);
 254              		.loc 1 235 0
 255 0002 B023     		mov	r3, #176
 256 0004 1B03     		lsl	r3, r3, #12
 257 0006 044A     		ldr	r2, .L16
 258 0008 1360     		str	r3, [r2]
 236:.\Generated_Source\PSoC4/cyfitter_cfg.c **** 	SetAnalogRoutingPumps(1);
 259              		.loc 1 236 0
 260 000a 044A     		ldr	r2, .L16+4
 261 000c 1360     		str	r3, [r2]
 237:.\Generated_Source\PSoC4/cyfitter_cfg.c **** }
 262              		.loc 1 237 0
 263 000e 0120     		mov	r0, #1
 264 0010 FFF7FEFF 		bl	SetAnalogRoutingPumps
 265              	.LVL23:
 238:.\Generated_Source\PSoC4/cyfitter_cfg.c **** 
 266              		.loc 1 238 0
 267              		@ sp needed
 268 0014 08BD     		pop	{r3, pc}
 269              	.L17:
 270 0016 C046     		.align	2
 271              	.L16:
 272 0018 00031A40 		.word	1075446528
 273 001c 40031A40 		.word	1075446592
 274              		.cfi_endproc
 275              	.LFE5:
 276              		.size	AnalogSetDefault, .-AnalogSetDefault
 277              		.section	.psocinit
 278              		.align	2
 279              		.global	cyfitter_cfg
 280              		.code	16
 281              		.thumb_func
 282              		.type	cyfitter_cfg, %function
 283              	cyfitter_cfg:
 284              	.LFB7:
 270:.\Generated_Source\PSoC4/cyfitter_cfg.c **** 
 271:.\Generated_Source\PSoC4/cyfitter_cfg.c **** #define CY_AMUX_UNUSED CYREG_CM0_ROM_DWT
 272:.\Generated_Source\PSoC4/cyfitter_cfg.c **** 
 273:.\Generated_Source\PSoC4/cyfitter_cfg.c **** 
 274:.\Generated_Source\PSoC4/cyfitter_cfg.c **** /*******************************************************************************
 275:.\Generated_Source\PSoC4/cyfitter_cfg.c **** * Function Name: cyfitter_cfg
ARM GAS  C:\Users\ELISHA~1\AppData\Local\Temp\ccUdYCCF.s 			page 11


 276:.\Generated_Source\PSoC4/cyfitter_cfg.c **** ********************************************************************************
 277:.\Generated_Source\PSoC4/cyfitter_cfg.c **** * Summary:
 278:.\Generated_Source\PSoC4/cyfitter_cfg.c **** *  This function is called by the start-up code for the selected device. It
 279:.\Generated_Source\PSoC4/cyfitter_cfg.c **** *  performs all of the necessary device configuration based on the design
 280:.\Generated_Source\PSoC4/cyfitter_cfg.c **** *  settings.  This includes settings from the Design Wide Resources (DWR) such
 281:.\Generated_Source\PSoC4/cyfitter_cfg.c **** *  as Clocks and Pins as well as any component configuration that is necessary.
 282:.\Generated_Source\PSoC4/cyfitter_cfg.c **** *
 283:.\Generated_Source\PSoC4/cyfitter_cfg.c **** * Parameters:  
 284:.\Generated_Source\PSoC4/cyfitter_cfg.c **** *   void
 285:.\Generated_Source\PSoC4/cyfitter_cfg.c **** *
 286:.\Generated_Source\PSoC4/cyfitter_cfg.c **** * Return:
 287:.\Generated_Source\PSoC4/cyfitter_cfg.c **** *   void
 288:.\Generated_Source\PSoC4/cyfitter_cfg.c **** *
 289:.\Generated_Source\PSoC4/cyfitter_cfg.c **** *******************************************************************************/
 290:.\Generated_Source\PSoC4/cyfitter_cfg.c **** CY_CFG_SECTION
 291:.\Generated_Source\PSoC4/cyfitter_cfg.c **** void cyfitter_cfg(void)
 292:.\Generated_Source\PSoC4/cyfitter_cfg.c **** {
 285              		.loc 1 292 0
 286              		.cfi_startproc
 287 0074 10B5     		push	{r4, lr}
 288              		.cfi_def_cfa_offset 8
 289              		.cfi_offset 4, -8
 290              		.cfi_offset 14, -4
 293:.\Generated_Source\PSoC4/cyfitter_cfg.c **** 	/* Disable interrupts by default. Let user enable if/when they want. */
 294:.\Generated_Source\PSoC4/cyfitter_cfg.c **** 	CyGlobalIntDisable;
 291              		.loc 1 294 0
 292              	@ 294 ".\Generated_Source\PSoC4\cyfitter_cfg.c" 1
 293 0076 72B6     		CPSID   i
 294              	@ 0 "" 2
 295              	.LVL24:
 296              		.code	16
 297              	.LBB3:
 295:.\Generated_Source\PSoC4/cyfitter_cfg.c **** 
 296:.\Generated_Source\PSoC4/cyfitter_cfg.c **** 	{
 297:.\Generated_Source\PSoC4/cyfitter_cfg.c **** 		static const uint32 CYCODE cy_cfg_addr_table[] = {
 298:.\Generated_Source\PSoC4/cyfitter_cfg.c **** 			0x400F3004u, /* Base address: 0x400F3000 Count: 4 */
 299:.\Generated_Source\PSoC4/cyfitter_cfg.c **** 			0x400F3102u, /* Base address: 0x400F3100 Count: 2 */
 300:.\Generated_Source\PSoC4/cyfitter_cfg.c **** 			0x400F4004u, /* Base address: 0x400F4000 Count: 4 */
 301:.\Generated_Source\PSoC4/cyfitter_cfg.c **** 		};
 302:.\Generated_Source\PSoC4/cyfitter_cfg.c **** 
 303:.\Generated_Source\PSoC4/cyfitter_cfg.c **** 		static const cy_cfg_addrvalue_t CYCODE cy_cfg_data_table[] = {
 304:.\Generated_Source\PSoC4/cyfitter_cfg.c **** 			{0x30u, 0x01u},
 305:.\Generated_Source\PSoC4/cyfitter_cfg.c **** 			{0x3Eu, 0x01u},
 306:.\Generated_Source\PSoC4/cyfitter_cfg.c **** 			{0x58u, 0x04u},
 307:.\Generated_Source\PSoC4/cyfitter_cfg.c **** 			{0x5Fu, 0x01u},
 308:.\Generated_Source\PSoC4/cyfitter_cfg.c **** 			{0x1Bu, 0x02u},
 309:.\Generated_Source\PSoC4/cyfitter_cfg.c **** 			{0x87u, 0x02u},
 310:.\Generated_Source\PSoC4/cyfitter_cfg.c **** 			{0x67u, 0x80u},
 311:.\Generated_Source\PSoC4/cyfitter_cfg.c **** 			{0x87u, 0x40u},
 312:.\Generated_Source\PSoC4/cyfitter_cfg.c **** 			{0xD8u, 0x80u},
 313:.\Generated_Source\PSoC4/cyfitter_cfg.c **** 			{0xE2u, 0x10u},
 314:.\Generated_Source\PSoC4/cyfitter_cfg.c **** 		};
 315:.\Generated_Source\PSoC4/cyfitter_cfg.c **** 
 316:.\Generated_Source\PSoC4/cyfitter_cfg.c **** 
 317:.\Generated_Source\PSoC4/cyfitter_cfg.c **** 
 318:.\Generated_Source\PSoC4/cyfitter_cfg.c **** 		CYPACKED typedef struct {
 319:.\Generated_Source\PSoC4/cyfitter_cfg.c **** 			void CYFAR *address;
ARM GAS  C:\Users\ELISHA~1\AppData\Local\Temp\ccUdYCCF.s 			page 12


 320:.\Generated_Source\PSoC4/cyfitter_cfg.c **** 			uint16 size;
 321:.\Generated_Source\PSoC4/cyfitter_cfg.c **** 		} CYPACKED_ATTR cfg_memset_t;
 322:.\Generated_Source\PSoC4/cyfitter_cfg.c **** 
 323:.\Generated_Source\PSoC4/cyfitter_cfg.c **** 		static const cfg_memset_t CYCODE cfg_memset_list [] = {
 324:.\Generated_Source\PSoC4/cyfitter_cfg.c **** 			/* address, size */
 325:.\Generated_Source\PSoC4/cyfitter_cfg.c **** 			{(void CYFAR *)(CYDEV_UDB_P0_U0_BASE), 1024u},
 326:.\Generated_Source\PSoC4/cyfitter_cfg.c **** 			{(void CYFAR *)(CYDEV_UDB_DSI0_BASE), 1024u},
 327:.\Generated_Source\PSoC4/cyfitter_cfg.c **** 		};
 328:.\Generated_Source\PSoC4/cyfitter_cfg.c **** 
 329:.\Generated_Source\PSoC4/cyfitter_cfg.c **** 		uint8 CYDATA i;
 330:.\Generated_Source\PSoC4/cyfitter_cfg.c **** 
 331:.\Generated_Source\PSoC4/cyfitter_cfg.c **** 		/* Zero out critical memory blocks before beginning configuration */
 332:.\Generated_Source\PSoC4/cyfitter_cfg.c **** 		for (i = 0u; i < (sizeof(cfg_memset_list)/sizeof(cfg_memset_list[0])); i++)
 298              		.loc 1 332 0
 299 0078 0024     		mov	r4, #0
 300 007a 10E0     		b	.L19
 301              	.LVL25:
 302              	.L20:
 303              	.LBB4:
 333:.\Generated_Source\PSoC4/cyfitter_cfg.c **** 		{
 334:.\Generated_Source\PSoC4/cyfitter_cfg.c **** 			const cfg_memset_t CYCODE * CYDATA ms = &cfg_memset_list[i];
 335:.\Generated_Source\PSoC4/cyfitter_cfg.c **** 			CYMEMZERO(ms->address, (size_t)(uint32)(ms->size));
 304              		.loc 1 335 0 discriminator 3
 305 007c 2448     		ldr	r0, .L21
 306 007e 6300     		lsl	r3, r4, #1
 307 0080 1A19     		add	r2, r3, r4
 308 0082 5200     		lsl	r2, r2, #1
 309 0084 8218     		add	r2, r0, r2
 310 0086 9188     		ldrh	r1, [r2, #4]
 311 0088 1B19     		add	r3, r3, r4
 312 008a 5B00     		lsl	r3, r3, #1
 313 008c 1A5A     		ldrh	r2, [r3, r0]
 314 008e C318     		add	r3, r0, r3
 315 0090 5888     		ldrh	r0, [r3, #2]
 316 0092 0004     		lsl	r0, r0, #16
 317 0094 1043     		orr	r0, r2
 318 0096 FFF7FEFF 		bl	CYMEMZERO
 319              	.LVL26:
 320              	.LBE4:
 332:.\Generated_Source\PSoC4/cyfitter_cfg.c **** 		{
 321              		.loc 1 332 0 discriminator 3
 322 009a 0134     		add	r4, r4, #1
 323              	.LVL27:
 324 009c E4B2     		uxtb	r4, r4
 325              	.LVL28:
 326              	.L19:
 332:.\Generated_Source\PSoC4/cyfitter_cfg.c **** 		{
 327              		.loc 1 332 0 is_stmt 0 discriminator 1
 328 009e 012C     		cmp	r4, #1
 329 00a0 ECD9     		bls	.L20
 336:.\Generated_Source\PSoC4/cyfitter_cfg.c **** 		}
 337:.\Generated_Source\PSoC4/cyfitter_cfg.c **** 
 338:.\Generated_Source\PSoC4/cyfitter_cfg.c **** 		cfg_write_bytes32(cy_cfg_addr_table, cy_cfg_data_table);
 330              		.loc 1 338 0 is_stmt 1
 331 00a2 1B49     		ldr	r1, .L21
 332 00a4 081C     		mov	r0, r1
 333 00a6 0C30     		add	r0, r0, #12
ARM GAS  C:\Users\ELISHA~1\AppData\Local\Temp\ccUdYCCF.s 			page 13


 334 00a8 1831     		add	r1, r1, #24
 335 00aa FFF7FEFF 		bl	cfg_write_bytes32
 336              	.LVL29:
 339:.\Generated_Source\PSoC4/cyfitter_cfg.c **** 
 340:.\Generated_Source\PSoC4/cyfitter_cfg.c **** 		/* HSIOM Starting address: CYDEV_HSIOM_BASE */
 341:.\Generated_Source\PSoC4/cyfitter_cfg.c **** 		CY_SET_XTND_REG32((void CYFAR *)(CYDEV_HSIOM_BASE), 0x00070000u);
 337              		.loc 1 341 0
 338 00ae E022     		mov	r2, #224
 339 00b0 D202     		lsl	r2, r2, #11
 340 00b2 184B     		ldr	r3, .L21+4
 341 00b4 1A60     		str	r2, [r3]
 342:.\Generated_Source\PSoC4/cyfitter_cfg.c **** 		CY_SET_XTND_REG32((void CYFAR *)(CYREG_HSIOM_PORT_SEL3), 0x0000EE00u);
 342              		.loc 1 342 0
 343 00b6 EE22     		mov	r2, #238
 344 00b8 1202     		lsl	r2, r2, #8
 345 00ba 174B     		ldr	r3, .L21+8
 346 00bc 1A60     		str	r2, [r3]
 343:.\Generated_Source\PSoC4/cyfitter_cfg.c **** 
 344:.\Generated_Source\PSoC4/cyfitter_cfg.c **** 		/* UDB_PA_0 Starting address: CYDEV_UDB_PA0_BASE */
 345:.\Generated_Source\PSoC4/cyfitter_cfg.c **** 		CY_SET_XTND_REG32((void CYFAR *)(CYDEV_UDB_PA0_BASE), 0x00990000u);
 347              		.loc 1 345 0
 348 00be 9923     		mov	r3, #153
 349 00c0 1B04     		lsl	r3, r3, #16
 350 00c2 164A     		ldr	r2, .L21+12
 351 00c4 1360     		str	r3, [r2]
 346:.\Generated_Source\PSoC4/cyfitter_cfg.c **** 		CY_SET_XTND_REG32((void CYFAR *)(CYREG_UDB_PA0_CFG8), 0x03000000u);
 352              		.loc 1 346 0
 353 00c6 C021     		mov	r1, #192
 354 00c8 8904     		lsl	r1, r1, #18
 355 00ca 154A     		ldr	r2, .L21+16
 356 00cc 1160     		str	r1, [r2]
 347:.\Generated_Source\PSoC4/cyfitter_cfg.c **** 
 348:.\Generated_Source\PSoC4/cyfitter_cfg.c **** 		/* UDB_PA_3 Starting address: CYDEV_UDB_PA3_BASE */
 349:.\Generated_Source\PSoC4/cyfitter_cfg.c **** 		CY_SET_XTND_REG32((void CYFAR *)(CYDEV_UDB_PA3_BASE), 0x00990000u);
 357              		.loc 1 349 0
 358 00ce 154A     		ldr	r2, .L21+20
 359 00d0 1360     		str	r3, [r2]
 350:.\Generated_Source\PSoC4/cyfitter_cfg.c **** 
 351:.\Generated_Source\PSoC4/cyfitter_cfg.c **** 		/* Enable digital routing */
 352:.\Generated_Source\PSoC4/cyfitter_cfg.c **** 		CY_SET_XTND_REG8((void *)CYREG_UDB_UDBIF_BANK_CTL, CY_GET_XTND_REG8((void *)CYREG_UDB_UDBIF_BANK_
 360              		.loc 1 352 0
 361 00d2 154B     		ldr	r3, .L21+24
 362 00d4 1978     		ldrb	r1, [r3]
 363 00d6 0222     		mov	r2, #2
 364 00d8 0A43     		orr	r2, r1
 365 00da 1A70     		strb	r2, [r3]
 353:.\Generated_Source\PSoC4/cyfitter_cfg.c **** 
 354:.\Generated_Source\PSoC4/cyfitter_cfg.c **** 		/* Enable UDB array */
 355:.\Generated_Source\PSoC4/cyfitter_cfg.c **** 		CY_SET_XTND_REG8((void *)CYREG_UDB_UDBIF_WAIT_CFG, (uint8)((CY_GET_XTND_REG8((void *)CYREG_UDB_UD
 366              		.loc 1 355 0
 367 00dc 1348     		ldr	r0, .L21+28
 368 00de 0278     		ldrb	r2, [r0]
 369 00e0 3C21     		mov	r1, #60
 370 00e2 8A43     		bic	r2, r1
 371 00e4 2839     		sub	r1, r1, #40
 372 00e6 0A43     		orr	r2, r1
 373 00e8 0270     		strb	r2, [r0]
ARM GAS  C:\Users\ELISHA~1\AppData\Local\Temp\ccUdYCCF.s 			page 14


 356:.\Generated_Source\PSoC4/cyfitter_cfg.c **** 		CY_SET_XTND_REG8((void *)CYREG_UDB_UDBIF_BANK_CTL, (uint8)(CY_GET_XTND_REG8((void *)CYREG_UDB_UDB
 374              		.loc 1 356 0
 375 00ea 1978     		ldrb	r1, [r3]
 376 00ec 1622     		mov	r2, #22
 377 00ee 0A43     		orr	r2, r1
 378 00f0 1A70     		strb	r2, [r3]
 379              	.LBE3:
 357:.\Generated_Source\PSoC4/cyfitter_cfg.c **** 	}
 358:.\Generated_Source\PSoC4/cyfitter_cfg.c **** 
 359:.\Generated_Source\PSoC4/cyfitter_cfg.c **** 	/* Perform second pass device configuration. These items must be configured in specific order afte
 360:.\Generated_Source\PSoC4/cyfitter_cfg.c **** 	/* IOPINS0_0 Starting address: CYDEV_PRT0_BASE */
 361:.\Generated_Source\PSoC4/cyfitter_cfg.c **** 	CY_SET_XTND_REG32((void CYFAR *)(CYDEV_PRT0_BASE), 0x00000010u);
 380              		.loc 1 361 0
 381 00f2 1023     		mov	r3, #16
 382 00f4 0E4A     		ldr	r2, .L21+32
 383 00f6 1360     		str	r3, [r2]
 362:.\Generated_Source\PSoC4/cyfitter_cfg.c **** 	CY_SET_XTND_REG32((void CYFAR *)(CYREG_PRT0_PC2), 0x00000010u);
 384              		.loc 1 362 0
 385 00f8 0E4A     		ldr	r2, .L21+36
 386 00fa 1360     		str	r3, [r2]
 363:.\Generated_Source\PSoC4/cyfitter_cfg.c **** 
 364:.\Generated_Source\PSoC4/cyfitter_cfg.c **** 	/* IOPINS0_3 Starting address: CYDEV_PRT3_BASE */
 365:.\Generated_Source\PSoC4/cyfitter_cfg.c **** 	CY_SET_XTND_REG32((void CYFAR *)(CYREG_PRT3_PC), 0x00000D80u);
 387              		.loc 1 365 0
 388 00fc D822     		mov	r2, #216
 389 00fe 1201     		lsl	r2, r2, #4
 390 0100 0D4B     		ldr	r3, .L21+40
 391 0102 1A60     		str	r2, [r3]
 366:.\Generated_Source\PSoC4/cyfitter_cfg.c **** 
 367:.\Generated_Source\PSoC4/cyfitter_cfg.c **** 	/* Setup clocks based on selections from Clock DWR */
 368:.\Generated_Source\PSoC4/cyfitter_cfg.c **** 	ClockSetup();
 392              		.loc 1 368 0
 393 0104 FFF77CFF 		bl	ClockSetup
 394              	.LVL30:
 369:.\Generated_Source\PSoC4/cyfitter_cfg.c **** 
 370:.\Generated_Source\PSoC4/cyfitter_cfg.c **** 	/* Perform basic analog initialization to defaults */
 371:.\Generated_Source\PSoC4/cyfitter_cfg.c **** 	AnalogSetDefault();
 395              		.loc 1 371 0
 396 0108 FFF7FEFF 		bl	AnalogSetDefault
 397              	.LVL31:
 372:.\Generated_Source\PSoC4/cyfitter_cfg.c **** 
 373:.\Generated_Source\PSoC4/cyfitter_cfg.c **** }
 398              		.loc 1 373 0
 399              		@ sp needed
 400              	.LVL32:
 401 010c 10BD     		pop	{r4, pc}
 402              	.L22:
 403 010e C046     		.align	2
 404              	.L21:
 405 0110 00000000 		.word	.LANCHOR0
 406 0114 00000140 		.word	1073807360
 407 0118 0C000140 		.word	1073807372
 408 011c 00500F40 		.word	1074745344
 409 0120 08500F40 		.word	1074745352
 410 0124 30500F40 		.word	1074745392
 411 0128 00700F40 		.word	1074753536
 412 012c 01700F40 		.word	1074753537
ARM GAS  C:\Users\ELISHA~1\AppData\Local\Temp\ccUdYCCF.s 			page 15


 413 0130 00000440 		.word	1074003968
 414 0134 18000440 		.word	1074003992
 415 0138 08030440 		.word	1074004744
 416              		.cfi_endproc
 417              	.LFE7:
 418              		.size	cyfitter_cfg, .-cyfitter_cfg
 419              		.section	.rodata
 420              		.align	2
 421              		.set	.LANCHOR0,. + 0
 422              		.type	cfg_memset_list.4743, %object
 423              		.size	cfg_memset_list.4743, 12
 424              	cfg_memset_list.4743:
 425 0000 00300F40 		.word	1074737152
 426 0004 0004     		.short	1024
 427 0006 00400F40 		.4byte	1074741248
 428 000a 0004     		.short	1024
 429              		.type	cy_cfg_addr_table.4737, %object
 430              		.size	cy_cfg_addr_table.4737, 12
 431              	cy_cfg_addr_table.4737:
 432 000c 04300F40 		.word	1074737156
 433 0010 02310F40 		.word	1074737410
 434 0014 04400F40 		.word	1074741252
 435              		.type	cy_cfg_data_table.4738, %object
 436              		.size	cy_cfg_data_table.4738, 20
 437              	cy_cfg_data_table.4738:
 438 0018 30       		.byte	48
 439 0019 01       		.byte	1
 440 001a 3E       		.byte	62
 441 001b 01       		.byte	1
 442 001c 58       		.byte	88
 443 001d 04       		.byte	4
 444 001e 5F       		.byte	95
 445 001f 01       		.byte	1
 446 0020 1B       		.byte	27
 447 0021 02       		.byte	2
 448 0022 87       		.byte	-121
 449 0023 02       		.byte	2
 450 0024 67       		.byte	103
 451 0025 80       		.byte	-128
 452 0026 87       		.byte	-121
 453 0027 40       		.byte	64
 454 0028 D8       		.byte	-40
 455 0029 80       		.byte	-128
 456 002a E2       		.byte	-30
 457 002b 10       		.byte	16
 458              		.text
 459              	.Letext0:
 460              		.file 2 "c:\\program files (x86)\\cypress\\psoc creator\\3.3\\psoc creator\\import\\gnu\\arm\\4.9.
 461              		.file 3 ".\\Generated_Source\\PSoC4\\cytypes.h"
 462              		.file 4 ".\\Generated_Source\\PSoC4\\CyLib.h"
 463              		.section	.debug_info,"",%progbits
 464              	.Ldebug_info0:
 465 0000 19040000 		.4byte	0x419
 466 0004 0400     		.2byte	0x4
 467 0006 00000000 		.4byte	.Ldebug_abbrev0
 468 000a 04       		.byte	0x4
 469 000b 01       		.uleb128 0x1
ARM GAS  C:\Users\ELISHA~1\AppData\Local\Temp\ccUdYCCF.s 			page 16


 470 000c 14020000 		.4byte	.LASF43
 471 0010 01       		.byte	0x1
 472 0011 D9010000 		.4byte	.LASF44
 473 0015 31010000 		.4byte	.LASF45
 474 0019 00000000 		.4byte	.Ldebug_ranges0+0
 475 001d 00000000 		.4byte	0
 476 0021 00000000 		.4byte	.Ldebug_line0
 477 0025 02       		.uleb128 0x2
 478 0026 04       		.byte	0x4
 479 0027 05       		.byte	0x5
 480 0028 696E7400 		.ascii	"int\000"
 481 002c 03       		.uleb128 0x3
 482 002d 06000000 		.4byte	.LASF11
 483 0031 02       		.byte	0x2
 484 0032 D4       		.byte	0xd4
 485 0033 37000000 		.4byte	0x37
 486 0037 04       		.uleb128 0x4
 487 0038 04       		.byte	0x4
 488 0039 07       		.byte	0x7
 489 003a 74010000 		.4byte	.LASF0
 490 003e 04       		.uleb128 0x4
 491 003f 01       		.byte	0x1
 492 0040 06       		.byte	0x6
 493 0041 D9020000 		.4byte	.LASF1
 494 0045 04       		.uleb128 0x4
 495 0046 01       		.byte	0x1
 496 0047 08       		.byte	0x8
 497 0048 D3000000 		.4byte	.LASF2
 498 004c 04       		.uleb128 0x4
 499 004d 02       		.byte	0x2
 500 004e 05       		.byte	0x5
 501 004f B1020000 		.4byte	.LASF3
 502 0053 04       		.uleb128 0x4
 503 0054 02       		.byte	0x2
 504 0055 07       		.byte	0x7
 505 0056 E5020000 		.4byte	.LASF4
 506 005a 04       		.uleb128 0x4
 507 005b 04       		.byte	0x4
 508 005c 05       		.byte	0x5
 509 005d D0020000 		.4byte	.LASF5
 510 0061 04       		.uleb128 0x4
 511 0062 04       		.byte	0x4
 512 0063 07       		.byte	0x7
 513 0064 9B000000 		.4byte	.LASF6
 514 0068 04       		.uleb128 0x4
 515 0069 08       		.byte	0x8
 516 006a 05       		.byte	0x5
 517 006b 01020000 		.4byte	.LASF7
 518 006f 04       		.uleb128 0x4
 519 0070 08       		.byte	0x8
 520 0071 07       		.byte	0x7
 521 0072 96010000 		.4byte	.LASF8
 522 0076 04       		.uleb128 0x4
 523 0077 04       		.byte	0x4
 524 0078 07       		.byte	0x7
 525 0079 D0010000 		.4byte	.LASF9
 526 007d 05       		.uleb128 0x5
ARM GAS  C:\Users\ELISHA~1\AppData\Local\Temp\ccUdYCCF.s 			page 17


 527 007e 04       		.byte	0x4
 528 007f 06       		.uleb128 0x6
 529 0080 04       		.byte	0x4
 530 0081 85000000 		.4byte	0x85
 531 0085 07       		.uleb128 0x7
 532 0086 04       		.uleb128 0x4
 533 0087 01       		.byte	0x1
 534 0088 08       		.byte	0x8
 535 0089 0F020000 		.4byte	.LASF10
 536 008d 03       		.uleb128 0x3
 537 008e AD000000 		.4byte	.LASF12
 538 0092 03       		.byte	0x3
 539 0093 C2       		.byte	0xc2
 540 0094 45000000 		.4byte	0x45
 541 0098 03       		.uleb128 0x3
 542 0099 18010000 		.4byte	.LASF13
 543 009d 03       		.byte	0x3
 544 009e C3       		.byte	0xc3
 545 009f 53000000 		.4byte	0x53
 546 00a3 03       		.uleb128 0x3
 547 00a4 2A010000 		.4byte	.LASF14
 548 00a8 03       		.byte	0x3
 549 00a9 C4       		.byte	0xc4
 550 00aa 61000000 		.4byte	0x61
 551 00ae 04       		.uleb128 0x4
 552 00af 04       		.byte	0x4
 553 00b0 04       		.byte	0x4
 554 00b1 7B000000 		.4byte	.LASF15
 555 00b5 04       		.uleb128 0x4
 556 00b6 08       		.byte	0x8
 557 00b7 04       		.byte	0x4
 558 00b8 E8000000 		.4byte	.LASF16
 559 00bc 08       		.uleb128 0x8
 560 00bd 96000000 		.4byte	.LASF17
 561 00c1 03       		.byte	0x3
 562 00c2 6C01     		.2byte	0x16c
 563 00c4 C8000000 		.4byte	0xc8
 564 00c8 09       		.uleb128 0x9
 565 00c9 8D000000 		.4byte	0x8d
 566 00cd 08       		.uleb128 0x8
 567 00ce 00000000 		.4byte	.LASF18
 568 00d2 03       		.byte	0x3
 569 00d3 6E01     		.2byte	0x16e
 570 00d5 D9000000 		.4byte	0xd9
 571 00d9 09       		.uleb128 0x9
 572 00da A3000000 		.4byte	0xa3
 573 00de 08       		.uleb128 0x8
 574 00df AD010000 		.4byte	.LASF19
 575 00e3 03       		.byte	0x3
 576 00e4 7E01     		.2byte	0x17e
 577 00e6 7F000000 		.4byte	0x7f
 578 00ea 0A       		.uleb128 0xa
 579 00eb 02       		.byte	0x2
 580 00ec 01       		.byte	0x1
 581 00ed 7D       		.byte	0x7d
 582 00ee 0B010000 		.4byte	0x10b
 583 00f2 0B       		.uleb128 0xb
ARM GAS  C:\Users\ELISHA~1\AppData\Local\Temp\ccUdYCCF.s 			page 18


 584 00f3 A2020000 		.4byte	.LASF20
 585 00f7 01       		.byte	0x1
 586 00f8 7F       		.byte	0x7f
 587 00f9 8D000000 		.4byte	0x8d
 588 00fd 00       		.byte	0
 589 00fe 0B       		.uleb128 0xb
 590 00ff 2D000000 		.4byte	.LASF21
 591 0103 01       		.byte	0x1
 592 0104 80       		.byte	0x80
 593 0105 8D000000 		.4byte	0x8d
 594 0109 01       		.byte	0x1
 595 010a 00       		.byte	0
 596 010b 03       		.uleb128 0x3
 597 010c 68000000 		.4byte	.LASF22
 598 0110 01       		.byte	0x1
 599 0111 81       		.byte	0x81
 600 0112 EA000000 		.4byte	0xea
 601 0116 0C       		.uleb128 0xc
 602 0117 EF000000 		.4byte	.LASF27
 603 011b 01       		.byte	0x1
 604 011c 94       		.byte	0x94
 605 011d 00000000 		.4byte	.LFB3
 606 0121 32000000 		.4byte	.LFE3-.LFB3
 607 0125 01       		.uleb128 0x1
 608 0126 9C       		.byte	0x9c
 609 0127 88010000 		.4byte	0x188
 610 012b 0D       		.uleb128 0xd
 611 012c 0D010000 		.4byte	.LASF23
 612 0130 01       		.byte	0x1
 613 0131 94       		.byte	0x94
 614 0132 88010000 		.4byte	0x188
 615 0136 01       		.uleb128 0x1
 616 0137 50       		.byte	0x50
 617 0138 0D       		.uleb128 0xd
 618 0139 1F010000 		.4byte	.LASF24
 619 013d 01       		.byte	0x1
 620 013e 94       		.byte	0x94
 621 013f 93010000 		.4byte	0x193
 622 0143 01       		.uleb128 0x1
 623 0144 51       		.byte	0x51
 624 0145 0E       		.uleb128 0xe
 625 0146 6900     		.ascii	"i\000"
 626 0148 01       		.byte	0x1
 627 0149 97       		.byte	0x97
 628 014a A3000000 		.4byte	0xa3
 629 014e 00000000 		.4byte	.LLST0
 630 0152 0E       		.uleb128 0xe
 631 0153 6A00     		.ascii	"j\000"
 632 0155 01       		.byte	0x1
 633 0156 97       		.byte	0x97
 634 0157 A3000000 		.4byte	0xa3
 635 015b 1F000000 		.4byte	.LLST1
 636 015f 0F       		.uleb128 0xf
 637 0160 08000000 		.4byte	.LBB2
 638 0164 22000000 		.4byte	.LBE2-.LBB2
 639 0168 10       		.uleb128 0x10
 640 0169 C7010000 		.4byte	.LASF25
ARM GAS  C:\Users\ELISHA~1\AppData\Local\Temp\ccUdYCCF.s 			page 19


 641 016d 01       		.byte	0x1
 642 016e 9A       		.byte	0x9a
 643 016f A3000000 		.4byte	0xa3
 644 0173 3E000000 		.4byte	.LLST2
 645 0177 10       		.uleb128 0x10
 646 0178 33000000 		.4byte	.LASF26
 647 017c 01       		.byte	0x1
 648 017d 9B       		.byte	0x9b
 649 017e 8D000000 		.4byte	0x8d
 650 0182 51000000 		.4byte	.LLST3
 651 0186 00       		.byte	0
 652 0187 00       		.byte	0
 653 0188 06       		.uleb128 0x6
 654 0189 04       		.byte	0x4
 655 018a 8E010000 		.4byte	0x18e
 656 018e 11       		.uleb128 0x11
 657 018f A3000000 		.4byte	0xa3
 658 0193 06       		.uleb128 0x6
 659 0194 04       		.byte	0x4
 660 0195 99010000 		.4byte	0x199
 661 0199 11       		.uleb128 0x11
 662 019a 0B010000 		.4byte	0x10b
 663 019e 0C       		.uleb128 0xc
 664 019f B3000000 		.4byte	.LASF28
 665 01a3 01       		.byte	0x1
 666 01a4 3B       		.byte	0x3b
 667 01a5 00000000 		.4byte	.LFB0
 668 01a9 0C000000 		.4byte	.LFE0-.LFB0
 669 01ad 01       		.uleb128 0x1
 670 01ae 9C       		.byte	0x9c
 671 01af EB010000 		.4byte	0x1eb
 672 01b3 12       		.uleb128 0x12
 673 01b4 7300     		.ascii	"s\000"
 674 01b6 01       		.byte	0x1
 675 01b7 3B       		.byte	0x3b
 676 01b8 7D000000 		.4byte	0x7d
 677 01bc 6F000000 		.4byte	.LLST4
 678 01c0 12       		.uleb128 0x12
 679 01c1 6E00     		.ascii	"n\000"
 680 01c3 01       		.byte	0x1
 681 01c4 3B       		.byte	0x3b
 682 01c5 2C000000 		.4byte	0x2c
 683 01c9 90000000 		.4byte	.LLST5
 684 01cd 13       		.uleb128 0x13
 685 01ce 0A000000 		.4byte	.LVL14
 686 01d2 C7030000 		.4byte	0x3c7
 687 01d6 14       		.uleb128 0x14
 688 01d7 01       		.uleb128 0x1
 689 01d8 52       		.byte	0x52
 690 01d9 03       		.uleb128 0x3
 691 01da F3       		.byte	0xf3
 692 01db 01       		.uleb128 0x1
 693 01dc 51       		.byte	0x51
 694 01dd 14       		.uleb128 0x14
 695 01de 01       		.uleb128 0x1
 696 01df 51       		.byte	0x51
 697 01e0 01       		.uleb128 0x1
ARM GAS  C:\Users\ELISHA~1\AppData\Local\Temp\ccUdYCCF.s 			page 20


 698 01e1 30       		.byte	0x30
 699 01e2 14       		.uleb128 0x14
 700 01e3 01       		.uleb128 0x1
 701 01e4 50       		.byte	0x50
 702 01e5 03       		.uleb128 0x3
 703 01e6 F3       		.byte	0xf3
 704 01e7 01       		.uleb128 0x1
 705 01e8 50       		.byte	0x50
 706 01e9 00       		.byte	0
 707 01ea 00       		.byte	0
 708 01eb 0C       		.uleb128 0xc
 709 01ec 39000000 		.4byte	.LASF29
 710 01f0 01       		.byte	0x1
 711 01f1 B9       		.byte	0xb9
 712 01f2 00000000 		.4byte	.LFB4
 713 01f6 74000000 		.4byte	.LFE4-.LFB4
 714 01fa 01       		.uleb128 0x1
 715 01fb 9C       		.byte	0x9c
 716 01fc 36020000 		.4byte	0x236
 717 0200 15       		.uleb128 0x15
 718 0201 14000000 		.4byte	.LVL15
 719 0205 E4030000 		.4byte	0x3e4
 720 0209 13020000 		.4byte	0x213
 721 020d 14       		.uleb128 0x14
 722 020e 01       		.uleb128 0x1
 723 020f 50       		.byte	0x50
 724 0210 01       		.uleb128 0x1
 725 0211 48       		.byte	0x48
 726 0212 00       		.byte	0
 727 0213 15       		.uleb128 0x15
 728 0214 3E000000 		.4byte	.LVL16
 729 0218 F5030000 		.4byte	0x3f5
 730 021c 26020000 		.4byte	0x226
 731 0220 14       		.uleb128 0x14
 732 0221 01       		.uleb128 0x1
 733 0222 50       		.byte	0x50
 734 0223 01       		.uleb128 0x1
 735 0224 39       		.byte	0x39
 736 0225 00       		.byte	0
 737 0226 13       		.uleb128 0x13
 738 0227 44000000 		.4byte	.LVL17
 739 022b 0F040000 		.4byte	0x40f
 740 022f 14       		.uleb128 0x14
 741 0230 01       		.uleb128 0x1
 742 0231 50       		.byte	0x50
 743 0232 01       		.uleb128 0x1
 744 0233 39       		.byte	0x39
 745 0234 00       		.byte	0
 746 0235 00       		.byte	0
 747 0236 16       		.uleb128 0x16
 748 0237 BD000000 		.4byte	.LASF33
 749 023b 01       		.byte	0x1
 750 023c 0101     		.2byte	0x101
 751 023e 00000000 		.4byte	.LFB6
 752 0242 20000000 		.4byte	.LFE6-.LFB6
 753 0246 01       		.uleb128 0x1
 754 0247 9C       		.byte	0x9c
ARM GAS  C:\Users\ELISHA~1\AppData\Local\Temp\ccUdYCCF.s 			page 21


 755 0248 6B020000 		.4byte	0x26b
 756 024c 17       		.uleb128 0x17
 757 024d A9020000 		.4byte	.LASF30
 758 0251 01       		.byte	0x1
 759 0252 0101     		.2byte	0x101
 760 0254 8D000000 		.4byte	0x8d
 761 0258 01       		.uleb128 0x1
 762 0259 50       		.byte	0x50
 763 025a 18       		.uleb128 0x18
 764 025b F8020000 		.4byte	.LASF31
 765 025f 01       		.byte	0x1
 766 0260 0301     		.2byte	0x103
 767 0262 A3000000 		.4byte	0xa3
 768 0266 BC000000 		.4byte	.LLST6
 769 026a 00       		.byte	0
 770 026b 0C       		.uleb128 0xc
 771 026c 0D000000 		.4byte	.LASF32
 772 0270 01       		.byte	0x1
 773 0271 E9       		.byte	0xe9
 774 0272 00000000 		.4byte	.LFB5
 775 0276 20000000 		.4byte	.LFE5-.LFB5
 776 027a 01       		.uleb128 0x1
 777 027b 9C       		.byte	0x9c
 778 027c 90020000 		.4byte	0x290
 779 0280 13       		.uleb128 0x13
 780 0281 14000000 		.4byte	.LVL23
 781 0285 36020000 		.4byte	0x236
 782 0289 14       		.uleb128 0x14
 783 028a 01       		.uleb128 0x1
 784 028b 50       		.byte	0x50
 785 028c 01       		.uleb128 0x1
 786 028d 31       		.byte	0x31
 787 028e 00       		.byte	0
 788 028f 00       		.byte	0
 789 0290 16       		.uleb128 0x16
 790 0291 81010000 		.4byte	.LASF34
 791 0295 01       		.byte	0x1
 792 0296 2301     		.2byte	0x123
 793 0298 74000000 		.4byte	.LFB7
 794 029c C8000000 		.4byte	.LFE7-.LFB7
 795 02a0 01       		.uleb128 0x1
 796 02a1 9C       		.byte	0x9c
 797 02a2 9D030000 		.4byte	0x39d
 798 02a6 19       		.uleb128 0x19
 799 02a7 78000000 		.4byte	.LBB3
 800 02ab 7A000000 		.4byte	.LBE3-.LBB3
 801 02af 8A030000 		.4byte	0x38a
 802 02b3 1A       		.uleb128 0x1a
 803 02b4 44000000 		.4byte	.LASF35
 804 02b8 01       		.byte	0x1
 805 02b9 2901     		.2byte	0x129
 806 02bb AD030000 		.4byte	0x3ad
 807 02bf 05       		.uleb128 0x5
 808 02c0 03       		.byte	0x3
 809 02c1 0C000000 		.4byte	cy_cfg_addr_table.4737
 810 02c5 1A       		.uleb128 0x1a
 811 02c6 56000000 		.4byte	.LASF36
ARM GAS  C:\Users\ELISHA~1\AppData\Local\Temp\ccUdYCCF.s 			page 22


 812 02ca 01       		.byte	0x1
 813 02cb 2F01     		.2byte	0x12f
 814 02cd C2030000 		.4byte	0x3c2
 815 02d1 05       		.uleb128 0x5
 816 02d2 03       		.byte	0x3
 817 02d3 18000000 		.4byte	cy_cfg_data_table.4738
 818 02d7 1B       		.uleb128 0x1b
 819 02d8 06       		.byte	0x6
 820 02d9 01       		.byte	0x1
 821 02da 3E01     		.2byte	0x13e
 822 02dc FB020000 		.4byte	0x2fb
 823 02e0 1C       		.uleb128 0x1c
 824 02e1 8E010000 		.4byte	.LASF37
 825 02e5 01       		.byte	0x1
 826 02e6 3F01     		.2byte	0x13f
 827 02e8 7D000000 		.4byte	0x7d
 828 02ec 00       		.byte	0
 829 02ed 1C       		.uleb128 0x1c
 830 02ee 91000000 		.4byte	.LASF38
 831 02f2 01       		.byte	0x1
 832 02f3 4001     		.2byte	0x140
 833 02f5 98000000 		.4byte	0x98
 834 02f9 04       		.byte	0x4
 835 02fa 00       		.byte	0
 836 02fb 08       		.uleb128 0x8
 837 02fc BA010000 		.4byte	.LASF39
 838 0300 01       		.byte	0x1
 839 0301 4101     		.2byte	0x141
 840 0303 D7020000 		.4byte	0x2d7
 841 0307 1D       		.uleb128 0x1d
 842 0308 FB020000 		.4byte	0x2fb
 843 030c 17030000 		.4byte	0x317
 844 0310 1E       		.uleb128 0x1e
 845 0311 76000000 		.4byte	0x76
 846 0315 01       		.byte	0x1
 847 0316 00       		.byte	0
 848 0317 1A       		.uleb128 0x1a
 849 0318 81000000 		.4byte	.LASF40
 850 031c 01       		.byte	0x1
 851 031d 4301     		.2byte	0x143
 852 031f 29030000 		.4byte	0x329
 853 0323 05       		.uleb128 0x5
 854 0324 03       		.byte	0x3
 855 0325 00000000 		.4byte	cfg_memset_list.4743
 856 0329 11       		.uleb128 0x11
 857 032a 07030000 		.4byte	0x307
 858 032e 1F       		.uleb128 0x1f
 859 032f 6900     		.ascii	"i\000"
 860 0331 01       		.byte	0x1
 861 0332 4901     		.2byte	0x149
 862 0334 8D000000 		.4byte	0x8d
 863 0338 DA000000 		.4byte	.LLST7
 864 033c 19       		.uleb128 0x19
 865 033d 7C000000 		.4byte	.LBB4
 866 0341 1E000000 		.4byte	.LBE4-.LBB4
 867 0345 6D030000 		.4byte	0x36d
 868 0349 1F       		.uleb128 0x1f
ARM GAS  C:\Users\ELISHA~1\AppData\Local\Temp\ccUdYCCF.s 			page 23


 869 034a 6D7300   		.ascii	"ms\000"
 870 034d 01       		.byte	0x1
 871 034e 4E01     		.2byte	0x14e
 872 0350 58030000 		.4byte	0x358
 873 0354 04010000 		.4byte	.LLST8
 874 0358 06       		.uleb128 0x6
 875 0359 04       		.byte	0x4
 876 035a 5E030000 		.4byte	0x35e
 877 035e 11       		.uleb128 0x11
 878 035f FB020000 		.4byte	0x2fb
 879 0363 20       		.uleb128 0x20
 880 0364 9A000000 		.4byte	.LVL26
 881 0368 9E010000 		.4byte	0x19e
 882 036c 00       		.byte	0
 883 036d 13       		.uleb128 0x13
 884 036e AE000000 		.4byte	.LVL29
 885 0372 16010000 		.4byte	0x116
 886 0376 14       		.uleb128 0x14
 887 0377 01       		.uleb128 0x1
 888 0378 51       		.byte	0x51
 889 0379 05       		.uleb128 0x5
 890 037a 03       		.byte	0x3
 891 037b 18000000 		.4byte	.LANCHOR0+24
 892 037f 14       		.uleb128 0x14
 893 0380 01       		.uleb128 0x1
 894 0381 50       		.byte	0x50
 895 0382 05       		.uleb128 0x5
 896 0383 03       		.byte	0x3
 897 0384 0C000000 		.4byte	.LANCHOR0+12
 898 0388 00       		.byte	0
 899 0389 00       		.byte	0
 900 038a 20       		.uleb128 0x20
 901 038b 08010000 		.4byte	.LVL30
 902 038f EB010000 		.4byte	0x1eb
 903 0393 20       		.uleb128 0x20
 904 0394 0C010000 		.4byte	.LVL31
 905 0398 6B020000 		.4byte	0x26b
 906 039c 00       		.byte	0
 907 039d 1D       		.uleb128 0x1d
 908 039e A3000000 		.4byte	0xa3
 909 03a2 AD030000 		.4byte	0x3ad
 910 03a6 1E       		.uleb128 0x1e
 911 03a7 76000000 		.4byte	0x76
 912 03ab 02       		.byte	0x2
 913 03ac 00       		.byte	0
 914 03ad 11       		.uleb128 0x11
 915 03ae 9D030000 		.4byte	0x39d
 916 03b2 1D       		.uleb128 0x1d
 917 03b3 0B010000 		.4byte	0x10b
 918 03b7 C2030000 		.4byte	0x3c2
 919 03bb 1E       		.uleb128 0x1e
 920 03bc 76000000 		.4byte	0x76
 921 03c0 09       		.byte	0x9
 922 03c1 00       		.byte	0
 923 03c2 11       		.uleb128 0x11
 924 03c3 B2030000 		.4byte	0x3b2
 925 03c7 21       		.uleb128 0x21
ARM GAS  C:\Users\ELISHA~1\AppData\Local\Temp\ccUdYCCF.s 			page 24


 926 03c8 E1000000 		.4byte	.LASF41
 927 03cc 7D000000 		.4byte	0x7d
 928 03d0 E4030000 		.4byte	0x3e4
 929 03d4 22       		.uleb128 0x22
 930 03d5 7D000000 		.4byte	0x7d
 931 03d9 22       		.uleb128 0x22
 932 03da 25000000 		.4byte	0x25
 933 03de 22       		.uleb128 0x22
 934 03df 76000000 		.4byte	0x76
 935 03e3 00       		.byte	0
 936 03e4 23       		.uleb128 0x23
 937 03e5 BB020000 		.4byte	.LASF42
 938 03e9 04       		.byte	0x4
 939 03ea 31       		.byte	0x31
 940 03eb F5030000 		.4byte	0x3f5
 941 03ef 22       		.uleb128 0x22
 942 03f0 A3000000 		.4byte	0xa3
 943 03f4 00       		.byte	0
 944 03f5 24       		.uleb128 0x24
 945 03f6 1E000000 		.4byte	.LASF46
 946 03fa 04       		.byte	0x4
 947 03fb 46       		.byte	0x46
 948 03fc DE000000 		.4byte	0xde
 949 0400 0F040000 		.4byte	0x40f
 950 0404 22       		.uleb128 0x22
 951 0405 8D000000 		.4byte	0x8d
 952 0409 22       		.uleb128 0x22
 953 040a DE000000 		.4byte	0xde
 954 040e 00       		.byte	0
 955 040f 25       		.uleb128 0x25
 956 0410 01010000 		.4byte	.LASF47
 957 0414 04       		.byte	0x4
 958 0415 4C       		.byte	0x4c
 959 0416 22       		.uleb128 0x22
 960 0417 8D000000 		.4byte	0x8d
 961 041b 00       		.byte	0
 962 041c 00       		.byte	0
 963              		.section	.debug_abbrev,"",%progbits
 964              	.Ldebug_abbrev0:
 965 0000 01       		.uleb128 0x1
 966 0001 11       		.uleb128 0x11
 967 0002 01       		.byte	0x1
 968 0003 25       		.uleb128 0x25
 969 0004 0E       		.uleb128 0xe
 970 0005 13       		.uleb128 0x13
 971 0006 0B       		.uleb128 0xb
 972 0007 03       		.uleb128 0x3
 973 0008 0E       		.uleb128 0xe
 974 0009 1B       		.uleb128 0x1b
 975 000a 0E       		.uleb128 0xe
 976 000b 55       		.uleb128 0x55
 977 000c 17       		.uleb128 0x17
 978 000d 11       		.uleb128 0x11
 979 000e 01       		.uleb128 0x1
 980 000f 10       		.uleb128 0x10
 981 0010 17       		.uleb128 0x17
 982 0011 00       		.byte	0
ARM GAS  C:\Users\ELISHA~1\AppData\Local\Temp\ccUdYCCF.s 			page 25


 983 0012 00       		.byte	0
 984 0013 02       		.uleb128 0x2
 985 0014 24       		.uleb128 0x24
 986 0015 00       		.byte	0
 987 0016 0B       		.uleb128 0xb
 988 0017 0B       		.uleb128 0xb
 989 0018 3E       		.uleb128 0x3e
 990 0019 0B       		.uleb128 0xb
 991 001a 03       		.uleb128 0x3
 992 001b 08       		.uleb128 0x8
 993 001c 00       		.byte	0
 994 001d 00       		.byte	0
 995 001e 03       		.uleb128 0x3
 996 001f 16       		.uleb128 0x16
 997 0020 00       		.byte	0
 998 0021 03       		.uleb128 0x3
 999 0022 0E       		.uleb128 0xe
 1000 0023 3A       		.uleb128 0x3a
 1001 0024 0B       		.uleb128 0xb
 1002 0025 3B       		.uleb128 0x3b
 1003 0026 0B       		.uleb128 0xb
 1004 0027 49       		.uleb128 0x49
 1005 0028 13       		.uleb128 0x13
 1006 0029 00       		.byte	0
 1007 002a 00       		.byte	0
 1008 002b 04       		.uleb128 0x4
 1009 002c 24       		.uleb128 0x24
 1010 002d 00       		.byte	0
 1011 002e 0B       		.uleb128 0xb
 1012 002f 0B       		.uleb128 0xb
 1013 0030 3E       		.uleb128 0x3e
 1014 0031 0B       		.uleb128 0xb
 1015 0032 03       		.uleb128 0x3
 1016 0033 0E       		.uleb128 0xe
 1017 0034 00       		.byte	0
 1018 0035 00       		.byte	0
 1019 0036 05       		.uleb128 0x5
 1020 0037 0F       		.uleb128 0xf
 1021 0038 00       		.byte	0
 1022 0039 0B       		.uleb128 0xb
 1023 003a 0B       		.uleb128 0xb
 1024 003b 00       		.byte	0
 1025 003c 00       		.byte	0
 1026 003d 06       		.uleb128 0x6
 1027 003e 0F       		.uleb128 0xf
 1028 003f 00       		.byte	0
 1029 0040 0B       		.uleb128 0xb
 1030 0041 0B       		.uleb128 0xb
 1031 0042 49       		.uleb128 0x49
 1032 0043 13       		.uleb128 0x13
 1033 0044 00       		.byte	0
 1034 0045 00       		.byte	0
 1035 0046 07       		.uleb128 0x7
 1036 0047 15       		.uleb128 0x15
 1037 0048 00       		.byte	0
 1038 0049 27       		.uleb128 0x27
 1039 004a 19       		.uleb128 0x19
ARM GAS  C:\Users\ELISHA~1\AppData\Local\Temp\ccUdYCCF.s 			page 26


 1040 004b 00       		.byte	0
 1041 004c 00       		.byte	0
 1042 004d 08       		.uleb128 0x8
 1043 004e 16       		.uleb128 0x16
 1044 004f 00       		.byte	0
 1045 0050 03       		.uleb128 0x3
 1046 0051 0E       		.uleb128 0xe
 1047 0052 3A       		.uleb128 0x3a
 1048 0053 0B       		.uleb128 0xb
 1049 0054 3B       		.uleb128 0x3b
 1050 0055 05       		.uleb128 0x5
 1051 0056 49       		.uleb128 0x49
 1052 0057 13       		.uleb128 0x13
 1053 0058 00       		.byte	0
 1054 0059 00       		.byte	0
 1055 005a 09       		.uleb128 0x9
 1056 005b 35       		.uleb128 0x35
 1057 005c 00       		.byte	0
 1058 005d 49       		.uleb128 0x49
 1059 005e 13       		.uleb128 0x13
 1060 005f 00       		.byte	0
 1061 0060 00       		.byte	0
 1062 0061 0A       		.uleb128 0xa
 1063 0062 13       		.uleb128 0x13
 1064 0063 01       		.byte	0x1
 1065 0064 0B       		.uleb128 0xb
 1066 0065 0B       		.uleb128 0xb
 1067 0066 3A       		.uleb128 0x3a
 1068 0067 0B       		.uleb128 0xb
 1069 0068 3B       		.uleb128 0x3b
 1070 0069 0B       		.uleb128 0xb
 1071 006a 01       		.uleb128 0x1
 1072 006b 13       		.uleb128 0x13
 1073 006c 00       		.byte	0
 1074 006d 00       		.byte	0
 1075 006e 0B       		.uleb128 0xb
 1076 006f 0D       		.uleb128 0xd
 1077 0070 00       		.byte	0
 1078 0071 03       		.uleb128 0x3
 1079 0072 0E       		.uleb128 0xe
 1080 0073 3A       		.uleb128 0x3a
 1081 0074 0B       		.uleb128 0xb
 1082 0075 3B       		.uleb128 0x3b
 1083 0076 0B       		.uleb128 0xb
 1084 0077 49       		.uleb128 0x49
 1085 0078 13       		.uleb128 0x13
 1086 0079 38       		.uleb128 0x38
 1087 007a 0B       		.uleb128 0xb
 1088 007b 00       		.byte	0
 1089 007c 00       		.byte	0
 1090 007d 0C       		.uleb128 0xc
 1091 007e 2E       		.uleb128 0x2e
 1092 007f 01       		.byte	0x1
 1093 0080 03       		.uleb128 0x3
 1094 0081 0E       		.uleb128 0xe
 1095 0082 3A       		.uleb128 0x3a
 1096 0083 0B       		.uleb128 0xb
ARM GAS  C:\Users\ELISHA~1\AppData\Local\Temp\ccUdYCCF.s 			page 27


 1097 0084 3B       		.uleb128 0x3b
 1098 0085 0B       		.uleb128 0xb
 1099 0086 27       		.uleb128 0x27
 1100 0087 19       		.uleb128 0x19
 1101 0088 11       		.uleb128 0x11
 1102 0089 01       		.uleb128 0x1
 1103 008a 12       		.uleb128 0x12
 1104 008b 06       		.uleb128 0x6
 1105 008c 40       		.uleb128 0x40
 1106 008d 18       		.uleb128 0x18
 1107 008e 9742     		.uleb128 0x2117
 1108 0090 19       		.uleb128 0x19
 1109 0091 01       		.uleb128 0x1
 1110 0092 13       		.uleb128 0x13
 1111 0093 00       		.byte	0
 1112 0094 00       		.byte	0
 1113 0095 0D       		.uleb128 0xd
 1114 0096 05       		.uleb128 0x5
 1115 0097 00       		.byte	0
 1116 0098 03       		.uleb128 0x3
 1117 0099 0E       		.uleb128 0xe
 1118 009a 3A       		.uleb128 0x3a
 1119 009b 0B       		.uleb128 0xb
 1120 009c 3B       		.uleb128 0x3b
 1121 009d 0B       		.uleb128 0xb
 1122 009e 49       		.uleb128 0x49
 1123 009f 13       		.uleb128 0x13
 1124 00a0 02       		.uleb128 0x2
 1125 00a1 18       		.uleb128 0x18
 1126 00a2 00       		.byte	0
 1127 00a3 00       		.byte	0
 1128 00a4 0E       		.uleb128 0xe
 1129 00a5 34       		.uleb128 0x34
 1130 00a6 00       		.byte	0
 1131 00a7 03       		.uleb128 0x3
 1132 00a8 08       		.uleb128 0x8
 1133 00a9 3A       		.uleb128 0x3a
 1134 00aa 0B       		.uleb128 0xb
 1135 00ab 3B       		.uleb128 0x3b
 1136 00ac 0B       		.uleb128 0xb
 1137 00ad 49       		.uleb128 0x49
 1138 00ae 13       		.uleb128 0x13
 1139 00af 02       		.uleb128 0x2
 1140 00b0 17       		.uleb128 0x17
 1141 00b1 00       		.byte	0
 1142 00b2 00       		.byte	0
 1143 00b3 0F       		.uleb128 0xf
 1144 00b4 0B       		.uleb128 0xb
 1145 00b5 01       		.byte	0x1
 1146 00b6 11       		.uleb128 0x11
 1147 00b7 01       		.uleb128 0x1
 1148 00b8 12       		.uleb128 0x12
 1149 00b9 06       		.uleb128 0x6
 1150 00ba 00       		.byte	0
 1151 00bb 00       		.byte	0
 1152 00bc 10       		.uleb128 0x10
 1153 00bd 34       		.uleb128 0x34
ARM GAS  C:\Users\ELISHA~1\AppData\Local\Temp\ccUdYCCF.s 			page 28


 1154 00be 00       		.byte	0
 1155 00bf 03       		.uleb128 0x3
 1156 00c0 0E       		.uleb128 0xe
 1157 00c1 3A       		.uleb128 0x3a
 1158 00c2 0B       		.uleb128 0xb
 1159 00c3 3B       		.uleb128 0x3b
 1160 00c4 0B       		.uleb128 0xb
 1161 00c5 49       		.uleb128 0x49
 1162 00c6 13       		.uleb128 0x13
 1163 00c7 02       		.uleb128 0x2
 1164 00c8 17       		.uleb128 0x17
 1165 00c9 00       		.byte	0
 1166 00ca 00       		.byte	0
 1167 00cb 11       		.uleb128 0x11
 1168 00cc 26       		.uleb128 0x26
 1169 00cd 00       		.byte	0
 1170 00ce 49       		.uleb128 0x49
 1171 00cf 13       		.uleb128 0x13
 1172 00d0 00       		.byte	0
 1173 00d1 00       		.byte	0
 1174 00d2 12       		.uleb128 0x12
 1175 00d3 05       		.uleb128 0x5
 1176 00d4 00       		.byte	0
 1177 00d5 03       		.uleb128 0x3
 1178 00d6 08       		.uleb128 0x8
 1179 00d7 3A       		.uleb128 0x3a
 1180 00d8 0B       		.uleb128 0xb
 1181 00d9 3B       		.uleb128 0x3b
 1182 00da 0B       		.uleb128 0xb
 1183 00db 49       		.uleb128 0x49
 1184 00dc 13       		.uleb128 0x13
 1185 00dd 02       		.uleb128 0x2
 1186 00de 17       		.uleb128 0x17
 1187 00df 00       		.byte	0
 1188 00e0 00       		.byte	0
 1189 00e1 13       		.uleb128 0x13
 1190 00e2 898201   		.uleb128 0x4109
 1191 00e5 01       		.byte	0x1
 1192 00e6 11       		.uleb128 0x11
 1193 00e7 01       		.uleb128 0x1
 1194 00e8 31       		.uleb128 0x31
 1195 00e9 13       		.uleb128 0x13
 1196 00ea 00       		.byte	0
 1197 00eb 00       		.byte	0
 1198 00ec 14       		.uleb128 0x14
 1199 00ed 8A8201   		.uleb128 0x410a
 1200 00f0 00       		.byte	0
 1201 00f1 02       		.uleb128 0x2
 1202 00f2 18       		.uleb128 0x18
 1203 00f3 9142     		.uleb128 0x2111
 1204 00f5 18       		.uleb128 0x18
 1205 00f6 00       		.byte	0
 1206 00f7 00       		.byte	0
 1207 00f8 15       		.uleb128 0x15
 1208 00f9 898201   		.uleb128 0x4109
 1209 00fc 01       		.byte	0x1
 1210 00fd 11       		.uleb128 0x11
ARM GAS  C:\Users\ELISHA~1\AppData\Local\Temp\ccUdYCCF.s 			page 29


 1211 00fe 01       		.uleb128 0x1
 1212 00ff 31       		.uleb128 0x31
 1213 0100 13       		.uleb128 0x13
 1214 0101 01       		.uleb128 0x1
 1215 0102 13       		.uleb128 0x13
 1216 0103 00       		.byte	0
 1217 0104 00       		.byte	0
 1218 0105 16       		.uleb128 0x16
 1219 0106 2E       		.uleb128 0x2e
 1220 0107 01       		.byte	0x1
 1221 0108 3F       		.uleb128 0x3f
 1222 0109 19       		.uleb128 0x19
 1223 010a 03       		.uleb128 0x3
 1224 010b 0E       		.uleb128 0xe
 1225 010c 3A       		.uleb128 0x3a
 1226 010d 0B       		.uleb128 0xb
 1227 010e 3B       		.uleb128 0x3b
 1228 010f 05       		.uleb128 0x5
 1229 0110 27       		.uleb128 0x27
 1230 0111 19       		.uleb128 0x19
 1231 0112 11       		.uleb128 0x11
 1232 0113 01       		.uleb128 0x1
 1233 0114 12       		.uleb128 0x12
 1234 0115 06       		.uleb128 0x6
 1235 0116 40       		.uleb128 0x40
 1236 0117 18       		.uleb128 0x18
 1237 0118 9742     		.uleb128 0x2117
 1238 011a 19       		.uleb128 0x19
 1239 011b 01       		.uleb128 0x1
 1240 011c 13       		.uleb128 0x13
 1241 011d 00       		.byte	0
 1242 011e 00       		.byte	0
 1243 011f 17       		.uleb128 0x17
 1244 0120 05       		.uleb128 0x5
 1245 0121 00       		.byte	0
 1246 0122 03       		.uleb128 0x3
 1247 0123 0E       		.uleb128 0xe
 1248 0124 3A       		.uleb128 0x3a
 1249 0125 0B       		.uleb128 0xb
 1250 0126 3B       		.uleb128 0x3b
 1251 0127 05       		.uleb128 0x5
 1252 0128 49       		.uleb128 0x49
 1253 0129 13       		.uleb128 0x13
 1254 012a 02       		.uleb128 0x2
 1255 012b 18       		.uleb128 0x18
 1256 012c 00       		.byte	0
 1257 012d 00       		.byte	0
 1258 012e 18       		.uleb128 0x18
 1259 012f 34       		.uleb128 0x34
 1260 0130 00       		.byte	0
 1261 0131 03       		.uleb128 0x3
 1262 0132 0E       		.uleb128 0xe
 1263 0133 3A       		.uleb128 0x3a
 1264 0134 0B       		.uleb128 0xb
 1265 0135 3B       		.uleb128 0x3b
 1266 0136 05       		.uleb128 0x5
 1267 0137 49       		.uleb128 0x49
ARM GAS  C:\Users\ELISHA~1\AppData\Local\Temp\ccUdYCCF.s 			page 30


 1268 0138 13       		.uleb128 0x13
 1269 0139 02       		.uleb128 0x2
 1270 013a 17       		.uleb128 0x17
 1271 013b 00       		.byte	0
 1272 013c 00       		.byte	0
 1273 013d 19       		.uleb128 0x19
 1274 013e 0B       		.uleb128 0xb
 1275 013f 01       		.byte	0x1
 1276 0140 11       		.uleb128 0x11
 1277 0141 01       		.uleb128 0x1
 1278 0142 12       		.uleb128 0x12
 1279 0143 06       		.uleb128 0x6
 1280 0144 01       		.uleb128 0x1
 1281 0145 13       		.uleb128 0x13
 1282 0146 00       		.byte	0
 1283 0147 00       		.byte	0
 1284 0148 1A       		.uleb128 0x1a
 1285 0149 34       		.uleb128 0x34
 1286 014a 00       		.byte	0
 1287 014b 03       		.uleb128 0x3
 1288 014c 0E       		.uleb128 0xe
 1289 014d 3A       		.uleb128 0x3a
 1290 014e 0B       		.uleb128 0xb
 1291 014f 3B       		.uleb128 0x3b
 1292 0150 05       		.uleb128 0x5
 1293 0151 49       		.uleb128 0x49
 1294 0152 13       		.uleb128 0x13
 1295 0153 02       		.uleb128 0x2
 1296 0154 18       		.uleb128 0x18
 1297 0155 00       		.byte	0
 1298 0156 00       		.byte	0
 1299 0157 1B       		.uleb128 0x1b
 1300 0158 13       		.uleb128 0x13
 1301 0159 01       		.byte	0x1
 1302 015a 0B       		.uleb128 0xb
 1303 015b 0B       		.uleb128 0xb
 1304 015c 3A       		.uleb128 0x3a
 1305 015d 0B       		.uleb128 0xb
 1306 015e 3B       		.uleb128 0x3b
 1307 015f 05       		.uleb128 0x5
 1308 0160 01       		.uleb128 0x1
 1309 0161 13       		.uleb128 0x13
 1310 0162 00       		.byte	0
 1311 0163 00       		.byte	0
 1312 0164 1C       		.uleb128 0x1c
 1313 0165 0D       		.uleb128 0xd
 1314 0166 00       		.byte	0
 1315 0167 03       		.uleb128 0x3
 1316 0168 0E       		.uleb128 0xe
 1317 0169 3A       		.uleb128 0x3a
 1318 016a 0B       		.uleb128 0xb
 1319 016b 3B       		.uleb128 0x3b
 1320 016c 05       		.uleb128 0x5
 1321 016d 49       		.uleb128 0x49
 1322 016e 13       		.uleb128 0x13
 1323 016f 38       		.uleb128 0x38
 1324 0170 0B       		.uleb128 0xb
ARM GAS  C:\Users\ELISHA~1\AppData\Local\Temp\ccUdYCCF.s 			page 31


 1325 0171 00       		.byte	0
 1326 0172 00       		.byte	0
 1327 0173 1D       		.uleb128 0x1d
 1328 0174 01       		.uleb128 0x1
 1329 0175 01       		.byte	0x1
 1330 0176 49       		.uleb128 0x49
 1331 0177 13       		.uleb128 0x13
 1332 0178 01       		.uleb128 0x1
 1333 0179 13       		.uleb128 0x13
 1334 017a 00       		.byte	0
 1335 017b 00       		.byte	0
 1336 017c 1E       		.uleb128 0x1e
 1337 017d 21       		.uleb128 0x21
 1338 017e 00       		.byte	0
 1339 017f 49       		.uleb128 0x49
 1340 0180 13       		.uleb128 0x13
 1341 0181 2F       		.uleb128 0x2f
 1342 0182 0B       		.uleb128 0xb
 1343 0183 00       		.byte	0
 1344 0184 00       		.byte	0
 1345 0185 1F       		.uleb128 0x1f
 1346 0186 34       		.uleb128 0x34
 1347 0187 00       		.byte	0
 1348 0188 03       		.uleb128 0x3
 1349 0189 08       		.uleb128 0x8
 1350 018a 3A       		.uleb128 0x3a
 1351 018b 0B       		.uleb128 0xb
 1352 018c 3B       		.uleb128 0x3b
 1353 018d 05       		.uleb128 0x5
 1354 018e 49       		.uleb128 0x49
 1355 018f 13       		.uleb128 0x13
 1356 0190 02       		.uleb128 0x2
 1357 0191 17       		.uleb128 0x17
 1358 0192 00       		.byte	0
 1359 0193 00       		.byte	0
 1360 0194 20       		.uleb128 0x20
 1361 0195 898201   		.uleb128 0x4109
 1362 0198 00       		.byte	0
 1363 0199 11       		.uleb128 0x11
 1364 019a 01       		.uleb128 0x1
 1365 019b 31       		.uleb128 0x31
 1366 019c 13       		.uleb128 0x13
 1367 019d 00       		.byte	0
 1368 019e 00       		.byte	0
 1369 019f 21       		.uleb128 0x21
 1370 01a0 2E       		.uleb128 0x2e
 1371 01a1 01       		.byte	0x1
 1372 01a2 3F       		.uleb128 0x3f
 1373 01a3 19       		.uleb128 0x19
 1374 01a4 03       		.uleb128 0x3
 1375 01a5 0E       		.uleb128 0xe
 1376 01a6 27       		.uleb128 0x27
 1377 01a7 19       		.uleb128 0x19
 1378 01a8 49       		.uleb128 0x49
 1379 01a9 13       		.uleb128 0x13
 1380 01aa 34       		.uleb128 0x34
 1381 01ab 19       		.uleb128 0x19
ARM GAS  C:\Users\ELISHA~1\AppData\Local\Temp\ccUdYCCF.s 			page 32


 1382 01ac 3C       		.uleb128 0x3c
 1383 01ad 19       		.uleb128 0x19
 1384 01ae 01       		.uleb128 0x1
 1385 01af 13       		.uleb128 0x13
 1386 01b0 00       		.byte	0
 1387 01b1 00       		.byte	0
 1388 01b2 22       		.uleb128 0x22
 1389 01b3 05       		.uleb128 0x5
 1390 01b4 00       		.byte	0
 1391 01b5 49       		.uleb128 0x49
 1392 01b6 13       		.uleb128 0x13
 1393 01b7 00       		.byte	0
 1394 01b8 00       		.byte	0
 1395 01b9 23       		.uleb128 0x23
 1396 01ba 2E       		.uleb128 0x2e
 1397 01bb 01       		.byte	0x1
 1398 01bc 3F       		.uleb128 0x3f
 1399 01bd 19       		.uleb128 0x19
 1400 01be 03       		.uleb128 0x3
 1401 01bf 0E       		.uleb128 0xe
 1402 01c0 3A       		.uleb128 0x3a
 1403 01c1 0B       		.uleb128 0xb
 1404 01c2 3B       		.uleb128 0x3b
 1405 01c3 0B       		.uleb128 0xb
 1406 01c4 27       		.uleb128 0x27
 1407 01c5 19       		.uleb128 0x19
 1408 01c6 3C       		.uleb128 0x3c
 1409 01c7 19       		.uleb128 0x19
 1410 01c8 01       		.uleb128 0x1
 1411 01c9 13       		.uleb128 0x13
 1412 01ca 00       		.byte	0
 1413 01cb 00       		.byte	0
 1414 01cc 24       		.uleb128 0x24
 1415 01cd 2E       		.uleb128 0x2e
 1416 01ce 01       		.byte	0x1
 1417 01cf 3F       		.uleb128 0x3f
 1418 01d0 19       		.uleb128 0x19
 1419 01d1 03       		.uleb128 0x3
 1420 01d2 0E       		.uleb128 0xe
 1421 01d3 3A       		.uleb128 0x3a
 1422 01d4 0B       		.uleb128 0xb
 1423 01d5 3B       		.uleb128 0x3b
 1424 01d6 0B       		.uleb128 0xb
 1425 01d7 27       		.uleb128 0x27
 1426 01d8 19       		.uleb128 0x19
 1427 01d9 49       		.uleb128 0x49
 1428 01da 13       		.uleb128 0x13
 1429 01db 3C       		.uleb128 0x3c
 1430 01dc 19       		.uleb128 0x19
 1431 01dd 01       		.uleb128 0x1
 1432 01de 13       		.uleb128 0x13
 1433 01df 00       		.byte	0
 1434 01e0 00       		.byte	0
 1435 01e1 25       		.uleb128 0x25
 1436 01e2 2E       		.uleb128 0x2e
 1437 01e3 01       		.byte	0x1
 1438 01e4 3F       		.uleb128 0x3f
ARM GAS  C:\Users\ELISHA~1\AppData\Local\Temp\ccUdYCCF.s 			page 33


 1439 01e5 19       		.uleb128 0x19
 1440 01e6 03       		.uleb128 0x3
 1441 01e7 0E       		.uleb128 0xe
 1442 01e8 3A       		.uleb128 0x3a
 1443 01e9 0B       		.uleb128 0xb
 1444 01ea 3B       		.uleb128 0x3b
 1445 01eb 0B       		.uleb128 0xb
 1446 01ec 27       		.uleb128 0x27
 1447 01ed 19       		.uleb128 0x19
 1448 01ee 3C       		.uleb128 0x3c
 1449 01ef 19       		.uleb128 0x19
 1450 01f0 00       		.byte	0
 1451 01f1 00       		.byte	0
 1452 01f2 00       		.byte	0
 1453              		.section	.debug_loc,"",%progbits
 1454              	.Ldebug_loc0:
 1455              	.LLST0:
 1456 0000 02000000 		.4byte	.LVL1
 1457 0004 08000000 		.4byte	.LVL2
 1458 0008 0200     		.2byte	0x2
 1459 000a 30       		.byte	0x30
 1460 000b 9F       		.byte	0x9f
 1461 000c 08000000 		.4byte	.LVL2
 1462 0010 30000000 		.4byte	.LVL11
 1463 0014 0100     		.2byte	0x1
 1464 0016 57       		.byte	0x57
 1465 0017 00000000 		.4byte	0
 1466 001b 00000000 		.4byte	0
 1467              	.LLST1:
 1468 001f 02000000 		.4byte	.LVL1
 1469 0023 08000000 		.4byte	.LVL2
 1470 0027 0200     		.2byte	0x2
 1471 0029 30       		.byte	0x30
 1472 002a 9F       		.byte	0x9f
 1473 002b 08000000 		.4byte	.LVL2
 1474 002f 30000000 		.4byte	.LVL10
 1475 0033 0100     		.2byte	0x1
 1476 0035 55       		.byte	0x55
 1477 0036 00000000 		.4byte	0
 1478 003a 00000000 		.4byte	0
 1479              	.LLST2:
 1480 003e 0C000000 		.4byte	.LVL3
 1481 0042 2C000000 		.4byte	.LVL9
 1482 0046 0100     		.2byte	0x1
 1483 0048 56       		.byte	0x56
 1484 0049 00000000 		.4byte	0
 1485 004d 00000000 		.4byte	0
 1486              	.LLST3:
 1487 0051 0E000000 		.4byte	.LVL4
 1488 0055 24000000 		.4byte	.LVL7
 1489 0059 0100     		.2byte	0x1
 1490 005b 53       		.byte	0x53
 1491 005c 26000000 		.4byte	.LVL8
 1492 0060 2C000000 		.4byte	.LVL9
 1493 0064 0100     		.2byte	0x1
 1494 0066 53       		.byte	0x53
 1495 0067 00000000 		.4byte	0
ARM GAS  C:\Users\ELISHA~1\AppData\Local\Temp\ccUdYCCF.s 			page 34


 1496 006b 00000000 		.4byte	0
 1497              	.LLST4:
 1498 006f 00000000 		.4byte	.LVL12
 1499 0073 09000000 		.4byte	.LVL14-1
 1500 0077 0100     		.2byte	0x1
 1501 0079 50       		.byte	0x50
 1502 007a 09000000 		.4byte	.LVL14-1
 1503 007e 0C000000 		.4byte	.LFE0
 1504 0082 0400     		.2byte	0x4
 1505 0084 F3       		.byte	0xf3
 1506 0085 01       		.uleb128 0x1
 1507 0086 50       		.byte	0x50
 1508 0087 9F       		.byte	0x9f
 1509 0088 00000000 		.4byte	0
 1510 008c 00000000 		.4byte	0
 1511              	.LLST5:
 1512 0090 00000000 		.4byte	.LVL12
 1513 0094 06000000 		.4byte	.LVL13
 1514 0098 0100     		.2byte	0x1
 1515 009a 51       		.byte	0x51
 1516 009b 06000000 		.4byte	.LVL13
 1517 009f 09000000 		.4byte	.LVL14-1
 1518 00a3 0100     		.2byte	0x1
 1519 00a5 52       		.byte	0x52
 1520 00a6 09000000 		.4byte	.LVL14-1
 1521 00aa 0C000000 		.4byte	.LFE0
 1522 00ae 0400     		.2byte	0x4
 1523 00b0 F3       		.byte	0xf3
 1524 00b1 01       		.uleb128 0x1
 1525 00b2 51       		.byte	0x51
 1526 00b3 9F       		.byte	0x9f
 1527 00b4 00000000 		.4byte	0
 1528 00b8 00000000 		.4byte	0
 1529              	.LLST6:
 1530 00bc 04000000 		.4byte	.LVL19
 1531 00c0 12000000 		.4byte	.LVL21
 1532 00c4 0100     		.2byte	0x1
 1533 00c6 53       		.byte	0x53
 1534 00c7 14000000 		.4byte	.LVL22
 1535 00cb 20000000 		.4byte	.LFE6
 1536 00cf 0100     		.2byte	0x1
 1537 00d1 53       		.byte	0x53
 1538 00d2 00000000 		.4byte	0
 1539 00d6 00000000 		.4byte	0
 1540              	.LLST7:
 1541 00da 78000000 		.4byte	.LVL24
 1542 00de 7C000000 		.4byte	.LVL25
 1543 00e2 0200     		.2byte	0x2
 1544 00e4 30       		.byte	0x30
 1545 00e5 9F       		.byte	0x9f
 1546 00e6 7C000000 		.4byte	.LVL25
 1547 00ea 9C000000 		.4byte	.LVL27
 1548 00ee 0100     		.2byte	0x1
 1549 00f0 54       		.byte	0x54
 1550 00f1 9E000000 		.4byte	.LVL28
 1551 00f5 0C010000 		.4byte	.LVL32
 1552 00f9 0100     		.2byte	0x1
ARM GAS  C:\Users\ELISHA~1\AppData\Local\Temp\ccUdYCCF.s 			page 35


 1553 00fb 54       		.byte	0x54
 1554 00fc 00000000 		.4byte	0
 1555 0100 00000000 		.4byte	0
 1556              	.LLST8:
 1557 0104 7C000000 		.4byte	.LVL25
 1558 0108 9C000000 		.4byte	.LVL27
 1559 010c 0B00     		.2byte	0xb
 1560 010e 74       		.byte	0x74
 1561 010f 00       		.sleb128 0
 1562 0110 36       		.byte	0x36
 1563 0111 1E       		.byte	0x1e
 1564 0112 03       		.byte	0x3
 1565 0113 00000000 		.4byte	cfg_memset_list.4743
 1566 0117 22       		.byte	0x22
 1567 0118 9F       		.byte	0x9f
 1568 0119 9C000000 		.4byte	.LVL27
 1569 011d 9E000000 		.4byte	.LVL28
 1570 0121 0B00     		.2byte	0xb
 1571 0123 74       		.byte	0x74
 1572 0124 7F       		.sleb128 -1
 1573 0125 36       		.byte	0x36
 1574 0126 1E       		.byte	0x1e
 1575 0127 03       		.byte	0x3
 1576 0128 00000000 		.4byte	cfg_memset_list.4743
 1577 012c 22       		.byte	0x22
 1578 012d 9F       		.byte	0x9f
 1579 012e 00000000 		.4byte	0
 1580 0132 00000000 		.4byte	0
 1581              		.section	.debug_aranges,"",%progbits
 1582 0000 44000000 		.4byte	0x44
 1583 0004 0200     		.2byte	0x2
 1584 0006 00000000 		.4byte	.Ldebug_info0
 1585 000a 04       		.byte	0x4
 1586 000b 00       		.byte	0
 1587 000c 0000     		.2byte	0
 1588 000e 0000     		.2byte	0
 1589 0010 00000000 		.4byte	.LFB3
 1590 0014 32000000 		.4byte	.LFE3-.LFB3
 1591 0018 00000000 		.4byte	.LFB0
 1592 001c 0C000000 		.4byte	.LFE0-.LFB0
 1593 0020 00000000 		.4byte	.LFB4
 1594 0024 74000000 		.4byte	.LFE4-.LFB4
 1595 0028 00000000 		.4byte	.LFB6
 1596 002c 20000000 		.4byte	.LFE6-.LFB6
 1597 0030 00000000 		.4byte	.LFB5
 1598 0034 20000000 		.4byte	.LFE5-.LFB5
 1599 0038 74000000 		.4byte	.LFB7
 1600 003c C8000000 		.4byte	.LFE7-.LFB7
 1601 0040 00000000 		.4byte	0
 1602 0044 00000000 		.4byte	0
 1603              		.section	.debug_ranges,"",%progbits
 1604              	.Ldebug_ranges0:
 1605 0000 00000000 		.4byte	.LFB3
 1606 0004 32000000 		.4byte	.LFE3
 1607 0008 00000000 		.4byte	.LFB0
 1608 000c 0C000000 		.4byte	.LFE0
 1609 0010 00000000 		.4byte	.LFB4
ARM GAS  C:\Users\ELISHA~1\AppData\Local\Temp\ccUdYCCF.s 			page 36


 1610 0014 74000000 		.4byte	.LFE4
 1611 0018 00000000 		.4byte	.LFB6
 1612 001c 20000000 		.4byte	.LFE6
 1613 0020 00000000 		.4byte	.LFB5
 1614 0024 20000000 		.4byte	.LFE5
 1615 0028 74000000 		.4byte	.LFB7
 1616 002c 3C010000 		.4byte	.LFE7
 1617 0030 00000000 		.4byte	0
 1618 0034 00000000 		.4byte	0
 1619              		.section	.debug_line,"",%progbits
 1620              	.Ldebug_line0:
 1621 0000 86010000 		.section	.debug_str,"MS",%progbits,1
 1621      0200D800 
 1621      00000201 
 1621      FB0E0D00 
 1621      01010101 
 1622              	.LASF18:
 1623 0000 72656733 		.ascii	"reg32\000"
 1623      3200
 1624              	.LASF11:
 1625 0006 73697A65 		.ascii	"size_t\000"
 1625      5F7400
 1626              	.LASF32:
 1627 000d 416E616C 		.ascii	"AnalogSetDefault\000"
 1627      6F675365 
 1627      74446566 
 1627      61756C74 
 1627      00
 1628              	.LASF46:
 1629 001e 4379496E 		.ascii	"CyIntSetVector\000"
 1629      74536574 
 1629      56656374 
 1629      6F7200
 1630              	.LASF21:
 1631 002d 76616C75 		.ascii	"value\000"
 1631      6500
 1632              	.LASF26:
 1633 0033 636F756E 		.ascii	"count\000"
 1633      7400
 1634              	.LASF29:
 1635 0039 436C6F63 		.ascii	"ClockSetup\000"
 1635      6B536574 
 1635      757000
 1636              	.LASF35:
 1637 0044 63795F63 		.ascii	"cy_cfg_addr_table\000"
 1637      66675F61 
 1637      6464725F 
 1637      7461626C 
 1637      6500
 1638              	.LASF36:
 1639 0056 63795F63 		.ascii	"cy_cfg_data_table\000"
 1639      66675F64 
 1639      6174615F 
 1639      7461626C 
 1639      6500
 1640              	.LASF22:
 1641 0068 63795F63 		.ascii	"cy_cfg_addrvalue_t\000"
ARM GAS  C:\Users\ELISHA~1\AppData\Local\Temp\ccUdYCCF.s 			page 37


 1641      66675F61 
 1641      64647276 
 1641      616C7565 
 1641      5F7400
 1642              	.LASF15:
 1643 007b 666C6F61 		.ascii	"float\000"
 1643      7400
 1644              	.LASF40:
 1645 0081 6366675F 		.ascii	"cfg_memset_list\000"
 1645      6D656D73 
 1645      65745F6C 
 1645      69737400 
 1646              	.LASF38:
 1647 0091 73697A65 		.ascii	"size\000"
 1647      00
 1648              	.LASF17:
 1649 0096 72656738 		.ascii	"reg8\000"
 1649      00
 1650              	.LASF6:
 1651 009b 6C6F6E67 		.ascii	"long unsigned int\000"
 1651      20756E73 
 1651      69676E65 
 1651      6420696E 
 1651      7400
 1652              	.LASF12:
 1653 00ad 75696E74 		.ascii	"uint8\000"
 1653      3800
 1654              	.LASF28:
 1655 00b3 43594D45 		.ascii	"CYMEMZERO\000"
 1655      4D5A4552 
 1655      4F00
 1656              	.LASF33:
 1657 00bd 53657441 		.ascii	"SetAnalogRoutingPumps\000"
 1657      6E616C6F 
 1657      67526F75 
 1657      74696E67 
 1657      50756D70 
 1658              	.LASF2:
 1659 00d3 756E7369 		.ascii	"unsigned char\000"
 1659      676E6564 
 1659      20636861 
 1659      7200
 1660              	.LASF41:
 1661 00e1 6D656D73 		.ascii	"memset\000"
 1661      657400
 1662              	.LASF16:
 1663 00e8 646F7562 		.ascii	"double\000"
 1663      6C6500
 1664              	.LASF27:
 1665 00ef 6366675F 		.ascii	"cfg_write_bytes32\000"
 1665      77726974 
 1665      655F6279 
 1665      74657333 
 1665      3200
 1666              	.LASF47:
 1667 0101 4379496E 		.ascii	"CyIntEnable\000"
 1667      74456E61 
ARM GAS  C:\Users\ELISHA~1\AppData\Local\Temp\ccUdYCCF.s 			page 38


 1667      626C6500 
 1668              	.LASF23:
 1669 010d 61646472 		.ascii	"addr_table\000"
 1669      5F746162 
 1669      6C6500
 1670              	.LASF13:
 1671 0118 75696E74 		.ascii	"uint16\000"
 1671      313600
 1672              	.LASF24:
 1673 011f 64617461 		.ascii	"data_table\000"
 1673      5F746162 
 1673      6C6500
 1674              	.LASF14:
 1675 012a 75696E74 		.ascii	"uint32\000"
 1675      333200
 1676              	.LASF45:
 1677 0131 5C5C4D61 		.ascii	"\\\\Mac\\Home\\Documents\\Repos\\PSOC4Pioneer\\Work"
 1677      635C486F 
 1677      6D655C44 
 1677      6F63756D 
 1677      656E7473 
 1678 015d 73706163 		.ascii	"space01\\Design01.cydsn\000"
 1678      6530315C 
 1678      44657369 
 1678      676E3031 
 1678      2E637964 
 1679              	.LASF0:
 1680 0174 756E7369 		.ascii	"unsigned int\000"
 1680      676E6564 
 1680      20696E74 
 1680      00
 1681              	.LASF34:
 1682 0181 63796669 		.ascii	"cyfitter_cfg\000"
 1682      74746572 
 1682      5F636667 
 1682      00
 1683              	.LASF37:
 1684 018e 61646472 		.ascii	"address\000"
 1684      65737300 
 1685              	.LASF8:
 1686 0196 6C6F6E67 		.ascii	"long long unsigned int\000"
 1686      206C6F6E 
 1686      6720756E 
 1686      7369676E 
 1686      65642069 
 1687              	.LASF19:
 1688 01ad 63796973 		.ascii	"cyisraddress\000"
 1688      72616464 
 1688      72657373 
 1688      00
 1689              	.LASF39:
 1690 01ba 6366675F 		.ascii	"cfg_memset_t\000"
 1690      6D656D73 
 1690      65745F74 
 1690      00
 1691              	.LASF25:
 1692 01c7 62617365 		.ascii	"baseAddr\000"
ARM GAS  C:\Users\ELISHA~1\AppData\Local\Temp\ccUdYCCF.s 			page 39


 1692      41646472 
 1692      00
 1693              	.LASF9:
 1694 01d0 73697A65 		.ascii	"sizetype\000"
 1694      74797065 
 1694      00
 1695              	.LASF44:
 1696 01d9 2E5C4765 		.ascii	".\\Generated_Source\\PSoC4\\cyfitter_cfg.c\000"
 1696      6E657261 
 1696      7465645F 
 1696      536F7572 
 1696      63655C50 
 1697              	.LASF7:
 1698 0201 6C6F6E67 		.ascii	"long long int\000"
 1698      206C6F6E 
 1698      6720696E 
 1698      7400
 1699              	.LASF10:
 1700 020f 63686172 		.ascii	"char\000"
 1700      00
 1701              	.LASF43:
 1702 0214 474E5520 		.ascii	"GNU C 4.9.3 20150303 (release) [ARM/embedded-4_9-br"
 1702      4320342E 
 1702      392E3320 
 1702      32303135 
 1702      30333033 
 1703 0247 616E6368 		.ascii	"anch revision 221220] -mcpu=cortex-m0 -mthumb -g -O"
 1703      20726576 
 1703      6973696F 
 1703      6E203232 
 1703      31323230 
 1704 027a 67202D66 		.ascii	"g -ffunction-sections -ffat-lto-objects\000"
 1704      66756E63 
 1704      74696F6E 
 1704      2D736563 
 1704      74696F6E 
 1705              	.LASF20:
 1706 02a2 6F666673 		.ascii	"offset\000"
 1706      657400
 1707              	.LASF30:
 1708 02a9 656E6162 		.ascii	"enabled\000"
 1708      6C656400 
 1709              	.LASF3:
 1710 02b1 73686F72 		.ascii	"short int\000"
 1710      7420696E 
 1710      7400
 1711              	.LASF42:
 1712 02bb 43795379 		.ascii	"CySysClkWriteImoFreq\000"
 1712      73436C6B 
 1712      57726974 
 1712      65496D6F 
 1712      46726571 
 1713              	.LASF5:
 1714 02d0 6C6F6E67 		.ascii	"long int\000"
 1714      20696E74 
 1714      00
 1715              	.LASF1:
ARM GAS  C:\Users\ELISHA~1\AppData\Local\Temp\ccUdYCCF.s 			page 40


 1716 02d9 7369676E 		.ascii	"signed char\000"
 1716      65642063 
 1716      68617200 
 1717              	.LASF4:
 1718 02e5 73686F72 		.ascii	"short unsigned int\000"
 1718      7420756E 
 1718      7369676E 
 1718      65642069 
 1718      6E7400
 1719              	.LASF31:
 1720 02f8 72656756 		.ascii	"regValue\000"
 1720      616C7565 
 1720      00
 1721              		.ident	"GCC: (GNU Tools for ARM Embedded Processors) 4.9.3 20150303 (release) [ARM/embedded-4_9-br
