Archive member included because of file (symbol)

.\CortexM0\ARM_GCC_493\Debug\Design01.a(cyfitter_cfg.o)
                              .\CortexM0\ARM_GCC_493\Debug\Cm0Start.o (cyfitter_cfg)
.\CortexM0\ARM_GCC_493\Debug\Design01.a(CyLib.o)
                              .\CortexM0\ARM_GCC_493\Debug\Design01.a(cyfitter_cfg.o) (CyIntEnable)
.\CortexM0\ARM_GCC_493\Debug\Design01.a(CyLFClk.o)
                              .\CortexM0\ARM_GCC_493\Debug\Design01.a(cyfitter_cfg.o) (CySysWdtIsr)
.\CortexM0\ARM_GCC_493\Debug\Design01.a(ADC_SAR_Seq.o)
                              .\CortexM0\ARM_GCC_493\Debug\main.o (ADC_SAR_Seq_Start)
.\CortexM0\ARM_GCC_493\Debug\Design01.a(ADC_SAR_Seq_INT.o)
                              .\CortexM0\ARM_GCC_493\Debug\Design01.a(ADC_SAR_Seq.o) (ADC_SAR_Seq_ISR)
.\CortexM0\ARM_GCC_493\Debug\Design01.a(DieTemp.o)
                              .\CortexM0\ARM_GCC_493\Debug\main.o (DieTemp_CountsTo_Celsius)
.\CortexM0\ARM_GCC_493\Debug\Design01.a(ADC_SAR_Seq_IRQ.o)
                              .\CortexM0\ARM_GCC_493\Debug\main.o (ADC_SAR_Seq_IRQ_StartEx)
.\CortexM0\ARM_GCC_493\Debug\Design01.a(Timer.o)
                              .\CortexM0\ARM_GCC_493\Debug\main.o (Timer_Start)
.\CortexM0\ARM_GCC_493\Debug\Design01.a(isr_1.o)
                              .\CortexM0\ARM_GCC_493\Debug\main.o (isr_1_StartEx)
.\CortexM0\ARM_GCC_493\Debug\Design01.a(CyBootAsmGnu.o)
                              .\CortexM0\ARM_GCC_493\Debug\Design01.a(CyLib.o) (CyDelayCycles)
c:/program files (x86)/cypress/psoc creator/3.3/psoc creator/import/gnu/arm/4.9.3/bin/../lib/gcc/arm-none-eabi/4.9.3/armv6-m\libgcc.a(_udivsi3.o)
                              .\CortexM0\ARM_GCC_493\Debug\Design01.a(CyLib.o) (__aeabi_uidiv)
c:/program files (x86)/cypress/psoc creator/3.3/psoc creator/import/gnu/arm/4.9.3/bin/../lib/gcc/arm-none-eabi/4.9.3/armv6-m\libgcc.a(_divsi3.o)
                              .\CortexM0\ARM_GCC_493\Debug\Design01.a(ADC_SAR_Seq.o) (__aeabi_idiv)
c:/program files (x86)/cypress/psoc creator/3.3/psoc creator/import/gnu/arm/4.9.3/bin/../lib/gcc/arm-none-eabi/4.9.3/armv6-m\libgcc.a(_dvmd_tls.o)
                              c:/program files (x86)/cypress/psoc creator/3.3/psoc creator/import/gnu/arm/4.9.3/bin/../lib/gcc/arm-none-eabi/4.9.3/armv6-m\libgcc.a(_udivsi3.o) (__aeabi_idiv0)
c:/program files (x86)/cypress/psoc creator/3.3/psoc creator/import/gnu/arm/4.9.3/bin/../lib/gcc/arm-none-eabi/4.9.3/armv6-m\libgcc.a(_aeabi_ldivmod.o)
                              .\CortexM0\ARM_GCC_493\Debug\Design01.a(ADC_SAR_Seq.o) (__aeabi_ldivmod)
c:/program files (x86)/cypress/psoc creator/3.3/psoc creator/import/gnu/arm/4.9.3/bin/../lib/gcc/arm-none-eabi/4.9.3/armv6-m\libgcc.a(_muldi3.o)
                              .\CortexM0\ARM_GCC_493\Debug\Design01.a(ADC_SAR_Seq.o) (__aeabi_lmul)
c:/program files (x86)/cypress/psoc creator/3.3/psoc creator/import/gnu/arm/4.9.3/bin/../lib/gcc/arm-none-eabi/4.9.3/armv6-m\libgcc.a(bpabi.o)
                              c:/program files (x86)/cypress/psoc creator/3.3/psoc creator/import/gnu/arm/4.9.3/bin/../lib/gcc/arm-none-eabi/4.9.3/armv6-m\libgcc.a(_aeabi_ldivmod.o) (__gnu_ldivmod_helper)
c:/program files (x86)/cypress/psoc creator/3.3/psoc creator/import/gnu/arm/4.9.3/bin/../lib/gcc/arm-none-eabi/4.9.3/armv6-m\libgcc.a(divsf3.o)
                              .\CortexM0\ARM_GCC_493\Debug\Design01.a(ADC_SAR_Seq.o) (__aeabi_fdiv)
c:/program files (x86)/cypress/psoc creator/3.3/psoc creator/import/gnu/arm/4.9.3/bin/../lib/gcc/arm-none-eabi/4.9.3/armv6-m\libgcc.a(mulsf3.o)
                              .\CortexM0\ARM_GCC_493\Debug\Design01.a(ADC_SAR_Seq.o) (__aeabi_fmul)
c:/program files (x86)/cypress/psoc creator/3.3/psoc creator/import/gnu/arm/4.9.3/bin/../lib/gcc/arm-none-eabi/4.9.3/armv6-m\libgcc.a(floatsisf.o)
                              .\CortexM0\ARM_GCC_493\Debug\Design01.a(ADC_SAR_Seq.o) (__aeabi_i2f)
c:/program files (x86)/cypress/psoc creator/3.3/psoc creator/import/gnu/arm/4.9.3/bin/../lib/gcc/arm-none-eabi/4.9.3/armv6-m\libgcc.a(_clzsi2.o)
                              c:/program files (x86)/cypress/psoc creator/3.3/psoc creator/import/gnu/arm/4.9.3/bin/../lib/gcc/arm-none-eabi/4.9.3/armv6-m\libgcc.a(divsf3.o) (__clzsi2)
c:/program files (x86)/cypress/psoc creator/3.3/psoc creator/import/gnu/arm/4.9.3/bin/../lib/gcc/arm-none-eabi/4.9.3/armv6-m\libgcc.a(_divdi3.o)
                              c:/program files (x86)/cypress/psoc creator/3.3/psoc creator/import/gnu/arm/4.9.3/bin/../lib/gcc/arm-none-eabi/4.9.3/armv6-m\libgcc.a(bpabi.o) (__divdi3)
c:/program files (x86)/cypress/psoc creator/3.3/psoc creator/import/gnu/arm/4.9.3/bin/../lib/gcc/arm-none-eabi/4.9.3/armv6-m\libgcc.a(_udivdi3.o)
                              c:/program files (x86)/cypress/psoc creator/3.3/psoc creator/import/gnu/arm/4.9.3/bin/../lib/gcc/arm-none-eabi/4.9.3/armv6-m\libgcc.a(bpabi.o) (__udivdi3)
c:/program files (x86)/cypress/psoc creator/3.3/psoc creator/import/gnu/arm/4.9.3/bin/../lib/gcc/arm-none-eabi/4.9.3/armv6-m\libgcc.a(_clzdi2.o)
                              c:/program files (x86)/cypress/psoc creator/3.3/psoc creator/import/gnu/arm/4.9.3/bin/../lib/gcc/arm-none-eabi/4.9.3/armv6-m\libgcc.a(_divdi3.o) (__clzdi2)
c:/program files (x86)/cypress/psoc creator/3.3/psoc creator/import/gnu/arm/4.9.3/bin/../lib/gcc/arm-none-eabi/4.9.3/../../../../arm-none-eabi/lib/armv6-m\libg_nano.a(lib_a-errno.o)
                              .\CortexM0\ARM_GCC_493\Debug\Cm0Start.o (__errno)
c:/program files (x86)/cypress/psoc creator/3.3/psoc creator/import/gnu/arm/4.9.3/bin/../lib/gcc/arm-none-eabi/4.9.3/../../../../arm-none-eabi/lib/armv6-m\libg_nano.a(lib_a-exit.o)
                              c:/program files (x86)/cypress/psoc creator/3.3/psoc creator/import/gnu/arm/4.9.3/bin/../lib/gcc/arm-none-eabi/4.9.3/../../../../arm-none-eabi/lib/armv6-m/crt0.o (exit)
c:/program files (x86)/cypress/psoc creator/3.3/psoc creator/import/gnu/arm/4.9.3/bin/../lib/gcc/arm-none-eabi/4.9.3/../../../../arm-none-eabi/lib/armv6-m\libg_nano.a(lib_a-impure.o)
                              c:/program files (x86)/cypress/psoc creator/3.3/psoc creator/import/gnu/arm/4.9.3/bin/../lib/gcc/arm-none-eabi/4.9.3/../../../../arm-none-eabi/lib/armv6-m\libg_nano.a(lib_a-exit.o) (_global_impure_ptr)
c:/program files (x86)/cypress/psoc creator/3.3/psoc creator/import/gnu/arm/4.9.3/bin/../lib/gcc/arm-none-eabi/4.9.3/../../../../arm-none-eabi/lib/armv6-m\libg_nano.a(lib_a-init.o)
                              c:/program files (x86)/cypress/psoc creator/3.3/psoc creator/import/gnu/arm/4.9.3/bin/../lib/gcc/arm-none-eabi/4.9.3/../../../../arm-none-eabi/lib/armv6-m/crt0.o (__libc_init_array)
c:/program files (x86)/cypress/psoc creator/3.3/psoc creator/import/gnu/arm/4.9.3/bin/../lib/gcc/arm-none-eabi/4.9.3/../../../../arm-none-eabi/lib/armv6-m\libg_nano.a(lib_a-memset.o)
                              c:/program files (x86)/cypress/psoc creator/3.3/psoc creator/import/gnu/arm/4.9.3/bin/../lib/gcc/arm-none-eabi/4.9.3/../../../../arm-none-eabi/lib/armv6-m/crt0.o (memset)

Allocating common symbols
Common symbol       size              file

ADC_SAR_Seq_countsPer10Volt
                    0x8               .\CortexM0\ARM_GCC_493\Debug\Design01.a(ADC_SAR_Seq.o)
ADC_SAR_Seq_offset  0x4               .\CortexM0\ARM_GCC_493\Debug\Design01.a(ADC_SAR_Seq.o)
result              0x4               .\CortexM0\ARM_GCC_493\Debug\main.o

Discarded input sections

 .text          0x00000000        0x0 c:/program files (x86)/cypress/psoc creator/3.3/psoc creator/import/gnu/arm/4.9.3/bin/../lib/gcc/arm-none-eabi/4.9.3/armv6-m/crti.o
 .data          0x00000000        0x0 c:/program files (x86)/cypress/psoc creator/3.3/psoc creator/import/gnu/arm/4.9.3/bin/../lib/gcc/arm-none-eabi/4.9.3/armv6-m/crti.o
 .bss           0x00000000        0x0 c:/program files (x86)/cypress/psoc creator/3.3/psoc creator/import/gnu/arm/4.9.3/bin/../lib/gcc/arm-none-eabi/4.9.3/armv6-m/crti.o
 .data          0x00000000        0x4 c:/program files (x86)/cypress/psoc creator/3.3/psoc creator/import/gnu/arm/4.9.3/bin/../lib/gcc/arm-none-eabi/4.9.3/armv6-m/crtbegin.o
 .text          0x00000000       0x78 c:/program files (x86)/cypress/psoc creator/3.3/psoc creator/import/gnu/arm/4.9.3/bin/../lib/gcc/arm-none-eabi/4.9.3/../../../../arm-none-eabi/lib/armv6-m/crt0.o
 .data          0x00000000        0x0 c:/program files (x86)/cypress/psoc creator/3.3/psoc creator/import/gnu/arm/4.9.3/bin/../lib/gcc/arm-none-eabi/4.9.3/../../../../arm-none-eabi/lib/armv6-m/crt0.o
 .bss           0x00000000        0x0 c:/program files (x86)/cypress/psoc creator/3.3/psoc creator/import/gnu/arm/4.9.3/bin/../lib/gcc/arm-none-eabi/4.9.3/../../../../arm-none-eabi/lib/armv6-m/crt0.o
 .ARM.extab     0x00000000        0x0 c:/program files (x86)/cypress/psoc creator/3.3/psoc creator/import/gnu/arm/4.9.3/bin/../lib/gcc/arm-none-eabi/4.9.3/../../../../arm-none-eabi/lib/armv6-m/crt0.o
 .ARM.exidx     0x00000000        0x8 c:/program files (x86)/cypress/psoc creator/3.3/psoc creator/import/gnu/arm/4.9.3/bin/../lib/gcc/arm-none-eabi/4.9.3/../../../../arm-none-eabi/lib/armv6-m/crt0.o
 .text          0x00000000        0x0 .\CortexM0\ARM_GCC_493\Debug\main.o
 .data          0x00000000        0x0 .\CortexM0\ARM_GCC_493\Debug\main.o
 .text          0x00000000        0x0 .\CortexM0\ARM_GCC_493\Debug\cymetadata.o
 .data          0x00000000        0x0 .\CortexM0\ARM_GCC_493\Debug\cymetadata.o
 .bss           0x00000000        0x0 .\CortexM0\ARM_GCC_493\Debug\cymetadata.o
 .text          0x00000000        0x0 .\CortexM0\ARM_GCC_493\Debug\Cm0Start.o
 .data          0x00000000        0x4 .\CortexM0\ARM_GCC_493\Debug\Cm0Start.o
 .bss           0x00000000        0x0 .\CortexM0\ARM_GCC_493\Debug\Cm0Start.o
 .text._exit    0x00000000        0xc .\CortexM0\ARM_GCC_493\Debug\Cm0Start.o
 .text._sbrk    0x00000000       0x30 .\CortexM0\ARM_GCC_493\Debug\Cm0Start.o
 .text          0x00000000        0x0 .\CortexM0\ARM_GCC_493\Debug\Design01.a(cyfitter_cfg.o)
 .data          0x00000000        0x0 .\CortexM0\ARM_GCC_493\Debug\Design01.a(cyfitter_cfg.o)
 .bss           0x00000000        0x0 .\CortexM0\ARM_GCC_493\Debug\Design01.a(cyfitter_cfg.o)
 .text          0x00000000        0x0 .\CortexM0\ARM_GCC_493\Debug\Design01.a(CyLib.o)
 .bss           0x00000000       0x18 .\CortexM0\ARM_GCC_493\Debug\Design01.a(CyLib.o)
 .text.CySysClkImoStart
                0x00000000       0x14 .\CortexM0\ARM_GCC_493\Debug\Design01.a(CyLib.o)
 .text.CySysClkImoStop
                0x00000000       0x10 .\CortexM0\ARM_GCC_493\Debug\Design01.a(CyLib.o)
 .text.CySysClkWriteHfclkDirect
                0x00000000       0x24 .\CortexM0\ARM_GCC_493\Debug\Design01.a(CyLib.o)
 .text.CySysClkWriteSysclkDiv
                0x00000000       0x28 .\CortexM0\ARM_GCC_493\Debug\Design01.a(CyLib.o)
 .text.CySysLvdDisable
                0x00000000       0x20 .\CortexM0\ARM_GCC_493\Debug\Design01.a(CyLib.o)
 .text.CySysLvdGetInterruptSource
                0x00000000       0x10 .\CortexM0\ARM_GCC_493\Debug\Design01.a(CyLib.o)
 .text.CySysLvdClearInterrupt
                0x00000000        0xc .\CortexM0\ARM_GCC_493\Debug\Design01.a(CyLib.o)
 .text.CySysGetResetReason
                0x00000000       0x14 .\CortexM0\ARM_GCC_493\Debug\Design01.a(CyLib.o)
 .text.CyDisableInts
                0x00000000       0x10 .\CortexM0\ARM_GCC_493\Debug\Design01.a(CyLib.o)
 .text.CyEnableInts
                0x00000000        0xc .\CortexM0\ARM_GCC_493\Debug\Design01.a(CyLib.o)
 .text.CyIntGetState
                0x00000000       0x18 .\CortexM0\ARM_GCC_493\Debug\Design01.a(CyLib.o)
 .text.CyIntDisable
                0x00000000       0x14 .\CortexM0\ARM_GCC_493\Debug\Design01.a(CyLib.o)
 .text.CyIntSetPending
                0x00000000       0x14 .\CortexM0\ARM_GCC_493\Debug\Design01.a(CyLib.o)
 .text.CyIntClearPending
                0x00000000       0x14 .\CortexM0\ARM_GCC_493\Debug\Design01.a(CyLib.o)
 .text.CyIntSetSysVector
                0x00000000       0x20 .\CortexM0\ARM_GCC_493\Debug\Design01.a(CyLib.o)
 .text.CyIntGetSysVector
                0x00000000       0x1c .\CortexM0\ARM_GCC_493\Debug\Design01.a(CyLib.o)
 .text.CyIntGetVector
                0x00000000       0x20 .\CortexM0\ARM_GCC_493\Debug\Design01.a(CyLib.o)
 .text.CyIntGetPriority
                0x00000000       0x2c .\CortexM0\ARM_GCC_493\Debug\Design01.a(CyLib.o)
 .text.CySoftwareReset
                0x00000000       0x18 .\CortexM0\ARM_GCC_493\Debug\Design01.a(CyLib.o)
 .text.CyDelay  0x00000000       0x30 .\CortexM0\ARM_GCC_493\Debug\Design01.a(CyLib.o)
 .text.CySysLvdEnable
                0x00000000       0x44 .\CortexM0\ARM_GCC_493\Debug\Design01.a(CyLib.o)
 .text.CyDelayFreq
                0x00000000       0x4c .\CortexM0\ARM_GCC_493\Debug\Design01.a(CyLib.o)
 .text.CySysTickStop
                0x00000000       0x10 .\CortexM0\ARM_GCC_493\Debug\Design01.a(CyLib.o)
 .text.CySysTickEnableInterrupt
                0x00000000       0x10 .\CortexM0\ARM_GCC_493\Debug\Design01.a(CyLib.o)
 .text.CySysTickEnable
                0x00000000       0x18 .\CortexM0\ARM_GCC_493\Debug\Design01.a(CyLib.o)
 .text.CySysTickDisableInterrupt
                0x00000000       0x10 .\CortexM0\ARM_GCC_493\Debug\Design01.a(CyLib.o)
 .text.CySysTickSetReload
                0x00000000       0x10 .\CortexM0\ARM_GCC_493\Debug\Design01.a(CyLib.o)
 .text.CySysTickGetReload
                0x00000000       0x10 .\CortexM0\ARM_GCC_493\Debug\Design01.a(CyLib.o)
 .text.CySysTickGetValue
                0x00000000       0x10 .\CortexM0\ARM_GCC_493\Debug\Design01.a(CyLib.o)
 .text.CySysTickGetCountFlag
                0x00000000       0x10 .\CortexM0\ARM_GCC_493\Debug\Design01.a(CyLib.o)
 .text.CySysTickServiceCallbacks
                0x00000000       0x28 .\CortexM0\ARM_GCC_493\Debug\Design01.a(CyLib.o)
 .text.CySysTickClear
                0x00000000        0xc .\CortexM0\ARM_GCC_493\Debug\Design01.a(CyLib.o)
 .text.CySysTickInit
                0x00000000       0x44 .\CortexM0\ARM_GCC_493\Debug\Design01.a(CyLib.o)
 .text.CySysTickStart
                0x00000000       0x20 .\CortexM0\ARM_GCC_493\Debug\Design01.a(CyLib.o)
 .text.CySysTickSetCallback
                0x00000000       0x10 .\CortexM0\ARM_GCC_493\Debug\Design01.a(CyLib.o)
 .text.CySysTickGetCallback
                0x00000000        0xc .\CortexM0\ARM_GCC_493\Debug\Design01.a(CyLib.o)
 .text.CyGetUniqueId
                0x00000000       0x70 .\CortexM0\ARM_GCC_493\Debug\Design01.a(CyLib.o)
 .text          0x00000000        0x0 .\CortexM0\ARM_GCC_493\Debug\Design01.a(CyLFClk.o)
 .text.CySysClkIloEnabled
                0x00000000       0x14 .\CortexM0\ARM_GCC_493\Debug\Design01.a(CyLFClk.o)
 .text.CySysClkIloStart
                0x00000000       0x14 .\CortexM0\ARM_GCC_493\Debug\Design01.a(CyLFClk.o)
 .text.CySysWdtGetEnabledStatus
                0x00000000       0x24 .\CortexM0\ARM_GCC_493\Debug\Design01.a(CyLFClk.o)
 .text.CySysWdtSetMode
                0x00000000       0x38 .\CortexM0\ARM_GCC_493\Debug\Design01.a(CyLFClk.o)
 .text.CySysClkLfclkPosedgeRestore
                0x00000000       0x2c .\CortexM0\ARM_GCC_493\Debug\Design01.a(CyLFClk.o)
 .text.CySysWdtGetMode
                0x00000000       0x14 .\CortexM0\ARM_GCC_493\Debug\Design01.a(CyLFClk.o)
 .text.CySysWdtSetClearOnMatch
                0x00000000       0x38 .\CortexM0\ARM_GCC_493\Debug\Design01.a(CyLFClk.o)
 .text.CySysWdtGetClearOnMatch
                0x00000000       0x24 .\CortexM0\ARM_GCC_493\Debug\Design01.a(CyLFClk.o)
 .text.CySysWdtEnable
                0x00000000       0x40 .\CortexM0\ARM_GCC_493\Debug\Design01.a(CyLFClk.o)
 .text.CySysWdtDisable
                0x00000000       0x44 .\CortexM0\ARM_GCC_493\Debug\Design01.a(CyLFClk.o)
 .text.CySysWdtSetCascade
                0x00000000       0x34 .\CortexM0\ARM_GCC_493\Debug\Design01.a(CyLFClk.o)
 .text.CySysWdtGetCascade
                0x00000000       0x14 .\CortexM0\ARM_GCC_493\Debug\Design01.a(CyLFClk.o)
 .text.CySysWdtSetMatch
                0x00000000       0x3c .\CortexM0\ARM_GCC_493\Debug\Design01.a(CyLFClk.o)
 .text.CySysWdtSetToggleBit
                0x00000000       0x2c .\CortexM0\ARM_GCC_493\Debug\Design01.a(CyLFClk.o)
 .text.CySysWdtGetToggleBit
                0x00000000       0x10 .\CortexM0\ARM_GCC_493\Debug\Design01.a(CyLFClk.o)
 .text.CySysWdtGetMatch
                0x00000000       0x20 .\CortexM0\ARM_GCC_493\Debug\Design01.a(CyLFClk.o)
 .text.CySysWdtGetCount
                0x00000000       0x3c .\CortexM0\ARM_GCC_493\Debug\Design01.a(CyLFClk.o)
 .text.CySysClkLfclkPosedgeCatch
                0x00000000       0x74 .\CortexM0\ARM_GCC_493\Debug\Design01.a(CyLFClk.o)
 .text.CySysClkIloStop
                0x00000000       0x38 .\CortexM0\ARM_GCC_493\Debug\Design01.a(CyLFClk.o)
 .text.CySysWdtGetInterruptSource
                0x00000000       0x14 .\CortexM0\ARM_GCC_493\Debug\Design01.a(CyLFClk.o)
 .text.CySysWdtResetCounters
                0x00000000       0x20 .\CortexM0\ARM_GCC_493\Debug\Design01.a(CyLFClk.o)
 .text.CySysWdtSetInterruptCallback
                0x00000000       0x20 .\CortexM0\ARM_GCC_493\Debug\Design01.a(CyLFClk.o)
 .text.CySysWdtGetInterruptCallback
                0x00000000       0x20 .\CortexM0\ARM_GCC_493\Debug\Design01.a(CyLFClk.o)
 .text.CySysWdtEnableCounterIsr
                0x00000000       0x34 .\CortexM0\ARM_GCC_493\Debug\Design01.a(CyLFClk.o)
 .text.CySysWdtDisableCounterIsr
                0x00000000       0x28 .\CortexM0\ARM_GCC_493\Debug\Design01.a(CyLFClk.o)
 .text.CySysTimerDelayUntilMatch
                0x00000000       0x6c .\CortexM0\ARM_GCC_493\Debug\Design01.a(CyLFClk.o)
 .text.CySysTimerDelay
                0x00000000       0x3c .\CortexM0\ARM_GCC_493\Debug\Design01.a(CyLFClk.o)
 .text.CySysWatchdogFeed
                0x00000000       0x60 .\CortexM0\ARM_GCC_493\Debug\Design01.a(CyLFClk.o)
 .rodata        0x00000000        0xc .\CortexM0\ARM_GCC_493\Debug\Design01.a(CyLFClk.o)
 .text          0x00000000        0x0 .\CortexM0\ARM_GCC_493\Debug\Design01.a(ADC_SAR_Seq.o)
 .data          0x00000000        0x0 .\CortexM0\ARM_GCC_493\Debug\Design01.a(ADC_SAR_Seq.o)
 .text.ADC_SAR_Seq_Stop
                0x00000000       0x10 .\CortexM0\ARM_GCC_493\Debug\Design01.a(ADC_SAR_Seq.o)
 .text.ADC_SAR_Seq_StopConvert
                0x00000000       0x14 .\CortexM0\ARM_GCC_493\Debug\Design01.a(ADC_SAR_Seq.o)
 .text.ADC_SAR_Seq_IsEndConversion
                0x00000000       0x4c .\CortexM0\ARM_GCC_493\Debug\Design01.a(ADC_SAR_Seq.o)
 .text.ADC_SAR_Seq_SetChanMask
                0x00000000       0x10 .\CortexM0\ARM_GCC_493\Debug\Design01.a(ADC_SAR_Seq.o)
 .text.ADC_SAR_Seq_SetLowLimit
                0x00000000       0x1c .\CortexM0\ARM_GCC_493\Debug\Design01.a(ADC_SAR_Seq.o)
 .text.ADC_SAR_Seq_SetHighLimit
                0x00000000       0x18 .\CortexM0\ARM_GCC_493\Debug\Design01.a(ADC_SAR_Seq.o)
 .text.ADC_SAR_Seq_SetLimitMask
                0x00000000       0x10 .\CortexM0\ARM_GCC_493\Debug\Design01.a(ADC_SAR_Seq.o)
 .text.ADC_SAR_Seq_SetSatMask
                0x00000000       0x10 .\CortexM0\ARM_GCC_493\Debug\Design01.a(ADC_SAR_Seq.o)
 .text.ADC_SAR_Seq_SetOffset
                0x00000000       0x1c .\CortexM0\ARM_GCC_493\Debug\Design01.a(ADC_SAR_Seq.o)
 .text.ADC_SAR_Seq_SetGain
                0x00000000       0x1c .\CortexM0\ARM_GCC_493\Debug\Design01.a(ADC_SAR_Seq.o)
 .text.ADC_SAR_Seq_CountsTo_mVolts
                0x00000000       0x5c .\CortexM0\ARM_GCC_493\Debug\Design01.a(ADC_SAR_Seq.o)
 .text.ADC_SAR_Seq_CountsTo_uVolts
                0x00000000       0x40 .\CortexM0\ARM_GCC_493\Debug\Design01.a(ADC_SAR_Seq.o)
 .text.ADC_SAR_Seq_CountsTo_Volts
                0x00000000       0x48 .\CortexM0\ARM_GCC_493\Debug\Design01.a(ADC_SAR_Seq.o)
 .text          0x00000000        0x0 .\CortexM0\ARM_GCC_493\Debug\Design01.a(ADC_SAR_Seq_INT.o)
 .data          0x00000000        0x0 .\CortexM0\ARM_GCC_493\Debug\Design01.a(ADC_SAR_Seq_INT.o)
 .bss           0x00000000        0x0 .\CortexM0\ARM_GCC_493\Debug\Design01.a(ADC_SAR_Seq_INT.o)
 .text          0x00000000        0x0 .\CortexM0\ARM_GCC_493\Debug\Design01.a(DieTemp.o)
 .data          0x00000000        0x0 .\CortexM0\ARM_GCC_493\Debug\Design01.a(DieTemp.o)
 .bss           0x00000000        0x0 .\CortexM0\ARM_GCC_493\Debug\Design01.a(DieTemp.o)
 .text          0x00000000        0x0 .\CortexM0\ARM_GCC_493\Debug\Design01.a(ADC_SAR_Seq_IRQ.o)
 .data          0x00000000        0x0 .\CortexM0\ARM_GCC_493\Debug\Design01.a(ADC_SAR_Seq_IRQ.o)
 .bss           0x00000000        0x0 .\CortexM0\ARM_GCC_493\Debug\Design01.a(ADC_SAR_Seq_IRQ.o)
 .text.ADC_SAR_Seq_IRQ_Interrupt
                0x00000000        0x4 .\CortexM0\ARM_GCC_493\Debug\Design01.a(ADC_SAR_Seq_IRQ.o)
 .text.ADC_SAR_Seq_IRQ_GetVector
                0x00000000        0xc .\CortexM0\ARM_GCC_493\Debug\Design01.a(ADC_SAR_Seq_IRQ.o)
 .text.ADC_SAR_Seq_IRQ_GetPriority
                0x00000000       0x10 .\CortexM0\ARM_GCC_493\Debug\Design01.a(ADC_SAR_Seq_IRQ.o)
 .text.ADC_SAR_Seq_IRQ_GetState
                0x00000000       0x14 .\CortexM0\ARM_GCC_493\Debug\Design01.a(ADC_SAR_Seq_IRQ.o)
 .text.ADC_SAR_Seq_IRQ_Start
                0x00000000       0x1c .\CortexM0\ARM_GCC_493\Debug\Design01.a(ADC_SAR_Seq_IRQ.o)
 .text.ADC_SAR_Seq_IRQ_Stop
                0x00000000       0x14 .\CortexM0\ARM_GCC_493\Debug\Design01.a(ADC_SAR_Seq_IRQ.o)
 .text.ADC_SAR_Seq_IRQ_SetPending
                0x00000000       0x10 .\CortexM0\ARM_GCC_493\Debug\Design01.a(ADC_SAR_Seq_IRQ.o)
 .text.ADC_SAR_Seq_IRQ_ClearPending
                0x00000000       0x10 .\CortexM0\ARM_GCC_493\Debug\Design01.a(ADC_SAR_Seq_IRQ.o)
 .text          0x00000000        0x0 .\CortexM0\ARM_GCC_493\Debug\Design01.a(Timer.o)
 .data          0x00000000        0x0 .\CortexM0\ARM_GCC_493\Debug\Design01.a(Timer.o)
 .text.Timer_Stop
                0x00000000       0x10 .\CortexM0\ARM_GCC_493\Debug\Design01.a(Timer.o)
 .text.Timer_SoftwareCapture
                0x00000000        0xc .\CortexM0\ARM_GCC_493\Debug\Design01.a(Timer.o)
 .text.Timer_ReadControlRegister
                0x00000000        0xc .\CortexM0\ARM_GCC_493\Debug\Design01.a(Timer.o)
 .text.Timer_WriteControlRegister
                0x00000000        0xc .\CortexM0\ARM_GCC_493\Debug\Design01.a(Timer.o)
 .text.Timer_ReadPeriod
                0x00000000        0xc .\CortexM0\ARM_GCC_493\Debug\Design01.a(Timer.o)
 .text.Timer_ReadCounter
                0x00000000       0x14 .\CortexM0\ARM_GCC_493\Debug\Design01.a(Timer.o)
 .text          0x00000000        0x0 .\CortexM0\ARM_GCC_493\Debug\Design01.a(isr_1.o)
 .data          0x00000000        0x0 .\CortexM0\ARM_GCC_493\Debug\Design01.a(isr_1.o)
 .bss           0x00000000        0x0 .\CortexM0\ARM_GCC_493\Debug\Design01.a(isr_1.o)
 .text.isr_1_Interrupt
                0x00000000        0x4 .\CortexM0\ARM_GCC_493\Debug\Design01.a(isr_1.o)
 .text.isr_1_GetVector
                0x00000000        0xc .\CortexM0\ARM_GCC_493\Debug\Design01.a(isr_1.o)
 .text.isr_1_GetPriority
                0x00000000       0x10 .\CortexM0\ARM_GCC_493\Debug\Design01.a(isr_1.o)
 .text.isr_1_GetState
                0x00000000       0x10 .\CortexM0\ARM_GCC_493\Debug\Design01.a(isr_1.o)
 .text.isr_1_Start
                0x00000000       0x1c .\CortexM0\ARM_GCC_493\Debug\Design01.a(isr_1.o)
 .text.isr_1_Stop
                0x00000000       0x14 .\CortexM0\ARM_GCC_493\Debug\Design01.a(isr_1.o)
 .text.isr_1_SetPending
                0x00000000        0xc .\CortexM0\ARM_GCC_493\Debug\Design01.a(isr_1.o)
 .text.isr_1_ClearPending
                0x00000000        0xc .\CortexM0\ARM_GCC_493\Debug\Design01.a(isr_1.o)
 .data          0x00000000        0x0 .\CortexM0\ARM_GCC_493\Debug\Design01.a(CyBootAsmGnu.o)
 .bss           0x00000000        0x0 .\CortexM0\ARM_GCC_493\Debug\Design01.a(CyBootAsmGnu.o)
 .text          0x00000000      0x120 c:/program files (x86)/cypress/psoc creator/3.3/psoc creator/import/gnu/arm/4.9.3/bin/../lib/gcc/arm-none-eabi/4.9.3/armv6-m\libgcc.a(_udivsi3.o)
 .data          0x00000000        0x0 c:/program files (x86)/cypress/psoc creator/3.3/psoc creator/import/gnu/arm/4.9.3/bin/../lib/gcc/arm-none-eabi/4.9.3/armv6-m\libgcc.a(_udivsi3.o)
 .bss           0x00000000        0x0 c:/program files (x86)/cypress/psoc creator/3.3/psoc creator/import/gnu/arm/4.9.3/bin/../lib/gcc/arm-none-eabi/4.9.3/armv6-m\libgcc.a(_udivsi3.o)
 .data          0x00000000        0x0 c:/program files (x86)/cypress/psoc creator/3.3/psoc creator/import/gnu/arm/4.9.3/bin/../lib/gcc/arm-none-eabi/4.9.3/armv6-m\libgcc.a(_divsi3.o)
 .bss           0x00000000        0x0 c:/program files (x86)/cypress/psoc creator/3.3/psoc creator/import/gnu/arm/4.9.3/bin/../lib/gcc/arm-none-eabi/4.9.3/armv6-m\libgcc.a(_divsi3.o)
 .data          0x00000000        0x0 c:/program files (x86)/cypress/psoc creator/3.3/psoc creator/import/gnu/arm/4.9.3/bin/../lib/gcc/arm-none-eabi/4.9.3/armv6-m\libgcc.a(_dvmd_tls.o)
 .bss           0x00000000        0x0 c:/program files (x86)/cypress/psoc creator/3.3/psoc creator/import/gnu/arm/4.9.3/bin/../lib/gcc/arm-none-eabi/4.9.3/armv6-m\libgcc.a(_dvmd_tls.o)
 .text          0x00000000       0x48 c:/program files (x86)/cypress/psoc creator/3.3/psoc creator/import/gnu/arm/4.9.3/bin/../lib/gcc/arm-none-eabi/4.9.3/armv6-m\libgcc.a(_aeabi_ldivmod.o)
 .data          0x00000000        0x0 c:/program files (x86)/cypress/psoc creator/3.3/psoc creator/import/gnu/arm/4.9.3/bin/../lib/gcc/arm-none-eabi/4.9.3/armv6-m\libgcc.a(_aeabi_ldivmod.o)
 .bss           0x00000000        0x0 c:/program files (x86)/cypress/psoc creator/3.3/psoc creator/import/gnu/arm/4.9.3/bin/../lib/gcc/arm-none-eabi/4.9.3/armv6-m\libgcc.a(_aeabi_ldivmod.o)
 .text          0x00000000       0x54 c:/program files (x86)/cypress/psoc creator/3.3/psoc creator/import/gnu/arm/4.9.3/bin/../lib/gcc/arm-none-eabi/4.9.3/armv6-m\libgcc.a(_muldi3.o)
 .data          0x00000000        0x0 c:/program files (x86)/cypress/psoc creator/3.3/psoc creator/import/gnu/arm/4.9.3/bin/../lib/gcc/arm-none-eabi/4.9.3/armv6-m\libgcc.a(_muldi3.o)
 .bss           0x00000000        0x0 c:/program files (x86)/cypress/psoc creator/3.3/psoc creator/import/gnu/arm/4.9.3/bin/../lib/gcc/arm-none-eabi/4.9.3/armv6-m\libgcc.a(_muldi3.o)
 .text          0x00000000       0x6c c:/program files (x86)/cypress/psoc creator/3.3/psoc creator/import/gnu/arm/4.9.3/bin/../lib/gcc/arm-none-eabi/4.9.3/armv6-m\libgcc.a(bpabi.o)
 .data          0x00000000        0x0 c:/program files (x86)/cypress/psoc creator/3.3/psoc creator/import/gnu/arm/4.9.3/bin/../lib/gcc/arm-none-eabi/4.9.3/armv6-m\libgcc.a(bpabi.o)
 .bss           0x00000000        0x0 c:/program files (x86)/cypress/psoc creator/3.3/psoc creator/import/gnu/arm/4.9.3/bin/../lib/gcc/arm-none-eabi/4.9.3/armv6-m\libgcc.a(bpabi.o)
 .text          0x00000000      0x270 c:/program files (x86)/cypress/psoc creator/3.3/psoc creator/import/gnu/arm/4.9.3/bin/../lib/gcc/arm-none-eabi/4.9.3/armv6-m\libgcc.a(divsf3.o)
 .data          0x00000000        0x0 c:/program files (x86)/cypress/psoc creator/3.3/psoc creator/import/gnu/arm/4.9.3/bin/../lib/gcc/arm-none-eabi/4.9.3/armv6-m\libgcc.a(divsf3.o)
 .bss           0x00000000        0x0 c:/program files (x86)/cypress/psoc creator/3.3/psoc creator/import/gnu/arm/4.9.3/bin/../lib/gcc/arm-none-eabi/4.9.3/armv6-m\libgcc.a(divsf3.o)
 .rodata        0x00000000       0x80 c:/program files (x86)/cypress/psoc creator/3.3/psoc creator/import/gnu/arm/4.9.3/bin/../lib/gcc/arm-none-eabi/4.9.3/armv6-m\libgcc.a(divsf3.o)
 .text          0x00000000      0x264 c:/program files (x86)/cypress/psoc creator/3.3/psoc creator/import/gnu/arm/4.9.3/bin/../lib/gcc/arm-none-eabi/4.9.3/armv6-m\libgcc.a(mulsf3.o)
 .data          0x00000000        0x0 c:/program files (x86)/cypress/psoc creator/3.3/psoc creator/import/gnu/arm/4.9.3/bin/../lib/gcc/arm-none-eabi/4.9.3/armv6-m\libgcc.a(mulsf3.o)
 .bss           0x00000000        0x0 c:/program files (x86)/cypress/psoc creator/3.3/psoc creator/import/gnu/arm/4.9.3/bin/../lib/gcc/arm-none-eabi/4.9.3/armv6-m\libgcc.a(mulsf3.o)
 .rodata        0x00000000       0x40 c:/program files (x86)/cypress/psoc creator/3.3/psoc creator/import/gnu/arm/4.9.3/bin/../lib/gcc/arm-none-eabi/4.9.3/armv6-m\libgcc.a(mulsf3.o)
 .text          0x00000000       0x90 c:/program files (x86)/cypress/psoc creator/3.3/psoc creator/import/gnu/arm/4.9.3/bin/../lib/gcc/arm-none-eabi/4.9.3/armv6-m\libgcc.a(floatsisf.o)
 .data          0x00000000        0x0 c:/program files (x86)/cypress/psoc creator/3.3/psoc creator/import/gnu/arm/4.9.3/bin/../lib/gcc/arm-none-eabi/4.9.3/armv6-m\libgcc.a(floatsisf.o)
 .bss           0x00000000        0x0 c:/program files (x86)/cypress/psoc creator/3.3/psoc creator/import/gnu/arm/4.9.3/bin/../lib/gcc/arm-none-eabi/4.9.3/armv6-m\libgcc.a(floatsisf.o)
 .text          0x00000000       0x3c c:/program files (x86)/cypress/psoc creator/3.3/psoc creator/import/gnu/arm/4.9.3/bin/../lib/gcc/arm-none-eabi/4.9.3/armv6-m\libgcc.a(_clzsi2.o)
 .data          0x00000000        0x0 c:/program files (x86)/cypress/psoc creator/3.3/psoc creator/import/gnu/arm/4.9.3/bin/../lib/gcc/arm-none-eabi/4.9.3/armv6-m\libgcc.a(_clzsi2.o)
 .bss           0x00000000        0x0 c:/program files (x86)/cypress/psoc creator/3.3/psoc creator/import/gnu/arm/4.9.3/bin/../lib/gcc/arm-none-eabi/4.9.3/armv6-m\libgcc.a(_clzsi2.o)
 .text          0x00000000      0x1f0 c:/program files (x86)/cypress/psoc creator/3.3/psoc creator/import/gnu/arm/4.9.3/bin/../lib/gcc/arm-none-eabi/4.9.3/armv6-m\libgcc.a(_divdi3.o)
 .data          0x00000000        0x0 c:/program files (x86)/cypress/psoc creator/3.3/psoc creator/import/gnu/arm/4.9.3/bin/../lib/gcc/arm-none-eabi/4.9.3/armv6-m\libgcc.a(_divdi3.o)
 .bss           0x00000000        0x0 c:/program files (x86)/cypress/psoc creator/3.3/psoc creator/import/gnu/arm/4.9.3/bin/../lib/gcc/arm-none-eabi/4.9.3/armv6-m\libgcc.a(_divdi3.o)
 .ARM.extab     0x00000000        0x0 c:/program files (x86)/cypress/psoc creator/3.3/psoc creator/import/gnu/arm/4.9.3/bin/../lib/gcc/arm-none-eabi/4.9.3/armv6-m\libgcc.a(_divdi3.o)
 .ARM.exidx     0x00000000        0x8 c:/program files (x86)/cypress/psoc creator/3.3/psoc creator/import/gnu/arm/4.9.3/bin/../lib/gcc/arm-none-eabi/4.9.3/armv6-m\libgcc.a(_divdi3.o)
 .text          0x00000000      0x158 c:/program files (x86)/cypress/psoc creator/3.3/psoc creator/import/gnu/arm/4.9.3/bin/../lib/gcc/arm-none-eabi/4.9.3/armv6-m\libgcc.a(_udivdi3.o)
 .data          0x00000000        0x0 c:/program files (x86)/cypress/psoc creator/3.3/psoc creator/import/gnu/arm/4.9.3/bin/../lib/gcc/arm-none-eabi/4.9.3/armv6-m\libgcc.a(_udivdi3.o)
 .bss           0x00000000        0x0 c:/program files (x86)/cypress/psoc creator/3.3/psoc creator/import/gnu/arm/4.9.3/bin/../lib/gcc/arm-none-eabi/4.9.3/armv6-m\libgcc.a(_udivdi3.o)
 .ARM.extab     0x00000000        0x0 c:/program files (x86)/cypress/psoc creator/3.3/psoc creator/import/gnu/arm/4.9.3/bin/../lib/gcc/arm-none-eabi/4.9.3/armv6-m\libgcc.a(_udivdi3.o)
 .ARM.exidx     0x00000000        0x8 c:/program files (x86)/cypress/psoc creator/3.3/psoc creator/import/gnu/arm/4.9.3/bin/../lib/gcc/arm-none-eabi/4.9.3/armv6-m\libgcc.a(_udivdi3.o)
 .text          0x00000000       0x18 c:/program files (x86)/cypress/psoc creator/3.3/psoc creator/import/gnu/arm/4.9.3/bin/../lib/gcc/arm-none-eabi/4.9.3/armv6-m\libgcc.a(_clzdi2.o)
 .data          0x00000000        0x0 c:/program files (x86)/cypress/psoc creator/3.3/psoc creator/import/gnu/arm/4.9.3/bin/../lib/gcc/arm-none-eabi/4.9.3/armv6-m\libgcc.a(_clzdi2.o)
 .bss           0x00000000        0x0 c:/program files (x86)/cypress/psoc creator/3.3/psoc creator/import/gnu/arm/4.9.3/bin/../lib/gcc/arm-none-eabi/4.9.3/armv6-m\libgcc.a(_clzdi2.o)
 .text          0x00000000        0x0 c:/program files (x86)/cypress/psoc creator/3.3/psoc creator/import/gnu/arm/4.9.3/bin/../lib/gcc/arm-none-eabi/4.9.3/../../../../arm-none-eabi/lib/armv6-m\libg_nano.a(lib_a-errno.o)
 .data          0x00000000        0x0 c:/program files (x86)/cypress/psoc creator/3.3/psoc creator/import/gnu/arm/4.9.3/bin/../lib/gcc/arm-none-eabi/4.9.3/../../../../arm-none-eabi/lib/armv6-m\libg_nano.a(lib_a-errno.o)
 .bss           0x00000000        0x0 c:/program files (x86)/cypress/psoc creator/3.3/psoc creator/import/gnu/arm/4.9.3/bin/../lib/gcc/arm-none-eabi/4.9.3/../../../../arm-none-eabi/lib/armv6-m\libg_nano.a(lib_a-errno.o)
 .text.__errno  0x00000000        0xc c:/program files (x86)/cypress/psoc creator/3.3/psoc creator/import/gnu/arm/4.9.3/bin/../lib/gcc/arm-none-eabi/4.9.3/../../../../arm-none-eabi/lib/armv6-m\libg_nano.a(lib_a-errno.o)
 .text          0x00000000        0x0 c:/program files (x86)/cypress/psoc creator/3.3/psoc creator/import/gnu/arm/4.9.3/bin/../lib/gcc/arm-none-eabi/4.9.3/../../../../arm-none-eabi/lib/armv6-m\libg_nano.a(lib_a-exit.o)
 .data          0x00000000        0x0 c:/program files (x86)/cypress/psoc creator/3.3/psoc creator/import/gnu/arm/4.9.3/bin/../lib/gcc/arm-none-eabi/4.9.3/../../../../arm-none-eabi/lib/armv6-m\libg_nano.a(lib_a-exit.o)
 .bss           0x00000000        0x0 c:/program files (x86)/cypress/psoc creator/3.3/psoc creator/import/gnu/arm/4.9.3/bin/../lib/gcc/arm-none-eabi/4.9.3/../../../../arm-none-eabi/lib/armv6-m\libg_nano.a(lib_a-exit.o)
 .text.exit     0x00000000       0x2c c:/program files (x86)/cypress/psoc creator/3.3/psoc creator/import/gnu/arm/4.9.3/bin/../lib/gcc/arm-none-eabi/4.9.3/../../../../arm-none-eabi/lib/armv6-m\libg_nano.a(lib_a-exit.o)
 .text          0x00000000        0x0 c:/program files (x86)/cypress/psoc creator/3.3/psoc creator/import/gnu/arm/4.9.3/bin/../lib/gcc/arm-none-eabi/4.9.3/../../../../arm-none-eabi/lib/armv6-m\libg_nano.a(lib_a-impure.o)
 .data          0x00000000        0x0 c:/program files (x86)/cypress/psoc creator/3.3/psoc creator/import/gnu/arm/4.9.3/bin/../lib/gcc/arm-none-eabi/4.9.3/../../../../arm-none-eabi/lib/armv6-m\libg_nano.a(lib_a-impure.o)
 .bss           0x00000000        0x0 c:/program files (x86)/cypress/psoc creator/3.3/psoc creator/import/gnu/arm/4.9.3/bin/../lib/gcc/arm-none-eabi/4.9.3/../../../../arm-none-eabi/lib/armv6-m\libg_nano.a(lib_a-impure.o)
 .data.impure_data
                0x00000000       0x60 c:/program files (x86)/cypress/psoc creator/3.3/psoc creator/import/gnu/arm/4.9.3/bin/../lib/gcc/arm-none-eabi/4.9.3/../../../../arm-none-eabi/lib/armv6-m\libg_nano.a(lib_a-impure.o)
 .data._impure_ptr
                0x00000000        0x4 c:/program files (x86)/cypress/psoc creator/3.3/psoc creator/import/gnu/arm/4.9.3/bin/../lib/gcc/arm-none-eabi/4.9.3/../../../../arm-none-eabi/lib/armv6-m\libg_nano.a(lib_a-impure.o)
 .rodata.str1.1
                0x00000000        0x2 c:/program files (x86)/cypress/psoc creator/3.3/psoc creator/import/gnu/arm/4.9.3/bin/../lib/gcc/arm-none-eabi/4.9.3/../../../../arm-none-eabi/lib/armv6-m\libg_nano.a(lib_a-impure.o)
 .rodata._global_impure_ptr
                0x00000000        0x4 c:/program files (x86)/cypress/psoc creator/3.3/psoc creator/import/gnu/arm/4.9.3/bin/../lib/gcc/arm-none-eabi/4.9.3/../../../../arm-none-eabi/lib/armv6-m\libg_nano.a(lib_a-impure.o)
 .text          0x00000000        0x0 c:/program files (x86)/cypress/psoc creator/3.3/psoc creator/import/gnu/arm/4.9.3/bin/../lib/gcc/arm-none-eabi/4.9.3/../../../../arm-none-eabi/lib/armv6-m\libg_nano.a(lib_a-init.o)
 .data          0x00000000        0x0 c:/program files (x86)/cypress/psoc creator/3.3/psoc creator/import/gnu/arm/4.9.3/bin/../lib/gcc/arm-none-eabi/4.9.3/../../../../arm-none-eabi/lib/armv6-m\libg_nano.a(lib_a-init.o)
 .bss           0x00000000        0x0 c:/program files (x86)/cypress/psoc creator/3.3/psoc creator/import/gnu/arm/4.9.3/bin/../lib/gcc/arm-none-eabi/4.9.3/../../../../arm-none-eabi/lib/armv6-m\libg_nano.a(lib_a-init.o)
 .text          0x00000000        0x0 c:/program files (x86)/cypress/psoc creator/3.3/psoc creator/import/gnu/arm/4.9.3/bin/../lib/gcc/arm-none-eabi/4.9.3/../../../../arm-none-eabi/lib/armv6-m\libg_nano.a(lib_a-memset.o)
 .data          0x00000000        0x0 c:/program files (x86)/cypress/psoc creator/3.3/psoc creator/import/gnu/arm/4.9.3/bin/../lib/gcc/arm-none-eabi/4.9.3/../../../../arm-none-eabi/lib/armv6-m\libg_nano.a(lib_a-memset.o)
 .bss           0x00000000        0x0 c:/program files (x86)/cypress/psoc creator/3.3/psoc creator/import/gnu/arm/4.9.3/bin/../lib/gcc/arm-none-eabi/4.9.3/../../../../arm-none-eabi/lib/armv6-m\libg_nano.a(lib_a-memset.o)
 .text          0x00000000        0x0 c:/program files (x86)/cypress/psoc creator/3.3/psoc creator/import/gnu/arm/4.9.3/bin/../lib/gcc/arm-none-eabi/4.9.3/armv6-m/crtend.o
 .data          0x00000000        0x0 c:/program files (x86)/cypress/psoc creator/3.3/psoc creator/import/gnu/arm/4.9.3/bin/../lib/gcc/arm-none-eabi/4.9.3/armv6-m/crtend.o
 .bss           0x00000000        0x0 c:/program files (x86)/cypress/psoc creator/3.3/psoc creator/import/gnu/arm/4.9.3/bin/../lib/gcc/arm-none-eabi/4.9.3/armv6-m/crtend.o
 .text          0x00000000        0x0 c:/program files (x86)/cypress/psoc creator/3.3/psoc creator/import/gnu/arm/4.9.3/bin/../lib/gcc/arm-none-eabi/4.9.3/armv6-m/crtn.o
 .data          0x00000000        0x0 c:/program files (x86)/cypress/psoc creator/3.3/psoc creator/import/gnu/arm/4.9.3/bin/../lib/gcc/arm-none-eabi/4.9.3/armv6-m/crtn.o
 .bss           0x00000000        0x0 c:/program files (x86)/cypress/psoc creator/3.3/psoc creator/import/gnu/arm/4.9.3/bin/../lib/gcc/arm-none-eabi/4.9.3/armv6-m/crtn.o

Memory Configuration

Name             Origin             Length             Attributes
rom              0x00000000         0x00008000         xr
ram              0x20000000         0x00001000         xrw
*default*        0x00000000         0xffffffff

Linker script and memory map

LOAD c:/program files (x86)/cypress/psoc creator/3.3/psoc creator/import/gnu/arm/4.9.3/bin/../lib/gcc/arm-none-eabi/4.9.3/armv6-m/crti.o
LOAD c:/program files (x86)/cypress/psoc creator/3.3/psoc creator/import/gnu/arm/4.9.3/bin/../lib/gcc/arm-none-eabi/4.9.3/armv6-m/crtbegin.o
LOAD c:/program files (x86)/cypress/psoc creator/3.3/psoc creator/import/gnu/arm/4.9.3/bin/../lib/gcc/arm-none-eabi/4.9.3/../../../../arm-none-eabi/lib/armv6-m/crt0.o
START GROUP
LOAD .\CortexM0\ARM_GCC_493\Debug\main.o
LOAD .\CortexM0\ARM_GCC_493\Debug\cymetadata.o
LOAD .\CortexM0\ARM_GCC_493\Debug\Cm0Start.o
LOAD .\CortexM0\ARM_GCC_493\Debug\Design01.a
LOAD C:\Program Files (x86)\Cypress\PSoC Creator\3.3\PSoC Creator\psoc\content\cycomponentlibrary\CyComponentLibrary.cylib\CortexM0\ARM_GCC_493\Debug\CyComponentLibrary.a
END GROUP
START GROUP
LOAD c:/program files (x86)/cypress/psoc creator/3.3/psoc creator/import/gnu/arm/4.9.3/bin/../lib/gcc/arm-none-eabi/4.9.3/armv6-m\libgcc.a
LOAD c:/program files (x86)/cypress/psoc creator/3.3/psoc creator/import/gnu/arm/4.9.3/bin/../lib/gcc/arm-none-eabi/4.9.3/../../../../arm-none-eabi/lib/armv6-m\libg_nano.a
LOAD c:/program files (x86)/cypress/psoc creator/3.3/psoc creator/import/gnu/arm/4.9.3/bin/../lib/gcc/arm-none-eabi/4.9.3/../../../../arm-none-eabi/lib/armv6-m\libc_nano.a
END GROUP
START GROUP
LOAD c:/program files (x86)/cypress/psoc creator/3.3/psoc creator/import/gnu/arm/4.9.3/bin/../lib/gcc/arm-none-eabi/4.9.3/armv6-m\libgcc.a
LOAD c:/program files (x86)/cypress/psoc creator/3.3/psoc creator/import/gnu/arm/4.9.3/bin/../lib/gcc/arm-none-eabi/4.9.3/../../../../arm-none-eabi/lib/armv6-m\libc_nano.a
END GROUP
LOAD c:/program files (x86)/cypress/psoc creator/3.3/psoc creator/import/gnu/arm/4.9.3/bin/../lib/gcc/arm-none-eabi/4.9.3/armv6-m/crtend.o
LOAD c:/program files (x86)/cypress/psoc creator/3.3/psoc creator/import/gnu/arm/4.9.3/bin/../lib/gcc/arm-none-eabi/4.9.3/armv6-m/crtn.o
START GROUP
LOAD c:/program files (x86)/cypress/psoc creator/3.3/psoc creator/import/gnu/arm/4.9.3/bin/../lib/gcc/arm-none-eabi/4.9.3/armv6-m\libgcc.a
LOAD c:/program files (x86)/cypress/psoc creator/3.3/psoc creator/import/gnu/arm/4.9.3/bin/../lib/gcc/arm-none-eabi/4.9.3/../../../../arm-none-eabi/lib/armv6-m\libc.a
LOAD c:/program files (x86)/cypress/psoc creator/3.3/psoc creator/import/gnu/arm/4.9.3/bin/../lib/gcc/arm-none-eabi/4.9.3/../../../../arm-none-eabi/lib/armv6-m\libnosys.a
END GROUP
                0x00000000                CY_APPL_ORIGIN = 0x0
                0x00000080                CY_FLASH_ROW_SIZE = 0x80
                0x00000001                CY_APPL_NUM = 0x1
                0x00000001                CY_APPL_MAX = 0x1
                0x00000040                CY_METADATA_SIZE = 0x40
                0x00000000                CY_APPL_LOADABLE = 0x0
                0x00000000                CY_CHECKSUM_EXCLUDE_SIZE = ALIGN (0x0, CY_FLASH_ROW_SIZE)
                0x00000000                CY_APP_FOR_STACK_AND_COPIER = 0x0
                0x20000138                PROVIDE (__cy_heap_start, _end)
                0x00000001                PROVIDE (__cy_region_num, ((__cy_regions_end - __cy_regions) / 0x10))
                0x20001000                PROVIDE (__cy_stack, (ORIGIN (ram) + 0x1000))
                0x20000c00                PROVIDE (__cy_heap_end, (__cy_stack - 0x400))

.cybootloader   0x00000000        0x0
 *(.cybootloader)
                0x00000000                appl1_start = CY_APPL_ORIGIN?CY_APPL_ORIGIN:ALIGN (CY_FLASH_ROW_SIZE)
                0x00003f80                appl2_start = (appl1_start + ALIGN ((((0x8000 - appl1_start) - (0x2 * CY_FLASH_ROW_SIZE)) / 0x2), CY_FLASH_ROW_SIZE))
                0x00000000                appl_start = (CY_APPL_NUM == 0x1)?appl1_start:appl2_start
                0x00000001                cy_project_type_bootloader = (appl_start == 0x0)?0x1:0x0
                0x00000000                cy_project_type_app_for_stack_and_copier = (CY_APP_FOR_STACK_AND_COPIER == 0x1)?0x1:0x0

.text           0x00000000      0xd98
 CREATE_OBJECT_SYMBOLS
                0x00000000                PROVIDE (__cy_interrupt_vector, RomVectors)
 *(.romvectors)
 .romvectors    0x00000000       0x10 .\CortexM0\ARM_GCC_493\Debug\Cm0Start.o
                0x00000000                RomVectors
                0x00000001                ASSERT ((. != __cy_interrupt_vector), No interrupt vector)
                0x00000001                ASSERT (CY_APPL_ORIGIN?(SIZEOF (.cybootloader) <= CY_APPL_ORIGIN):0x1, Wrong image location)
                0x00000010                PROVIDE (__cy_reset, Reset)
 *(.text.Reset)
 .text.Reset    0x00000010        0x8 .\CortexM0\ARM_GCC_493\Debug\Cm0Start.o
                0x00000010                Reset
                0x00000001                ASSERT ((. != __cy_reset), No reset code)
 *(.psocinit)
 .psocinit      0x00000018      0x14c .\CortexM0\ARM_GCC_493\Debug\Design01.a(cyfitter_cfg.o)
                0x0000008c                cyfitter_cfg
                0x00000164                . = MAX (., 0x100)
 *(.text .text.* .gnu.linkonce.t.*)
 .text          0x00000164       0x60 c:/program files (x86)/cypress/psoc creator/3.3/psoc creator/import/gnu/arm/4.9.3/bin/../lib/gcc/arm-none-eabi/4.9.3/armv6-m/crtbegin.o
 .text.MY_ISR   0x000001c4       0x24 .\CortexM0\ARM_GCC_493\Debug\main.o
                0x000001c4                MY_ISR
 .text.ADC_SAR_SEQ_ISR_LOC
                0x000001e8       0x34 .\CortexM0\ARM_GCC_493\Debug\main.o
                0x000001e8                ADC_SAR_SEQ_ISR_LOC
 .text.main     0x0000021c       0x4c .\CortexM0\ARM_GCC_493\Debug\main.o
                0x0000021c                main
 .text.IntDefaultHandler
                0x00000268        0x4 .\CortexM0\ARM_GCC_493\Debug\Cm0Start.o
                0x00000268                IntDefaultHandler
 .text.Start_c  0x0000026c       0x48 .\CortexM0\ARM_GCC_493\Debug\Cm0Start.o
                0x0000026c                Start_c
 .text.initialize_psoc
                0x000002b4       0x48 .\CortexM0\ARM_GCC_493\Debug\Cm0Start.o
                0x000002b4                initialize_psoc
 .text.cfg_write_bytes32
                0x000002fc       0x34 .\CortexM0\ARM_GCC_493\Debug\Design01.a(cyfitter_cfg.o)
 .text.CYMEMZERO
                0x00000330        0xc .\CortexM0\ARM_GCC_493\Debug\Design01.a(cyfitter_cfg.o)
 .text.SetAnalogRoutingPumps
                0x0000033c       0x20 .\CortexM0\ARM_GCC_493\Debug\Design01.a(cyfitter_cfg.o)
                0x0000033c                SetAnalogRoutingPumps
 .text.AnalogSetDefault
                0x0000035c       0x20 .\CortexM0\ARM_GCC_493\Debug\Design01.a(cyfitter_cfg.o)
 .text.CyIntEnable
                0x0000037c       0x14 .\CortexM0\ARM_GCC_493\Debug\Design01.a(CyLib.o)
                0x0000037c                CyIntEnable
 .text.CyHalt   0x00000390        0x4 .\CortexM0\ARM_GCC_493\Debug\Design01.a(CyLib.o)
                0x00000390                CyHalt
 .text.CyIntSetVector
                0x00000394       0x24 .\CortexM0\ARM_GCC_493\Debug\Design01.a(CyLib.o)
                0x00000394                CyIntSetVector
 .text.CyIntSetPriority
                0x000003b8       0x4c .\CortexM0\ARM_GCC_493\Debug\Design01.a(CyLib.o)
                0x000003b8                CyIntSetPriority
 .text.CyDelayUs
                0x00000404       0x14 .\CortexM0\ARM_GCC_493\Debug\Design01.a(CyLib.o)
                0x00000404                CyDelayUs
 .text.CySysClkWriteImoFreq
                0x00000418      0x164 .\CortexM0\ARM_GCC_493\Debug\Design01.a(CyLib.o)
                0x00000418                CySysClkWriteImoFreq
 .text.CySysWdtLocked
                0x0000057c       0x14 .\CortexM0\ARM_GCC_493\Debug\Design01.a(CyLFClk.o)
 .text.CySysWdtLock
                0x00000590       0x1c .\CortexM0\ARM_GCC_493\Debug\Design01.a(CyLFClk.o)
                0x00000590                CySysWdtLock
 .text.CySysWdtUnlock
                0x000005ac       0x30 .\CortexM0\ARM_GCC_493\Debug\Design01.a(CyLFClk.o)
                0x000005ac                CySysWdtUnlock
 .text.CySysWdtClearInterrupt
                0x000005dc       0x4c .\CortexM0\ARM_GCC_493\Debug\Design01.a(CyLFClk.o)
                0x000005dc                CySysWdtClearInterrupt
 .text.CySysWdtIsr
                0x00000628       0xa4 .\CortexM0\ARM_GCC_493\Debug\Design01.a(CyLFClk.o)
                0x00000628                CySysWdtIsr
 .text.ADC_SAR_Seq_Init
                0x000006cc      0x1c8 .\CortexM0\ARM_GCC_493\Debug\Design01.a(ADC_SAR_Seq.o)
                0x000006cc                ADC_SAR_Seq_Init
 .text.ADC_SAR_Seq_Enable
                0x00000894       0x24 .\CortexM0\ARM_GCC_493\Debug\Design01.a(ADC_SAR_Seq.o)
                0x00000894                ADC_SAR_Seq_Enable
 .text.ADC_SAR_Seq_Start
                0x000008b8       0x20 .\CortexM0\ARM_GCC_493\Debug\Design01.a(ADC_SAR_Seq.o)
                0x000008b8                ADC_SAR_Seq_Start
 .text.ADC_SAR_Seq_StartConvert
                0x000008d8       0x14 .\CortexM0\ARM_GCC_493\Debug\Design01.a(ADC_SAR_Seq.o)
                0x000008d8                ADC_SAR_Seq_StartConvert
 .text.ADC_SAR_Seq_GetResult16
                0x000008ec       0x38 .\CortexM0\ARM_GCC_493\Debug\Design01.a(ADC_SAR_Seq.o)
                0x000008ec                ADC_SAR_Seq_GetResult16
 .text.ADC_SAR_Seq_EnableInjection
                0x00000924       0x14 .\CortexM0\ARM_GCC_493\Debug\Design01.a(ADC_SAR_Seq.o)
                0x00000924                ADC_SAR_Seq_EnableInjection
 .text.ADC_SAR_Seq_ISR
                0x00000938        0xc .\CortexM0\ARM_GCC_493\Debug\Design01.a(ADC_SAR_Seq_INT.o)
                0x00000938                ADC_SAR_Seq_ISR
 .text.DieTemp_CountsTo_Celsius
                0x00000944       0x68 .\CortexM0\ARM_GCC_493\Debug\Design01.a(DieTemp.o)
                0x00000944                DieTemp_CountsTo_Celsius
 .text.ADC_SAR_Seq_IRQ_SetVector
                0x000009ac        0xc .\CortexM0\ARM_GCC_493\Debug\Design01.a(ADC_SAR_Seq_IRQ.o)
                0x000009ac                ADC_SAR_Seq_IRQ_SetVector
 .text.ADC_SAR_Seq_IRQ_SetPriority
                0x000009b8       0x24 .\CortexM0\ARM_GCC_493\Debug\Design01.a(ADC_SAR_Seq_IRQ.o)
                0x000009b8                ADC_SAR_Seq_IRQ_SetPriority
 .text.ADC_SAR_Seq_IRQ_Enable
                0x000009dc       0x10 .\CortexM0\ARM_GCC_493\Debug\Design01.a(ADC_SAR_Seq_IRQ.o)
                0x000009dc                ADC_SAR_Seq_IRQ_Enable
 .text.ADC_SAR_Seq_IRQ_Disable
                0x000009ec       0x10 .\CortexM0\ARM_GCC_493\Debug\Design01.a(ADC_SAR_Seq_IRQ.o)
                0x000009ec                ADC_SAR_Seq_IRQ_Disable
 .text.ADC_SAR_Seq_IRQ_StartEx
                0x000009fc       0x1c .\CortexM0\ARM_GCC_493\Debug\Design01.a(ADC_SAR_Seq_IRQ.o)
                0x000009fc                ADC_SAR_Seq_IRQ_StartEx
 .text.Timer_Enable
                0x00000a18       0x10 .\CortexM0\ARM_GCC_493\Debug\Design01.a(Timer.o)
                0x00000a18                Timer_Enable
 .text.Timer_SetInterruptMode
                0x00000a28        0xc .\CortexM0\ARM_GCC_493\Debug\Design01.a(Timer.o)
                0x00000a28                Timer_SetInterruptMode
 .text.Timer_ReadStatusRegister
                0x00000a34        0xc .\CortexM0\ARM_GCC_493\Debug\Design01.a(Timer.o)
                0x00000a34                Timer_ReadStatusRegister
 .text.Timer_WritePeriod
                0x00000a40        0xc .\CortexM0\ARM_GCC_493\Debug\Design01.a(Timer.o)
                0x00000a40                Timer_WritePeriod
 .text.Timer_ReadCapture
                0x00000a4c        0xc .\CortexM0\ARM_GCC_493\Debug\Design01.a(Timer.o)
                0x00000a4c                Timer_ReadCapture
 .text.Timer_WriteCounter
                0x00000a58        0xc .\CortexM0\ARM_GCC_493\Debug\Design01.a(Timer.o)
                0x00000a58                Timer_WriteCounter
 .text.Timer_ClearFIFO
                0x00000a64       0x14 .\CortexM0\ARM_GCC_493\Debug\Design01.a(Timer.o)
                0x00000a64                Timer_ClearFIFO
 .text.Timer_Init
                0x00000a78       0x38 .\CortexM0\ARM_GCC_493\Debug\Design01.a(Timer.o)
                0x00000a78                Timer_Init
 .text.Timer_Start
                0x00000ab0       0x20 .\CortexM0\ARM_GCC_493\Debug\Design01.a(Timer.o)
                0x00000ab0                Timer_Start
 .text.isr_1_SetVector
                0x00000ad0        0xc .\CortexM0\ARM_GCC_493\Debug\Design01.a(isr_1.o)
                0x00000ad0                isr_1_SetVector
 .text.isr_1_SetPriority
                0x00000adc       0x20 .\CortexM0\ARM_GCC_493\Debug\Design01.a(isr_1.o)
                0x00000adc                isr_1_SetPriority
 .text.isr_1_Enable
                0x00000afc        0xc .\CortexM0\ARM_GCC_493\Debug\Design01.a(isr_1.o)
                0x00000afc                isr_1_Enable
 .text.isr_1_Disable
                0x00000b08        0xc .\CortexM0\ARM_GCC_493\Debug\Design01.a(isr_1.o)
                0x00000b08                isr_1_Disable
 .text.isr_1_StartEx
                0x00000b14       0x1c .\CortexM0\ARM_GCC_493\Debug\Design01.a(isr_1.o)
                0x00000b14                isr_1_StartEx
 .text          0x00000b30       0x28 .\CortexM0\ARM_GCC_493\Debug\Design01.a(CyBootAsmGnu.o)
                0x00000b30                CyDelayCycles
                0x00000b44                CyEnterCriticalSection
                0x00000b4c                CyExitCriticalSection
 .text          0x00000b58      0x1e0 c:/program files (x86)/cypress/psoc creator/3.3/psoc creator/import/gnu/arm/4.9.3/bin/../lib/gcc/arm-none-eabi/4.9.3/armv6-m\libgcc.a(_divsi3.o)
                0x00000b58                __divsi3
                0x00000b58                __aeabi_idiv
                0x00000d24                __aeabi_idivmod
 .text          0x00000d38        0x4 c:/program files (x86)/cypress/psoc creator/3.3/psoc creator/import/gnu/arm/4.9.3/bin/../lib/gcc/arm-none-eabi/4.9.3/armv6-m\libgcc.a(_dvmd_tls.o)
                0x00000d38                __aeabi_idiv0
                0x00000d38                __aeabi_ldiv0
 .text.__libc_init_array
                0x00000d3c       0x4c c:/program files (x86)/cypress/psoc creator/3.3/psoc creator/import/gnu/arm/4.9.3/bin/../lib/gcc/arm-none-eabi/4.9.3/../../../../arm-none-eabi/lib/armv6-m\libg_nano.a(lib_a-init.o)
                0x00000d3c                __libc_init_array
 .text.memset   0x00000d88       0x10 c:/program files (x86)/cypress/psoc creator/3.3/psoc creator/import/gnu/arm/4.9.3/bin/../lib/gcc/arm-none-eabi/4.9.3/../../../../arm-none-eabi/lib/armv6-m\libg_nano.a(lib_a-memset.o)
                0x00000d88                memset
 *(.plt)
 *(.gnu.warning)
 *(.glue_7t)
 .glue_7t       0x00000000        0x0 linker stubs
 *(.glue_7)
 .glue_7        0x00000000        0x0 linker stubs
 *(.vfp11_veneer)
 .vfp11_veneer  0x00000000        0x0 linker stubs
 *(.bootloader)
 *(.ARM.extab* .gnu.linkonce.armextab.*)
 *(.gcc_except_table)

.v4_bx          0x00000d98        0x0
 .v4_bx         0x00000000        0x0 linker stubs

.iplt           0x00000d98        0x0
 .iplt          0x00000000        0x0 c:/program files (x86)/cypress/psoc creator/3.3/psoc creator/import/gnu/arm/4.9.3/bin/../lib/gcc/arm-none-eabi/4.9.3/armv6-m/crtbegin.o

.eh_frame_hdr
 *(.eh_frame_hdr)

.eh_frame       0x00000d98        0x4
 *(.eh_frame)
 .eh_frame      0x00000d98        0x0 c:/program files (x86)/cypress/psoc creator/3.3/psoc creator/import/gnu/arm/4.9.3/bin/../lib/gcc/arm-none-eabi/4.9.3/armv6-m/crtbegin.o
 .eh_frame      0x00000d98        0x4 c:/program files (x86)/cypress/psoc creator/3.3/psoc creator/import/gnu/arm/4.9.3/bin/../lib/gcc/arm-none-eabi/4.9.3/armv6-m/crtend.o
                0x00000d9c                PROVIDE (__exidx_start, .)

.ARM.exidx
 *(.ARM.exidx* .gnu.linkonce.armexidx.*)
                0x00000d9c                __exidx_end = .

.rodata         0x00000d9c      0x154
 *(.rodata .rodata.* .gnu.linkonce.r.*)
 .rodata        0x00000d9c       0xe0 .\CortexM0\ARM_GCC_493\Debug\Design01.a(cyfitter_cfg.o)
 .rodata        0x00000e7c       0x30 .\CortexM0\ARM_GCC_493\Debug\Design01.a(CyLib.o)
                0x00000e7c                cyImoFreqMhz2Reg
 .rodata        0x00000eac        0xc .\CortexM0\ARM_GCC_493\Debug\Design01.a(ADC_SAR_Seq.o)
                0x00000eb8                . = ALIGN (0x4)
 *(.init)
 .init          0x00000eb8        0x4 c:/program files (x86)/cypress/psoc creator/3.3/psoc creator/import/gnu/arm/4.9.3/bin/../lib/gcc/arm-none-eabi/4.9.3/armv6-m/crti.o
                0x00000eb8                _init
 .init          0x00000ebc        0x8 c:/program files (x86)/cypress/psoc creator/3.3/psoc creator/import/gnu/arm/4.9.3/bin/../lib/gcc/arm-none-eabi/4.9.3/armv6-m/crtn.o
                0x00000ec4                . = ALIGN (0x4)
                0x00000ec4                __preinit_array_start = .
 *(.preinit_array)
                0x00000ec4                __preinit_array_end = .
                0x00000ec4                . = ALIGN (0x4)
                0x00000ec4                __init_array_start = .
 *(SORT(.init_array.*))
 *(.init_array)
 .init_array    0x00000ec4        0x4 c:/program files (x86)/cypress/psoc creator/3.3/psoc creator/import/gnu/arm/4.9.3/bin/../lib/gcc/arm-none-eabi/4.9.3/armv6-m/crtbegin.o
 .init_array    0x00000ec8        0x4 .\CortexM0\ARM_GCC_493\Debug\Cm0Start.o
                0x00000ecc                __init_array_end = .
                0x00000ecc                . = ALIGN (0x4)
 *(.fini)
 .fini          0x00000ecc        0x4 c:/program files (x86)/cypress/psoc creator/3.3/psoc creator/import/gnu/arm/4.9.3/bin/../lib/gcc/arm-none-eabi/4.9.3/armv6-m/crti.o
                0x00000ecc                _fini
 .fini          0x00000ed0        0x8 c:/program files (x86)/cypress/psoc creator/3.3/psoc creator/import/gnu/arm/4.9.3/bin/../lib/gcc/arm-none-eabi/4.9.3/armv6-m/crtn.o
                0x00000ed8                . = ALIGN (0x4)
                0x00000ed8                __fini_array_start = .
 *(.fini_array)
 .fini_array    0x00000ed8        0x4 c:/program files (x86)/cypress/psoc creator/3.3/psoc creator/import/gnu/arm/4.9.3/bin/../lib/gcc/arm-none-eabi/4.9.3/armv6-m/crtbegin.o
 *(SORT(.fini_array.*))
                0x00000edc                __fini_array_end = .
                0x00000edc                . = ALIGN (0x4)
 *crtbegin.o(.ctors)
 *(EXCLUDE_FILE(*crtend.o) .ctors)
 *(SORT(.ctors.*))
 *crtend.o(.ctors)
                0x00000edc                . = ALIGN (0x4)
 *crtbegin.o(.dtors)
 *(EXCLUDE_FILE(*crtend.o) .dtors)
 *(SORT(.dtors.*))
 *crtend.o(.dtors)
                0x00000edc                . = ALIGN (0x4)
                0x00000edc                __cy_regions = .
                0x00000edc        0x4 LONG 0xef0 __cy_region_init_ram
                0x00000ee0        0x4 LONG 0x200000c8 __cy_region_start_data
                0x00000ee4        0x4 LONG 0x18 __cy_region_init_size_ram
                0x00000ee8        0x4 LONG 0x58 __cy_region_zero_size_ram
                0x00000eec                __cy_regions_end = .
                0x00000ef0                . = ALIGN (0x8)
 *fill*         0x00000eec        0x4 
                0x00000ef0                _etext = .

.cy_checksum_exclude
                0x00000ef0        0x0
 *(.cy_checksum_exclude)

.ramvectors     0x20000000       0xc0
                0x20000000                __cy_region_start_ram = .
 *(.ramvectors)
 .ramvectors    0x20000000       0xc0 .\CortexM0\ARM_GCC_493\Debug\Cm0Start.o
                0x20000000                CyRamVectors

.noinit         0x200000c0        0x4
 *(.noinit)
 .noinit        0x200000c0        0x4 .\CortexM0\ARM_GCC_493\Debug\Cm0Start.o

.data           0x200000c8       0x18 load address 0x00000ef0
                0x200000c8                __cy_region_start_data = .
 *(.jcr)
 .jcr           0x200000c8        0x0 c:/program files (x86)/cypress/psoc creator/3.3/psoc creator/import/gnu/arm/4.9.3/bin/../lib/gcc/arm-none-eabi/4.9.3/armv6-m/crtbegin.o
 .jcr           0x200000c8        0x4 c:/program files (x86)/cypress/psoc creator/3.3/psoc creator/import/gnu/arm/4.9.3/bin/../lib/gcc/arm-none-eabi/4.9.3/armv6-m/crtend.o
 *(.got.plt)
 *(.got)
 *(.shdata)
 *(.data .data.* .gnu.linkonce.d.*)
 .data          0x200000cc       0x10 .\CortexM0\ARM_GCC_493\Debug\Design01.a(CyLib.o)
                0x200000cc                cydelay32kMs
                0x200000d0                cydelayFreqKhz
                0x200000d4                cydelayFreqMhz
                0x200000d8                cydelayFreqHz
 .data          0x200000dc        0x4 .\CortexM0\ARM_GCC_493\Debug\Design01.a(CyLFClk.o)
                0x200000e0                . = ALIGN (0x8)
 *(.ram)
                0x200000e0                _edata = .

.igot.plt       0x200000e0        0x0 load address 0x00000f08
 .igot.plt      0x00000000        0x0 c:/program files (x86)/cypress/psoc creator/3.3/psoc creator/import/gnu/arm/4.9.3/bin/../lib/gcc/arm-none-eabi/4.9.3/armv6-m/crtbegin.o

.bss            0x200000e0       0x58 load address 0x00000f08
                0x200000e0                PROVIDE (__bss_start__, .)
 *(.shbss)
 *(.bss .bss.* .gnu.linkonce.b.*)
 .bss           0x200000e0       0x1c c:/program files (x86)/cypress/psoc creator/3.3/psoc creator/import/gnu/arm/4.9.3/bin/../lib/gcc/arm-none-eabi/4.9.3/armv6-m/crtbegin.o
 .bss           0x200000fc        0xc .\CortexM0\ARM_GCC_493\Debug\main.o
                0x200000fc                ms_count
                0x20000100                dataReady
                0x20000104                timer_delay
 .bss           0x20000108       0x1c .\CortexM0\ARM_GCC_493\Debug\Design01.a(CyLFClk.o)
 .bss           0x20000124        0x1 .\CortexM0\ARM_GCC_493\Debug\Design01.a(ADC_SAR_Seq.o)
                0x20000124                ADC_SAR_Seq_initVar
 .bss           0x20000125        0x1 .\CortexM0\ARM_GCC_493\Debug\Design01.a(Timer.o)
                0x20000125                Timer_initVar
 *(COMMON)
 *fill*         0x20000126        0x2 
 COMMON         0x20000128        0x4 .\CortexM0\ARM_GCC_493\Debug\main.o
                0x20000128                result
 COMMON         0x2000012c        0xc .\CortexM0\ARM_GCC_493\Debug\Design01.a(ADC_SAR_Seq.o)
                0x2000012c                ADC_SAR_Seq_countsPer10Volt
                0x20000134                ADC_SAR_Seq_offset
                0x20000138                . = ALIGN (0x8)
 *(.ram.b)
                0x20000138                _end = .
                0x20000138                __end = .
                0x20000138                PROVIDE (end, .)
                0x20000138                PROVIDE (__bss_end__, .)
                0x00000ef0                __cy_region_init_ram = LOADADDR (.data)
                0x00000018                __cy_region_init_size_ram = (_edata - ADDR (.data))
                0x00000058                __cy_region_zero_size_ram = (_end - _edata)

.heap           0x20000138       0x80 load address 0x00000f08
                0x20000138                . = _end
                0x200001b8                . = (. + 0x80)
 *fill*         0x20000138       0x80 
                0x200001b8                __cy_heap_limit = .

.stack          0x20000c00      0x400
                0x20000c00                __cy_stack_limit = .
                0x20001000                . = (. + 0x400)
 *fill*         0x20000c00      0x400 
                0x00000001                ASSERT ((__cy_stack_limit >= __cy_heap_limit), region RAM overflowed with stack)
                0x00000000                cy_checksum_exclude_size = (CY_APPL_LOADABLE == 0x1)?SIZEOF (.cy_checksum_exclude):0x0
                0x00000001                ASSERT ((cy_checksum_exclude_size <= CY_CHECKSUM_EXCLUDE_SIZE), CY_BOOT: Section .cy_checksum_exclude size exceedes specified limit.)
                0x00007fc0                cyloadermeta_start = (cy_project_type_bootloader || cy_project_type_app_for_stack_and_copier)?(0x8000 - CY_METADATA_SIZE):0xf0000000

.cyloadermeta
 *(.cyloadermeta)
                0x00007fc0                cyloadablemeta_start = cy_project_type_app_for_stack_and_copier?((0x8000 - CY_FLASH_ROW_SIZE) - CY_METADATA_SIZE):((0x8000 - (CY_FLASH_ROW_SIZE * (CY_APPL_NUM - 0x1))) - CY_METADATA_SIZE)

.cyloadablemeta
 *(.cyloadablemeta)

.cyflashprotect
                0x90400000       0x20
 *(.cyflashprotect)
 .cyflashprotect
                0x90400000       0x20 .\CortexM0\ARM_GCC_493\Debug\cymetadata.o
                0x90400000                cy_meta_flashprotect

.cymeta         0x90500000        0xc
 *(.cymeta)
 .cymeta        0x90500000        0xc .\CortexM0\ARM_GCC_493\Debug\cymetadata.o
                0x90500000                cy_metadata

.cychipprotect  0x90600000        0x4
 *(.cychipprotect)
 .cychipprotect
                0x90600000        0x4 .\CortexM0\ARM_GCC_493\Debug\cymetadata.o
                0x90600000                cy_meta_chipprotect

.rel.dyn        0x00000f08        0x0 load address 0x90600004
 .rel.iplt      0x00000000        0x0 c:/program files (x86)/cypress/psoc creator/3.3/psoc creator/import/gnu/arm/4.9.3/bin/../lib/gcc/arm-none-eabi/4.9.3/armv6-m/crtbegin.o

.stab
 *(.stab)

.stabstr
 *(.stabstr)

.debug
 *(.debug)

.line
 *(.line)

.debug_srcinfo
 *(.debug_srcinfo)

.debug_sfnames
 *(.debug_sfnames)

.debug_aranges  0x00000000      0x608
 *(.debug_aranges)
 .debug_aranges
                0x00000000       0x30 .\CortexM0\ARM_GCC_493\Debug\main.o
 .debug_aranges
                0x00000030       0x18 .\CortexM0\ARM_GCC_493\Debug\cymetadata.o
 .debug_aranges
                0x00000048       0x48 .\CortexM0\ARM_GCC_493\Debug\Cm0Start.o
 .debug_aranges
                0x00000090       0x48 .\CortexM0\ARM_GCC_493\Debug\Design01.a(cyfitter_cfg.o)
 .debug_aranges
                0x000000d8      0x170 .\CortexM0\ARM_GCC_493\Debug\Design01.a(CyLib.o)
 .debug_aranges
                0x00000248      0x120 .\CortexM0\ARM_GCC_493\Debug\Design01.a(CyLFClk.o)
 .debug_aranges
                0x00000368       0xb0 .\CortexM0\ARM_GCC_493\Debug\Design01.a(ADC_SAR_Seq.o)
 .debug_aranges
                0x00000418       0x20 .\CortexM0\ARM_GCC_493\Debug\Design01.a(ADC_SAR_Seq_INT.o)
 .debug_aranges
                0x00000438       0x20 .\CortexM0\ARM_GCC_493\Debug\Design01.a(DieTemp.o)
 .debug_aranges
                0x00000458       0x80 .\CortexM0\ARM_GCC_493\Debug\Design01.a(ADC_SAR_Seq_IRQ.o)
 .debug_aranges
                0x000004d8       0x90 .\CortexM0\ARM_GCC_493\Debug\Design01.a(Timer.o)
 .debug_aranges
                0x00000568       0x80 .\CortexM0\ARM_GCC_493\Debug\Design01.a(isr_1.o)
 .debug_aranges
                0x000005e8       0x20 .\CortexM0\ARM_GCC_493\Debug\Design01.a(CyBootAsmGnu.o)

.debug_pubnames
 *(.debug_pubnames)

.debug_info     0x00000000     0x32c9
 *(.debug_info .gnu.linkonce.wi.*)
 .debug_info    0x00000000      0x279 .\CortexM0\ARM_GCC_493\Debug\main.o
 .debug_info    0x00000279       0xfd .\CortexM0\ARM_GCC_493\Debug\cymetadata.o
 .debug_info    0x00000376      0x38a .\CortexM0\ARM_GCC_493\Debug\Cm0Start.o
 .debug_info    0x00000700      0x41d .\CortexM0\ARM_GCC_493\Debug\Design01.a(cyfitter_cfg.o)
 .debug_info    0x00000b1d      0xa61 .\CortexM0\ARM_GCC_493\Debug\Design01.a(CyLib.o)
 .debug_info    0x0000157e      0xc20 .\CortexM0\ARM_GCC_493\Debug\Design01.a(CyLFClk.o)
 .debug_info    0x0000219e      0x5ca .\CortexM0\ARM_GCC_493\Debug\Design01.a(ADC_SAR_Seq.o)
 .debug_info    0x00002768       0xc3 .\CortexM0\ARM_GCC_493\Debug\Design01.a(ADC_SAR_Seq_INT.o)
 .debug_info    0x0000282b      0x128 .\CortexM0\ARM_GCC_493\Debug\Design01.a(DieTemp.o)
 .debug_info    0x00002953      0x2fe .\CortexM0\ARM_GCC_493\Debug\Design01.a(ADC_SAR_Seq_IRQ.o)
 .debug_info    0x00002c51      0x2e7 .\CortexM0\ARM_GCC_493\Debug\Design01.a(Timer.o)
 .debug_info    0x00002f38      0x2fe .\CortexM0\ARM_GCC_493\Debug\Design01.a(isr_1.o)
 .debug_info    0x00003236       0x93 .\CortexM0\ARM_GCC_493\Debug\Design01.a(CyBootAsmGnu.o)

.debug_abbrev   0x00000000     0x118d
 *(.debug_abbrev)
 .debug_abbrev  0x00000000      0x150 .\CortexM0\ARM_GCC_493\Debug\main.o
 .debug_abbrev  0x00000150       0x5d .\CortexM0\ARM_GCC_493\Debug\cymetadata.o
 .debug_abbrev  0x000001ad      0x1fe .\CortexM0\ARM_GCC_493\Debug\Cm0Start.o
 .debug_abbrev  0x000003ab      0x1f3 .\CortexM0\ARM_GCC_493\Debug\Design01.a(cyfitter_cfg.o)
 .debug_abbrev  0x0000059e      0x20d .\CortexM0\ARM_GCC_493\Debug\Design01.a(CyLib.o)
 .debug_abbrev  0x000007ab      0x226 .\CortexM0\ARM_GCC_493\Debug\Design01.a(CyLFClk.o)
 .debug_abbrev  0x000009d1      0x1d0 .\CortexM0\ARM_GCC_493\Debug\Design01.a(ADC_SAR_Seq.o)
 .debug_abbrev  0x00000ba1       0x72 .\CortexM0\ARM_GCC_493\Debug\Design01.a(ADC_SAR_Seq_INT.o)
 .debug_abbrev  0x00000c13       0x92 .\CortexM0\ARM_GCC_493\Debug\Design01.a(DieTemp.o)
 .debug_abbrev  0x00000ca5      0x1c1 .\CortexM0\ARM_GCC_493\Debug\Design01.a(ADC_SAR_Seq_IRQ.o)
 .debug_abbrev  0x00000e66      0x152 .\CortexM0\ARM_GCC_493\Debug\Design01.a(Timer.o)
 .debug_abbrev  0x00000fb8      0x1c1 .\CortexM0\ARM_GCC_493\Debug\Design01.a(isr_1.o)
 .debug_abbrev  0x00001179       0x14 .\CortexM0\ARM_GCC_493\Debug\Design01.a(CyBootAsmGnu.o)

.debug_line     0x00000000     0x1587
 *(.debug_line)
 .debug_line    0x00000000       0xd9 .\CortexM0\ARM_GCC_493\Debug\main.o
 .debug_line    0x000000d9       0x53 .\CortexM0\ARM_GCC_493\Debug\cymetadata.o
 .debug_line    0x0000012c      0x248 .\CortexM0\ARM_GCC_493\Debug\Cm0Start.o
 .debug_line    0x00000374      0x18d .\CortexM0\ARM_GCC_493\Debug\Design01.a(cyfitter_cfg.o)
 .debug_line    0x00000501      0x42c .\CortexM0\ARM_GCC_493\Debug\Design01.a(CyLib.o)
 .debug_line    0x0000092d      0x3fe .\CortexM0\ARM_GCC_493\Debug\Design01.a(CyLFClk.o)
 .debug_line    0x00000d2b      0x2c4 .\CortexM0\ARM_GCC_493\Debug\Design01.a(ADC_SAR_Seq.o)
 .debug_line    0x00000fef       0x6c .\CortexM0\ARM_GCC_493\Debug\Design01.a(ADC_SAR_Seq_INT.o)
 .debug_line    0x0000105b       0x6e .\CortexM0\ARM_GCC_493\Debug\Design01.a(DieTemp.o)
 .debug_line    0x000010c9      0x174 .\CortexM0\ARM_GCC_493\Debug\Design01.a(ADC_SAR_Seq_IRQ.o)
 .debug_line    0x0000123d      0x17b .\CortexM0\ARM_GCC_493\Debug\Design01.a(Timer.o)
 .debug_line    0x000013b8      0x166 .\CortexM0\ARM_GCC_493\Debug\Design01.a(isr_1.o)
 .debug_line    0x0000151e       0x69 .\CortexM0\ARM_GCC_493\Debug\Design01.a(CyBootAsmGnu.o)

.debug_frame    0x00000000     0x10a8
 *(.debug_frame)
 .debug_frame   0x00000000       0x64 .\CortexM0\ARM_GCC_493\Debug\main.o
 .debug_frame   0x00000064       0xb0 .\CortexM0\ARM_GCC_493\Debug\Cm0Start.o
 .debug_frame   0x00000114       0xb4 .\CortexM0\ARM_GCC_493\Debug\Design01.a(cyfitter_cfg.o)
 .debug_frame   0x000001c8      0x3b4 .\CortexM0\ARM_GCC_493\Debug\Design01.a(CyLib.o)
 .debug_frame   0x0000057c      0x368 .\CortexM0\ARM_GCC_493\Debug\Design01.a(CyLFClk.o)
 .debug_frame   0x000008e4      0x1c0 .\CortexM0\ARM_GCC_493\Debug\Design01.a(ADC_SAR_Seq.o)
 .debug_frame   0x00000aa4       0x20 .\CortexM0\ARM_GCC_493\Debug\Design01.a(ADC_SAR_Seq_INT.o)
 .debug_frame   0x00000ac4       0x2c .\CortexM0\ARM_GCC_493\Debug\Design01.a(DieTemp.o)
 .debug_frame   0x00000af0      0x110 .\CortexM0\ARM_GCC_493\Debug\Design01.a(ADC_SAR_Seq_IRQ.o)
 .debug_frame   0x00000c00      0x124 .\CortexM0\ARM_GCC_493\Debug\Design01.a(Timer.o)
 .debug_frame   0x00000d24      0x110 .\CortexM0\ARM_GCC_493\Debug\Design01.a(isr_1.o)
 .debug_frame   0x00000e34       0x20 c:/program files (x86)/cypress/psoc creator/3.3/psoc creator/import/gnu/arm/4.9.3/bin/../lib/gcc/arm-none-eabi/4.9.3/armv6-m\libgcc.a(_udivsi3.o)
 .debug_frame   0x00000e54       0x20 c:/program files (x86)/cypress/psoc creator/3.3/psoc creator/import/gnu/arm/4.9.3/bin/../lib/gcc/arm-none-eabi/4.9.3/armv6-m\libgcc.a(_divsi3.o)
 .debug_frame   0x00000e74       0x34 c:/program files (x86)/cypress/psoc creator/3.3/psoc creator/import/gnu/arm/4.9.3/bin/../lib/gcc/arm-none-eabi/4.9.3/armv6-m\libgcc.a(_muldi3.o)
 .debug_frame   0x00000ea8       0x50 c:/program files (x86)/cypress/psoc creator/3.3/psoc creator/import/gnu/arm/4.9.3/bin/../lib/gcc/arm-none-eabi/4.9.3/armv6-m\libgcc.a(bpabi.o)
 .debug_frame   0x00000ef8       0x3c c:/program files (x86)/cypress/psoc creator/3.3/psoc creator/import/gnu/arm/4.9.3/bin/../lib/gcc/arm-none-eabi/4.9.3/armv6-m\libgcc.a(divsf3.o)
 .debug_frame   0x00000f34       0x3c c:/program files (x86)/cypress/psoc creator/3.3/psoc creator/import/gnu/arm/4.9.3/bin/../lib/gcc/arm-none-eabi/4.9.3/armv6-m\libgcc.a(mulsf3.o)
 .debug_frame   0x00000f70       0x2c c:/program files (x86)/cypress/psoc creator/3.3/psoc creator/import/gnu/arm/4.9.3/bin/../lib/gcc/arm-none-eabi/4.9.3/armv6-m\libgcc.a(floatsisf.o)
 .debug_frame   0x00000f9c       0x3c c:/program files (x86)/cypress/psoc creator/3.3/psoc creator/import/gnu/arm/4.9.3/bin/../lib/gcc/arm-none-eabi/4.9.3/armv6-m\libgcc.a(_divdi3.o)
 .debug_frame   0x00000fd8       0x3c c:/program files (x86)/cypress/psoc creator/3.3/psoc creator/import/gnu/arm/4.9.3/bin/../lib/gcc/arm-none-eabi/4.9.3/armv6-m\libgcc.a(_udivdi3.o)
 .debug_frame   0x00001014       0x20 c:/program files (x86)/cypress/psoc creator/3.3/psoc creator/import/gnu/arm/4.9.3/bin/../lib/gcc/arm-none-eabi/4.9.3/../../../../arm-none-eabi/lib/armv6-m\libg_nano.a(lib_a-errno.o)
 .debug_frame   0x00001034       0x28 c:/program files (x86)/cypress/psoc creator/3.3/psoc creator/import/gnu/arm/4.9.3/bin/../lib/gcc/arm-none-eabi/4.9.3/../../../../arm-none-eabi/lib/armv6-m\libg_nano.a(lib_a-exit.o)
 .debug_frame   0x0000105c       0x2c c:/program files (x86)/cypress/psoc creator/3.3/psoc creator/import/gnu/arm/4.9.3/bin/../lib/gcc/arm-none-eabi/4.9.3/../../../../arm-none-eabi/lib/armv6-m\libg_nano.a(lib_a-init.o)
 .debug_frame   0x00001088       0x20 c:/program files (x86)/cypress/psoc creator/3.3/psoc creator/import/gnu/arm/4.9.3/bin/../lib/gcc/arm-none-eabi/4.9.3/../../../../arm-none-eabi/lib/armv6-m\libg_nano.a(lib_a-memset.o)

.debug_str      0x00000000     0x14a8
 *(.debug_str)
 .debug_str     0x00000000      0x27c .\CortexM0\ARM_GCC_493\Debug\main.o
                                0x2c1 (size before relaxing)
 .debug_str     0x0000027c       0x61 .\CortexM0\ARM_GCC_493\Debug\cymetadata.o
                                0x1d1 (size before relaxing)
 .debug_str     0x000002dd      0x143 .\CortexM0\ARM_GCC_493\Debug\Cm0Start.o
                                0x2f8 (size before relaxing)
 .debug_str     0x00000420      0x126 .\CortexM0\ARM_GCC_493\Debug\Design01.a(cyfitter_cfg.o)
                                0x301 (size before relaxing)
 .debug_str     0x00000546      0x455 .\CortexM0\ARM_GCC_493\Debug\Design01.a(CyLib.o)
                                0x64c (size before relaxing)
 .debug_str     0x0000099b      0x467 .\CortexM0\ARM_GCC_493\Debug\Design01.a(CyLFClk.o)
                                0x656 (size before relaxing)
 .debug_str     0x00000e02      0x25d .\CortexM0\ARM_GCC_493\Debug\Design01.a(ADC_SAR_Seq.o)
                                0x4b8 (size before relaxing)
 .debug_str     0x0000105f       0x3b .\CortexM0\ARM_GCC_493\Debug\Design01.a(ADC_SAR_Seq_INT.o)
                                0x1c4 (size before relaxing)
 .debug_str     0x0000109a       0x58 .\CortexM0\ARM_GCC_493\Debug\Design01.a(DieTemp.o)
                                0x1fe (size before relaxing)
 .debug_str     0x000010f2      0x16b .\CortexM0\ARM_GCC_493\Debug\Design01.a(ADC_SAR_Seq_IRQ.o)
                                0x36d (size before relaxing)
 .debug_str     0x0000125d      0x171 .\CortexM0\ARM_GCC_493\Debug\Design01.a(Timer.o)
                                0x332 (size before relaxing)
 .debug_str     0x000013ce       0xda .\CortexM0\ARM_GCC_493\Debug\Design01.a(isr_1.o)
                                0x2e1 (size before relaxing)

.debug_loc      0x00000000     0x16bc
 *(.debug_loc)
 .debug_loc     0x00000000       0x32 .\CortexM0\ARM_GCC_493\Debug\main.o
 .debug_loc     0x00000032      0x14f .\CortexM0\ARM_GCC_493\Debug\Cm0Start.o
 .debug_loc     0x00000181      0x136 .\CortexM0\ARM_GCC_493\Debug\Design01.a(cyfitter_cfg.o)
 .debug_loc     0x000002b7      0x534 .\CortexM0\ARM_GCC_493\Debug\Design01.a(CyLib.o)
 .debug_loc     0x000007eb      0x7df .\CortexM0\ARM_GCC_493\Debug\Design01.a(CyLFClk.o)
 .debug_loc     0x00000fca      0x541 .\CortexM0\ARM_GCC_493\Debug\Design01.a(ADC_SAR_Seq.o)
 .debug_loc     0x0000150b       0x9a .\CortexM0\ARM_GCC_493\Debug\Design01.a(DieTemp.o)
 .debug_loc     0x000015a5       0x82 .\CortexM0\ARM_GCC_493\Debug\Design01.a(ADC_SAR_Seq_IRQ.o)
 .debug_loc     0x00001627       0x13 .\CortexM0\ARM_GCC_493\Debug\Design01.a(Timer.o)
 .debug_loc     0x0000163a       0x82 .\CortexM0\ARM_GCC_493\Debug\Design01.a(isr_1.o)

.debug_macinfo
 *(.debug_macinfo)

.debug_ranges   0x00000000      0x520
 *(.debug_ranges)
 .debug_ranges  0x00000000       0x20 .\CortexM0\ARM_GCC_493\Debug\main.o
 .debug_ranges  0x00000020       0x38 .\CortexM0\ARM_GCC_493\Debug\Cm0Start.o
 .debug_ranges  0x00000058       0x38 .\CortexM0\ARM_GCC_493\Debug\Design01.a(cyfitter_cfg.o)
 .debug_ranges  0x00000090      0x160 .\CortexM0\ARM_GCC_493\Debug\Design01.a(CyLib.o)
 .debug_ranges  0x000001f0      0x110 .\CortexM0\ARM_GCC_493\Debug\Design01.a(CyLFClk.o)
 .debug_ranges  0x00000300       0xa0 .\CortexM0\ARM_GCC_493\Debug\Design01.a(ADC_SAR_Seq.o)
 .debug_ranges  0x000003a0       0x10 .\CortexM0\ARM_GCC_493\Debug\Design01.a(ADC_SAR_Seq_INT.o)
 .debug_ranges  0x000003b0       0x10 .\CortexM0\ARM_GCC_493\Debug\Design01.a(DieTemp.o)
 .debug_ranges  0x000003c0       0x70 .\CortexM0\ARM_GCC_493\Debug\Design01.a(ADC_SAR_Seq_IRQ.o)
 .debug_ranges  0x00000430       0x80 .\CortexM0\ARM_GCC_493\Debug\Design01.a(Timer.o)
 .debug_ranges  0x000004b0       0x70 .\CortexM0\ARM_GCC_493\Debug\Design01.a(isr_1.o)

.comment        0x00000000       0x70
 .comment       0x00000000       0x70 .\CortexM0\ARM_GCC_493\Debug\main.o
                                 0x71 (size before relaxing)
 .comment       0x00000000       0x71 .\CortexM0\ARM_GCC_493\Debug\cymetadata.o
 .comment       0x00000000       0x71 .\CortexM0\ARM_GCC_493\Debug\Cm0Start.o
 .comment       0x00000000       0x71 .\CortexM0\ARM_GCC_493\Debug\Design01.a(cyfitter_cfg.o)
 .comment       0x00000000       0x71 .\CortexM0\ARM_GCC_493\Debug\Design01.a(CyLib.o)
 .comment       0x00000000       0x71 .\CortexM0\ARM_GCC_493\Debug\Design01.a(CyLFClk.o)
 .comment       0x00000000       0x71 .\CortexM0\ARM_GCC_493\Debug\Design01.a(ADC_SAR_Seq.o)
 .comment       0x00000000       0x71 .\CortexM0\ARM_GCC_493\Debug\Design01.a(ADC_SAR_Seq_INT.o)
 .comment       0x00000000       0x71 .\CortexM0\ARM_GCC_493\Debug\Design01.a(DieTemp.o)
 .comment       0x00000000       0x71 .\CortexM0\ARM_GCC_493\Debug\Design01.a(ADC_SAR_Seq_IRQ.o)
 .comment       0x00000000       0x71 .\CortexM0\ARM_GCC_493\Debug\Design01.a(Timer.o)
 .comment       0x00000000       0x71 .\CortexM0\ARM_GCC_493\Debug\Design01.a(isr_1.o)

.debug_weaknames
 *(.debug_weaknames)

.debug_funcnames
 *(.debug_funcnames)

.debug_typenames
 *(.debug_typenames)

.debug_varnames
 *(.debug_varnames)

.note.gnu.arm.ident
 *(.note.gnu.arm.ident)

.ARM.attributes
                0x00000000       0x28
 *(.ARM.attributes)
 .ARM.attributes
                0x00000000       0x1e c:/program files (x86)/cypress/psoc creator/3.3/psoc creator/import/gnu/arm/4.9.3/bin/../lib/gcc/arm-none-eabi/4.9.3/armv6-m/crti.o
 .ARM.attributes
                0x0000001e       0x2c c:/program files (x86)/cypress/psoc creator/3.3/psoc creator/import/gnu/arm/4.9.3/bin/../lib/gcc/arm-none-eabi/4.9.3/armv6-m/crtbegin.o
 .ARM.attributes
                0x0000004a       0x1b c:/program files (x86)/cypress/psoc creator/3.3/psoc creator/import/gnu/arm/4.9.3/bin/../lib/gcc/arm-none-eabi/4.9.3/../../../../arm-none-eabi/lib/armv6-m/crt0.o
 .ARM.attributes
                0x00000065       0x31 .\CortexM0\ARM_GCC_493\Debug\main.o
 .ARM.attributes
                0x00000096       0x31 .\CortexM0\ARM_GCC_493\Debug\cymetadata.o
 .ARM.attributes
                0x000000c7       0x31 .\CortexM0\ARM_GCC_493\Debug\Cm0Start.o
 .ARM.attributes
                0x000000f8       0x31 .\CortexM0\ARM_GCC_493\Debug\Design01.a(cyfitter_cfg.o)
 .ARM.attributes
                0x00000129       0x31 .\CortexM0\ARM_GCC_493\Debug\Design01.a(CyLib.o)
 .ARM.attributes
                0x0000015a       0x31 .\CortexM0\ARM_GCC_493\Debug\Design01.a(CyLFClk.o)
 .ARM.attributes
                0x0000018b       0x31 .\CortexM0\ARM_GCC_493\Debug\Design01.a(ADC_SAR_Seq.o)
 .ARM.attributes
                0x000001bc       0x31 .\CortexM0\ARM_GCC_493\Debug\Design01.a(ADC_SAR_Seq_INT.o)
 .ARM.attributes
                0x000001ed       0x31 .\CortexM0\ARM_GCC_493\Debug\Design01.a(DieTemp.o)
 .ARM.attributes
                0x0000021e       0x31 .\CortexM0\ARM_GCC_493\Debug\Design01.a(ADC_SAR_Seq_IRQ.o)
 .ARM.attributes
                0x0000024f       0x31 .\CortexM0\ARM_GCC_493\Debug\Design01.a(Timer.o)
 .ARM.attributes
                0x00000280       0x31 .\CortexM0\ARM_GCC_493\Debug\Design01.a(isr_1.o)
 .ARM.attributes
                0x000002b1       0x21 .\CortexM0\ARM_GCC_493\Debug\Design01.a(CyBootAsmGnu.o)
 .ARM.attributes
                0x000002d2       0x1e c:/program files (x86)/cypress/psoc creator/3.3/psoc creator/import/gnu/arm/4.9.3/bin/../lib/gcc/arm-none-eabi/4.9.3/armv6-m\libgcc.a(_udivsi3.o)
 .ARM.attributes
                0x000002f0       0x1e c:/program files (x86)/cypress/psoc creator/3.3/psoc creator/import/gnu/arm/4.9.3/bin/../lib/gcc/arm-none-eabi/4.9.3/armv6-m\libgcc.a(_divsi3.o)
 .ARM.attributes
                0x0000030e       0x1e c:/program files (x86)/cypress/psoc creator/3.3/psoc creator/import/gnu/arm/4.9.3/bin/../lib/gcc/arm-none-eabi/4.9.3/armv6-m\libgcc.a(_dvmd_tls.o)
 .ARM.attributes
                0x0000032c       0x1e c:/program files (x86)/cypress/psoc creator/3.3/psoc creator/import/gnu/arm/4.9.3/bin/../lib/gcc/arm-none-eabi/4.9.3/armv6-m\libgcc.a(_aeabi_ldivmod.o)
 .ARM.attributes
                0x0000034a       0x2c c:/program files (x86)/cypress/psoc creator/3.3/psoc creator/import/gnu/arm/4.9.3/bin/../lib/gcc/arm-none-eabi/4.9.3/armv6-m\libgcc.a(_muldi3.o)
 .ARM.attributes
                0x00000376       0x2c c:/program files (x86)/cypress/psoc creator/3.3/psoc creator/import/gnu/arm/4.9.3/bin/../lib/gcc/arm-none-eabi/4.9.3/armv6-m\libgcc.a(bpabi.o)
 .ARM.attributes
                0x000003a2       0x2c c:/program files (x86)/cypress/psoc creator/3.3/psoc creator/import/gnu/arm/4.9.3/bin/../lib/gcc/arm-none-eabi/4.9.3/armv6-m\libgcc.a(divsf3.o)
 .ARM.attributes
                0x000003ce       0x2c c:/program files (x86)/cypress/psoc creator/3.3/psoc creator/import/gnu/arm/4.9.3/bin/../lib/gcc/arm-none-eabi/4.9.3/armv6-m\libgcc.a(mulsf3.o)
 .ARM.attributes
                0x000003fa       0x2c c:/program files (x86)/cypress/psoc creator/3.3/psoc creator/import/gnu/arm/4.9.3/bin/../lib/gcc/arm-none-eabi/4.9.3/armv6-m\libgcc.a(floatsisf.o)
 .ARM.attributes
                0x00000426       0x1e c:/program files (x86)/cypress/psoc creator/3.3/psoc creator/import/gnu/arm/4.9.3/bin/../lib/gcc/arm-none-eabi/4.9.3/armv6-m\libgcc.a(_clzsi2.o)
 .ARM.attributes
                0x00000444       0x2c c:/program files (x86)/cypress/psoc creator/3.3/psoc creator/import/gnu/arm/4.9.3/bin/../lib/gcc/arm-none-eabi/4.9.3/armv6-m\libgcc.a(_divdi3.o)
 .ARM.attributes
                0x00000470       0x2c c:/program files (x86)/cypress/psoc creator/3.3/psoc creator/import/gnu/arm/4.9.3/bin/../lib/gcc/arm-none-eabi/4.9.3/armv6-m\libgcc.a(_udivdi3.o)
 .ARM.attributes
                0x0000049c       0x1e c:/program files (x86)/cypress/psoc creator/3.3/psoc creator/import/gnu/arm/4.9.3/bin/../lib/gcc/arm-none-eabi/4.9.3/armv6-m\libgcc.a(_clzdi2.o)
 .ARM.attributes
                0x000004ba       0x2c c:/program files (x86)/cypress/psoc creator/3.3/psoc creator/import/gnu/arm/4.9.3/bin/../lib/gcc/arm-none-eabi/4.9.3/../../../../arm-none-eabi/lib/armv6-m\libg_nano.a(lib_a-errno.o)
 .ARM.attributes
                0x000004e6       0x2c c:/program files (x86)/cypress/psoc creator/3.3/psoc creator/import/gnu/arm/4.9.3/bin/../lib/gcc/arm-none-eabi/4.9.3/../../../../arm-none-eabi/lib/armv6-m\libg_nano.a(lib_a-exit.o)
 .ARM.attributes
                0x00000512       0x2c c:/program files (x86)/cypress/psoc creator/3.3/psoc creator/import/gnu/arm/4.9.3/bin/../lib/gcc/arm-none-eabi/4.9.3/../../../../arm-none-eabi/lib/armv6-m\libg_nano.a(lib_a-impure.o)
 .ARM.attributes
                0x0000053e       0x2c c:/program files (x86)/cypress/psoc creator/3.3/psoc creator/import/gnu/arm/4.9.3/bin/../lib/gcc/arm-none-eabi/4.9.3/../../../../arm-none-eabi/lib/armv6-m\libg_nano.a(lib_a-init.o)
 .ARM.attributes
                0x0000056a       0x2c c:/program files (x86)/cypress/psoc creator/3.3/psoc creator/import/gnu/arm/4.9.3/bin/../lib/gcc/arm-none-eabi/4.9.3/../../../../arm-none-eabi/lib/armv6-m\libg_nano.a(lib_a-memset.o)
 .ARM.attributes
                0x00000596       0x2c c:/program files (x86)/cypress/psoc creator/3.3/psoc creator/import/gnu/arm/4.9.3/bin/../lib/gcc/arm-none-eabi/4.9.3/armv6-m/crtend.o
 .ARM.attributes
                0x000005c2       0x1e c:/program files (x86)/cypress/psoc creator/3.3/psoc creator/import/gnu/arm/4.9.3/bin/../lib/gcc/arm-none-eabi/4.9.3/armv6-m/crtn.o

/DISCARD/
 *(.note.GNU-stack)
OUTPUT(.\CortexM0\ARM_GCC_493\Debug\Design01.elf elf32-littlearm)
