Archive member included because of file (symbol)

.\CortexM0\ARM_GCC_493\Debug\ADC_SAR_Seq_DieTemp_PSoC401.a(cyfitter_cfg.o)
                              .\CortexM0\ARM_GCC_493\Debug\Cm0Start.o (cyfitter_cfg)
.\CortexM0\ARM_GCC_493\Debug\ADC_SAR_Seq_DieTemp_PSoC401.a(ADC_SAR_SEQ.o)
                              .\CortexM0\ARM_GCC_493\Debug\main.o (ADC_SAR_SEQ_Start)
.\CortexM0\ARM_GCC_493\Debug\ADC_SAR_Seq_DieTemp_PSoC401.a(ADC_SAR_SEQ_INT.o)
                              .\CortexM0\ARM_GCC_493\Debug\ADC_SAR_Seq_DieTemp_PSoC401.a(ADC_SAR_SEQ.o) (ADC_SAR_SEQ_ISR)
.\CortexM0\ARM_GCC_493\Debug\ADC_SAR_Seq_DieTemp_PSoC401.a(DieTemp.o)
                              .\CortexM0\ARM_GCC_493\Debug\main.o (DieTemp_CountsTo_Celsius)
.\CortexM0\ARM_GCC_493\Debug\ADC_SAR_Seq_DieTemp_PSoC401.a(UART.o)
                              .\CortexM0\ARM_GCC_493\Debug\main.o (UART_Start)
.\CortexM0\ARM_GCC_493\Debug\ADC_SAR_Seq_DieTemp_PSoC401.a(PWM.o)
                              .\CortexM0\ARM_GCC_493\Debug\main.o (PWM_WriteCompare)
.\CortexM0\ARM_GCC_493\Debug\ADC_SAR_Seq_DieTemp_PSoC401.a(ISR_TIMER.o)
                              .\CortexM0\ARM_GCC_493\Debug\main.o (ISR_TIMER_StartEx)
.\CortexM0\ARM_GCC_493\Debug\ADC_SAR_Seq_DieTemp_PSoC401.a(ADC_SAR_SEQ_IRQ.o)
                              .\CortexM0\ARM_GCC_493\Debug\main.o (ADC_SAR_SEQ_IRQ_StartEx)
.\CortexM0\ARM_GCC_493\Debug\ADC_SAR_Seq_DieTemp_PSoC401.a(CyBootAsmGnu.o)
                              .\CortexM0\ARM_GCC_493\Debug\ADC_SAR_Seq_DieTemp_PSoC401.a(PWM.o) (CyEnterCriticalSection)
.\CortexM0\ARM_GCC_493\Debug\ADC_SAR_Seq_DieTemp_PSoC401.a(CyLib.o)
                              .\CortexM0\ARM_GCC_493\Debug\ADC_SAR_Seq_DieTemp_PSoC401.a(cyfitter_cfg.o) (CySysClkWriteImoFreq)
.\CortexM0\ARM_GCC_493\Debug\ADC_SAR_Seq_DieTemp_PSoC401.a(UART_AsmGnu.o)
                              .\CortexM0\ARM_GCC_493\Debug\ADC_SAR_Seq_DieTemp_PSoC401.a(UART.o) (UART_PutChar)
c:/program files (x86)/cypress/psoc creator/3.3/psoc creator/import/gnu/arm/4.9.3/bin/../lib/gcc/arm-none-eabi/4.9.3/armv6-m\libgcc.a(_udivsi3.o)
                              .\CortexM0\ARM_GCC_493\Debug\ADC_SAR_Seq_DieTemp_PSoC401.a(CyLib.o) (__aeabi_uidiv)
c:/program files (x86)/cypress/psoc creator/3.3/psoc creator/import/gnu/arm/4.9.3/bin/../lib/gcc/arm-none-eabi/4.9.3/armv6-m\libgcc.a(_divsi3.o)
                              .\CortexM0\ARM_GCC_493\Debug\ADC_SAR_Seq_DieTemp_PSoC401.a(ADC_SAR_SEQ.o) (__aeabi_idiv)
c:/program files (x86)/cypress/psoc creator/3.3/psoc creator/import/gnu/arm/4.9.3/bin/../lib/gcc/arm-none-eabi/4.9.3/armv6-m\libgcc.a(_dvmd_tls.o)
                              c:/program files (x86)/cypress/psoc creator/3.3/psoc creator/import/gnu/arm/4.9.3/bin/../lib/gcc/arm-none-eabi/4.9.3/armv6-m\libgcc.a(_udivsi3.o) (__aeabi_idiv0)
c:/program files (x86)/cypress/psoc creator/3.3/psoc creator/import/gnu/arm/4.9.3/bin/../lib/gcc/arm-none-eabi/4.9.3/armv6-m\libgcc.a(_aeabi_ldivmod.o)
                              .\CortexM0\ARM_GCC_493\Debug\ADC_SAR_Seq_DieTemp_PSoC401.a(ADC_SAR_SEQ.o) (__aeabi_ldivmod)
c:/program files (x86)/cypress/psoc creator/3.3/psoc creator/import/gnu/arm/4.9.3/bin/../lib/gcc/arm-none-eabi/4.9.3/armv6-m\libgcc.a(_muldi3.o)
                              .\CortexM0\ARM_GCC_493\Debug\ADC_SAR_Seq_DieTemp_PSoC401.a(ADC_SAR_SEQ.o) (__aeabi_lmul)
c:/program files (x86)/cypress/psoc creator/3.3/psoc creator/import/gnu/arm/4.9.3/bin/../lib/gcc/arm-none-eabi/4.9.3/armv6-m\libgcc.a(bpabi.o)
                              c:/program files (x86)/cypress/psoc creator/3.3/psoc creator/import/gnu/arm/4.9.3/bin/../lib/gcc/arm-none-eabi/4.9.3/armv6-m\libgcc.a(_aeabi_ldivmod.o) (__gnu_ldivmod_helper)
c:/program files (x86)/cypress/psoc creator/3.3/psoc creator/import/gnu/arm/4.9.3/bin/../lib/gcc/arm-none-eabi/4.9.3/armv6-m\libgcc.a(divsf3.o)
                              .\CortexM0\ARM_GCC_493\Debug\ADC_SAR_Seq_DieTemp_PSoC401.a(ADC_SAR_SEQ.o) (__aeabi_fdiv)
c:/program files (x86)/cypress/psoc creator/3.3/psoc creator/import/gnu/arm/4.9.3/bin/../lib/gcc/arm-none-eabi/4.9.3/armv6-m\libgcc.a(mulsf3.o)
                              .\CortexM0\ARM_GCC_493\Debug\ADC_SAR_Seq_DieTemp_PSoC401.a(ADC_SAR_SEQ.o) (__aeabi_fmul)
c:/program files (x86)/cypress/psoc creator/3.3/psoc creator/import/gnu/arm/4.9.3/bin/../lib/gcc/arm-none-eabi/4.9.3/armv6-m\libgcc.a(floatsisf.o)
                              .\CortexM0\ARM_GCC_493\Debug\ADC_SAR_Seq_DieTemp_PSoC401.a(ADC_SAR_SEQ.o) (__aeabi_i2f)
c:/program files (x86)/cypress/psoc creator/3.3/psoc creator/import/gnu/arm/4.9.3/bin/../lib/gcc/arm-none-eabi/4.9.3/armv6-m\libgcc.a(_clzsi2.o)
                              c:/program files (x86)/cypress/psoc creator/3.3/psoc creator/import/gnu/arm/4.9.3/bin/../lib/gcc/arm-none-eabi/4.9.3/armv6-m\libgcc.a(divsf3.o) (__clzsi2)
c:/program files (x86)/cypress/psoc creator/3.3/psoc creator/import/gnu/arm/4.9.3/bin/../lib/gcc/arm-none-eabi/4.9.3/armv6-m\libgcc.a(_divdi3.o)
[...]
Memory Configuration

Name             Origin             Length             Attributes
rom              0x00000000         0x00008000         xr
ram              0x20000000         0x00001000         xrw
*default*        0x00000000         0xffffffff

Linker script and memory map

LOAD c:/program files (x86)/cypress/psoc creator/3.3/psoc creator/import/gnu/arm/4.9.3/bin/../lib/gcc/arm-none-eabi/4.9.3/armv6-m/crti.o
LOAD c:/program files (x86)/cypress/psoc creator/3.3/psoc creator/import/gnu/arm/4.9.3/bin/../lib/gcc/arm-none-eabi/4.9.3/armv6-m/crtbegin.o
LOAD c:/program files (x86)/cypress/psoc creator/3.3/psoc creator/import/gnu/arm/4.9.3/bin/../lib/gcc/arm-none-eabi/4.9.3/../../../../arm-none-eabi/lib/armv6-m/crt0.o
START GROUP
LOAD .\CortexM0\ARM_GCC_493\Debug\main.o
LOAD .\CortexM0\ARM_GCC_493\Debug\cymetadata.o
LOAD .\CortexM0\ARM_GCC_493\Debug\Cm0Start.o
LOAD .\CortexM0\ARM_GCC_493\Debug\ADC_SAR_Seq_DieTemp_PSoC401.a
LOAD C:\Program Files (x86)\Cypress\PSoC Creator\3.3\PSoC Creator\psoc\content\cycomponentlibrary\CyComponentLibrary.cylib\CortexM0\ARM_GCC_493\Debug\CyComponentLibrary.a
END GROUP
START GROUP
LOAD c:/program files (x86)/cypress/psoc creator/3.3/psoc creator/import/gnu/arm/4.9.3/bin/../lib/gcc/arm-none-eabi/4.9.3/armv6-m\libgcc.a
LOAD c:/program files (x86)/cypress/psoc creator/3.3/psoc creator/import/gnu/arm/4.9.3/bin/../lib/gcc/arm-none-eabi/4.9.3/../../../../arm-none-eabi/lib/armv6-m\libg_nano.a
LOAD c:/program files (x86)/cypress/psoc creator/3.3/psoc creator/import/gnu/arm/4.9.3/bin/../lib/gcc/arm-none-eabi/4.9.3/../../../../arm-none-eabi/lib/armv6-m\libc_nano.a
END GROUP
START GROUP
LOAD c:/program files (x86)/cypress/psoc creator/3.3/psoc creator/import/gnu/arm/4.9.3/bin/../lib/gcc/arm-none-eabi/4.9.3/armv6-m\libgcc.a
LOAD c:/program files (x86)/cypress/psoc creator/3.3/psoc creator/import/gnu/arm/4.9.3/bin/../lib/gcc/arm-none-eabi/4.9.3/../../../../arm-none-eabi/lib/armv6-m\libc_nano.a
END GROUP
LOAD c:/program files (x86)/cypress/psoc creator/3.3/psoc creator/import/gnu/arm/4.9.3/bin/../lib/gcc/arm-none-eabi/4.9.3/armv6-m/crtend.o
LOAD c:/program files (x86)/cypress/psoc creator/3.3/psoc creator/import/gnu/arm/4.9.3/bin/../lib/gcc/arm-none-eabi/4.9.3/armv6-m/crtn.o
START GROUP
LOAD c:/program files (x86)/cypress/psoc creator/3.3/psoc creator/import/gnu/arm/4.9.3/bin/../lib/gcc/arm-none-eabi/4.9.3/armv6-m\libgcc.a
LOAD c:/program files (x86)/cypress/psoc creator/3.3/psoc creator/import/gnu/arm/4.9.3/bin/../lib/gcc/arm-none-eabi/4.9.3/../../../../arm-none-eabi/lib/armv6-m\libc.a
LOAD c:/program files (x86)/cypress/psoc creator/3.3/psoc creator/import/gnu/arm/4.9.3/bin/../lib/gcc/arm-none-eabi/4.9.3/../../../../arm-none-eabi/lib/armv6-m\libnosys.a
END GROUP
                0x00000000                CY_APPL_ORIGIN = 0x0
                0x00000080                CY_FLASH_ROW_SIZE = 0x80
                0x00000001                CY_APPL_NUM = 0x1
                0x00000001                CY_APPL_MAX = 0x1
                0x00000040                CY_METADATA_SIZE = 0x40
                0x00000000                CY_APPL_LOADABLE = 0x0
                0x00000000                CY_CHECKSUM_EXCLUDE_SIZE = ALIGN (0x0, CY_FLASH_ROW_SIZE)
                0x00000000                CY_APP_FOR_STACK_AND_COPIER = 0x0
                0x200001a0                PROVIDE (__cy_heap_start, _end)
                0x00000001                PROVIDE (__cy_region_num, ((__cy_regions_end - __cy_regions) / 0x10))
                0x20001000                PROVIDE (__cy_stack, (ORIGIN (ram) + 0x1000))
                0x20000c00                PROVIDE (__cy_heap_end, (__cy_stack - 0x400))

.cybootloader   0x00000000        0x0
 *(.cybootloader)
                0x00000000                appl1_start = CY_APPL_ORIGIN?CY_APPL_ORIGIN:ALIGN (CY_FLASH_ROW_SIZE)
                0x00003f80                appl2_start = (appl1_start + ALIGN ((((0x8000 - appl1_start) - (0x2 * CY_FLASH_ROW_SIZE)) / 0x2), CY_FLASH_ROW_SIZE))
                0x00000000                appl_start = (CY_APPL_NUM == 0x1)?appl1_start:appl2_start
                0x00000001                cy_project_type_bootloader = (appl_start == 0x0)?0x1:0x0
                0x00000000                cy_project_type_app_for_stack_and_copier = (CY_APP_FOR_STACK_AND_COPIER == 0x1)?0x1:0x0

.text           0x00000000     0x1dbe
 CREATE_OBJECT_SYMBOLS
                0x00000000                PROVIDE (__cy_interrupt_vector, RomVectors)
 *(.romvectors)
 .romvectors    0x00000000       0x10 .\CortexM0\ARM_GCC_493\Debug\Cm0Start.o
                0x00000000                RomVectors
                0x00000001                ASSERT ((. != __cy_interrupt_vector), No interrupt vector)
                0x00000001                ASSERT (CY_APPL_ORIGIN?(SIZEOF (.cybootloader) <= CY_APPL_ORIGIN):0x1, Wrong image location)
                0x00000010                PROVIDE (__cy_reset, Reset)
 *(.text.Reset)
 .text.Reset    0x00000010        0x8 .\CortexM0\ARM_GCC_493\Debug\Cm0Start.o
                0x00000010                Reset
                0x00000001                ASSERT ((. != __cy_reset), No reset code)
 *(.psocinit)
 .psocinit      0x00000018      0x1ac .\CortexM0\ARM_GCC_493\Debug\ADC_SAR_Seq_DieTemp_PSoC401.a(cyfitter_cfg.o)
                0x00000094                cyfitter_cfg
                0x000001c4                . = MAX (., 0x100)
 *(.text .text.* .gnu.linkonce.t.*)
 .text          0x000001c4       0x60 c:/program files (x86)/cypress/psoc creator/3.3/psoc creator/import/gnu/arm/4.9.3/bin/../lib/gcc/arm-none-eabi/4.9.3/armv6-m/crtbegin.o
 .text.ISR_TIMER_LOC
                0x00000224       0x34 .\CortexM0\ARM_GCC_493\Debug\main.o
                0x00000224                ISR_TIMER_LOC
 .text.ADC_SAR_SEQ_ISR_LOC
                0x00000258       0x98 .\CortexM0\ARM_GCC_493\Debug\main.o
                0x00000258                ADC_SAR_SEQ_ISR_LOC
 .text.main     0x000002f0      0x118 .\CortexM0\ARM_GCC_493\Debug\main.o
                0x000002f0                main
 .text.IntDefaultHandler
                0x00000408        0x8 .\CortexM0\ARM_GCC_493\Debug\Cm0Start.o
                0x00000408                IntDefaultHandler
 .text._sbrk    0x00000410       0x54 .\CortexM0\ARM_GCC_493\Debug\Cm0Start.o
                0x00000410                _sbrk
 .text.Start_c  0x00000464       0x98 .\CortexM0\ARM_GCC_493\Debug\Cm0Start.o
                0x00000464                Start_c
 .text.initialize_psoc
                0x000004fc       0x64 .\CortexM0\ARM_GCC_493\Debug\Cm0Start.o
                0x000004fc                initialize_psoc
 .text.CYMEMZERO
                0x00000560       0x20 .\CortexM0\ARM_GCC_493\Debug\ADC_SAR_Seq_DieTemp_PSoC401.a(cyfitter_cfg.o)
 .text.cfg_write_bytes32
                0x00000580       0x80 .\CortexM0\ARM_GCC_493\Debug\ADC_SAR_Seq_DieTemp_PSoC401.a(cyfitter_cfg.o)
 .text.AnalogSetDefault
                0x00000600       0x20 .\CortexM0\ARM_GCC_493\Debug\ADC_SAR_Seq_DieTemp_PSoC401.a(cyfitter_cfg.o)
 .text.ADC_SAR_SEQ_Start
                0x00000620       0x24 .\CortexM0\ARM_GCC_493\Debug\ADC_SAR_Seq_DieTemp_PSoC401.a(ADC_SAR_SEQ.o)
                0x00000620                ADC_SAR_SEQ_Start
 .text.ADC_SAR_SEQ_Init
                0x00000644      0x25c .\CortexM0\ARM_GCC_493\Debug\ADC_SAR_Seq_DieTemp_PSoC401.a(ADC_SAR_SEQ.o)
                0x00000644                ADC_SAR_SEQ_Init
 .text.ADC_SAR_SEQ_Enable
                0x000008a0       0x28 .\CortexM0\ARM_GCC_493\Debug\ADC_SAR_Seq_DieTemp_PSoC401.a(ADC_SAR_SEQ.o)
                0x000008a0                ADC_SAR_SEQ_Enable
 .text.ADC_SAR_SEQ_StartConvert
                0x000008c8       0x1c .\CortexM0\ARM_GCC_493\Debug\ADC_SAR_Seq_DieTemp_PSoC401.a(ADC_SAR_SEQ.o)
                0x000008c8                ADC_SAR_SEQ_StartConvert
 .text.ADC_SAR_SEQ_GetResult16
                0x000008e4       0x50 .\CortexM0\ARM_GCC_493\Debug\ADC_SAR_Seq_DieTemp_PSoC401.a(ADC_SAR_SEQ.o)
                0x000008e4                ADC_SAR_SEQ_GetResult16
 .text.ADC_SAR_SEQ_EnableInjection
                0x00000934       0x1c .\CortexM0\ARM_GCC_493\Debug\ADC_SAR_Seq_DieTemp_PSoC401.a(ADC_SAR_SEQ.o)
                0x00000934                ADC_SAR_SEQ_EnableInjection
 .text.ADC_SAR_SEQ_CountsTo_mVolts
                0x00000950       0xa4 .\CortexM0\ARM_GCC_493\Debug\ADC_SAR_Seq_DieTemp_PSoC401.a(ADC_SAR_SEQ.o)
                0x00000950                ADC_SAR_SEQ_CountsTo_mVolts
 .text.ADC_SAR_SEQ_ISR
                0x000009f4       0x1c .\CortexM0\ARM_GCC_493\Debug\ADC_SAR_Seq_DieTemp_PSoC401.a(ADC_SAR_SEQ_INT.o)
                0x000009f4                ADC_SAR_SEQ_ISR
 .text.DieTemp_CountsTo_Celsius
                0x00000a10       0xac .\CortexM0\ARM_GCC_493\Debug\ADC_SAR_Seq_DieTemp_PSoC401.a(DieTemp.o)
                0x00000a10                DieTemp_CountsTo_Celsius
 .text.UART_Start
                0x00000abc        0x8 .\CortexM0\ARM_GCC_493\Debug\ADC_SAR_Seq_DieTemp_PSoC401.a(UART.o)
                0x00000abc                UART_Start
 .text.UART_PutString
                0x00000ac4       0x58 .\CortexM0\ARM_GCC_493\Debug\ADC_SAR_Seq_DieTemp_PSoC401.a(UART.o)
                0x00000ac4                UART_PutString
 .text.UART_PutCRLF
                0x00000b1c       0x14 .\CortexM0\ARM_GCC_493\Debug\ADC_SAR_Seq_DieTemp_PSoC401.a(UART.o)
                0x00000b1c                UART_PutCRLF
 .text.PWM_Init
                0x00000b30       0x60 .\CortexM0\ARM_GCC_493\Debug\ADC_SAR_Seq_DieTemp_PSoC401.a(PWM.o)
                0x00000b30                PWM_Init
 .text.PWM_Enable
                0x00000b90       0x38 .\CortexM0\ARM_GCC_493\Debug\ADC_SAR_Seq_DieTemp_PSoC401.a(PWM.o)
                0x00000b90                PWM_Enable
 .text.PWM_Start
                0x00000bc8       0x24 .\CortexM0\ARM_GCC_493\Debug\ADC_SAR_Seq_DieTemp_PSoC401.a(PWM.o)
                0x00000bc8                PWM_Start
 .text.PWM_WriteCounter
                0x00000bec       0x1c .\CortexM0\ARM_GCC_493\Debug\ADC_SAR_Seq_DieTemp_PSoC401.a(PWM.o)
                0x00000bec                PWM_WriteCounter
 .text.PWM_WritePeriod
                0x00000c08       0x1c .\CortexM0\ARM_GCC_493\Debug\ADC_SAR_Seq_DieTemp_PSoC401.a(PWM.o)
                0x00000c08                PWM_WritePeriod
 .text.PWM_WriteCompare
                0x00000c24       0x1c .\CortexM0\ARM_GCC_493\Debug\ADC_SAR_Seq_DieTemp_PSoC401.a(PWM.o)
                0x00000c24                PWM_WriteCompare
 .text.PWM_TriggerCommand
                0x00000c40       0x38 .\CortexM0\ARM_GCC_493\Debug\ADC_SAR_Seq_DieTemp_PSoC401.a(PWM.o)
                0x00000c40                PWM_TriggerCommand
 .text.PWM_SetInterruptMode
                0x00000c78       0x18 .\CortexM0\ARM_GCC_493\Debug\ADC_SAR_Seq_DieTemp_PSoC401.a(PWM.o)
                0x00000c78                PWM_SetInterruptMode
 .text.PWM_ClearInterrupt
                0x00000c90       0x18 .\CortexM0\ARM_GCC_493\Debug\ADC_SAR_Seq_DieTemp_PSoC401.a(PWM.o)
                0x00000c90                PWM_ClearInterrupt
 .text.ISR_TIMER_StartEx
                0x00000ca8       0x24 .\CortexM0\ARM_GCC_493\Debug\ADC_SAR_Seq_DieTemp_PSoC401.a(ISR_TIMER.o)
                0x00000ca8                ISR_TIMER_StartEx
 .text.ISR_TIMER_SetVector
                0x00000ccc       0x1c .\CortexM0\ARM_GCC_493\Debug\ADC_SAR_Seq_DieTemp_PSoC401.a(ISR_TIMER.o)
                0x00000ccc                ISR_TIMER_SetVector
 .text.ISR_TIMER_SetPriority
                0x00000ce8       0x4c .\CortexM0\ARM_GCC_493\Debug\ADC_SAR_Seq_DieTemp_PSoC401.a(ISR_TIMER.o)
                0x00000ce8                ISR_TIMER_SetPriority
 .text.ISR_TIMER_Enable
                0x00000d34       0x14 .\CortexM0\ARM_GCC_493\Debug\ADC_SAR_Seq_DieTemp_PSoC401.a(ISR_TIMER.o)
                0x00000d34                ISR_TIMER_Enable
 .text.ISR_TIMER_Disable
                0x00000d48       0x14 .\CortexM0\ARM_GCC_493\Debug\ADC_SAR_Seq_DieTemp_PSoC401.a(ISR_TIMER.o)
                0x00000d48                ISR_TIMER_Disable
 .text.ADC_SAR_SEQ_IRQ_StartEx
                0x00000d5c       0x24 .\CortexM0\ARM_GCC_493\Debug\ADC_SAR_Seq_DieTemp_PSoC401.a(ADC_SAR_SEQ_IRQ.o)
                0x00000d5c                ADC_SAR_SEQ_IRQ_StartEx
 .text.ADC_SAR_SEQ_IRQ_SetVector
                0x00000d80       0x18 .\CortexM0\ARM_GCC_493\Debug\ADC_SAR_Seq_DieTemp_PSoC401.a(ADC_SAR_SEQ_IRQ.o)
                0x00000d80                ADC_SAR_SEQ_IRQ_SetVector
 .text.ADC_SAR_SEQ_IRQ_SetPriority
                0x00000d98       0x50 .\CortexM0\ARM_GCC_493\Debug\ADC_SAR_Seq_DieTemp_PSoC401.a(ADC_SAR_SEQ_IRQ.o)
                0x00000d98                ADC_SAR_SEQ_IRQ_SetPriority
 .text.ADC_SAR_SEQ_IRQ_Enable
                0x00000de8       0x14 .\CortexM0\ARM_GCC_493\Debug\ADC_SAR_Seq_DieTemp_PSoC401.a(ADC_SAR_SEQ_IRQ.o)
                0x00000de8                ADC_SAR_SEQ_IRQ_Enable
 .text.ADC_SAR_SEQ_IRQ_Disable
                0x00000dfc       0x14 .\CortexM0\ARM_GCC_493\Debug\ADC_SAR_Seq_DieTemp_PSoC401.a(ADC_SAR_SEQ_IRQ.o)
                0x00000dfc                ADC_SAR_SEQ_IRQ_Disable
 .text          0x00000e10       0x28 .\CortexM0\ARM_GCC_493\Debug\ADC_SAR_Seq_DieTemp_PSoC401.a(CyBootAsmGnu.o)
                0x00000e10                CyDelayCycles
                0x00000e24                CyEnterCriticalSection
                0x00000e2c                CyExitCriticalSection
 .text.CySysClkWriteImoFreq
                0x00000e38      0x1e4 .\CortexM0\ARM_GCC_493\Debug\ADC_SAR_Seq_DieTemp_PSoC401.a(CyLib.o)
                0x00000e38                CySysClkWriteImoFreq
 .text.CyIntSetVector
                0x0000101c       0x4c .\CortexM0\ARM_GCC_493\Debug\ADC_SAR_Seq_DieTemp_PSoC401.a(CyLib.o)
                0x0000101c                CyIntSetVector
 .text.CyIntSetPriority
                0x00001068       0xa8 .\CortexM0\ARM_GCC_493\Debug\ADC_SAR_Seq_DieTemp_PSoC401.a(CyLib.o)
                0x00001068                CyIntSetPriority
 .text.CyHalt   0x00001110       0x14 .\CortexM0\ARM_GCC_493\Debug\ADC_SAR_Seq_DieTemp_PSoC401.a(CyLib.o)
                0x00001110                CyHalt
 .text.CyDelayUs
                0x00001124       0x28 .\CortexM0\ARM_GCC_493\Debug\ADC_SAR_Seq_DieTemp_PSoC401.a(CyLib.o)
                0x00001124                CyDelayUs
 *fill*         0x0000114c       0x14 
 .text          0x00001160       0xe0 .\CortexM0\ARM_GCC_493\Debug\ADC_SAR_Seq_DieTemp_PSoC401.a(UART_AsmGnu.o)
                0x00001160                UART_PutChar
 .text          0x00001240      0x120 c:/program files (x86)/cypress/psoc creator/3.3/psoc creator/import/gnu/arm/4.9.3/bin/../lib/gcc/arm-none-eabi/4.9.3/armv6-m\libgcc.a(_udivsi3.o)
                0x00001240                __aeabi_uidiv
                0x00001240                __udivsi3
                0x0000134c                __aeabi_uidivmod
 .text          0x00001360      0x1e0 c:/program files (x86)/cypress/psoc creator/3.3/psoc creator/import/gnu/arm/4.9.3/bin/../lib/gcc/arm-none-eabi/4.9.3/armv6-m\libgcc.a(_divsi3.o)
                0x00001360                __divsi3
                0x00001360                __aeabi_idiv
                0x0000152c                __aeabi_idivmod
 .text          0x00001540        0x4 c:/program files (x86)/cypress/psoc creator/3.3/psoc creator/import/gnu/arm/4.9.3/bin/../lib/gcc/arm-none-eabi/4.9.3/armv6-m\libgcc.a(_dvmd_tls.o)
                0x00001540                __aeabi_idiv0
                0x00001540                __aeabi_ldiv0
 .text.__errno  0x00001544        0xc c:/program files (x86)/cypress/psoc creator/3.3/psoc creator/import/gnu/arm/4.9.3/bin/../lib/gcc/arm-none-eabi/4.9.3/../../../../arm-none-eabi/lib/armv6-m\libg_nano.a(lib_a-errno.o)
                0x00001544                __errno
 .text.__libc_init_array
                0x00001550       0x4c c:/program files (x86)/cypress/psoc creator/3.3/psoc creator/import/gnu/arm/4.9.3/bin/../lib/gcc/arm-none-eabi/4.9.3/../../../../arm-none-eabi/lib/armv6-m\libg_nano.a(lib_a-init.o)
                0x00001550                __libc_init_array
 .text.memcpy   0x0000159c       0x12 c:/program files (x86)/cypress/psoc creator/3.3/psoc creator/import/gnu/arm/4.9.3/bin/../lib/gcc/arm-none-eabi/4.9.3/../../../../arm-none-eabi/lib/armv6-m\libg_nano.a(lib_a-memcpy.o)
                0x0000159c                memcpy
 .text.memset   0x000015ae       0x10 c:/program files (x86)/cypress/psoc creator/3.3/psoc creator/import/gnu/arm/4.9.3/bin/../lib/gcc/arm-none-eabi/4.9.3/../../../../arm-none-eabi/lib/armv6-m\libg_nano.a(lib_a-memset.o)
                0x000015ae                memset
 *fill*         0x000015be        0x2 
 .text.sprintf  0x000015c0       0x44 c:/program files (x86)/cypress/psoc creator/3.3/psoc creator/import/gnu/arm/4.9.3/bin/../lib/gcc/arm-none-eabi/4.9.3/../../../../arm-none-eabi/lib/armv6-m\libg_nano.a(lib_a-sprintf.o)
                0x000015c0                siprintf
                0x000015c0                sprintf
 .text.__ssputs_r
                0x00001604       0xc0 c:/program files (x86)/cypress/psoc creator/3.3/psoc creator/import/gnu/arm/4.9.3/bin/../lib/gcc/arm-none-eabi/4.9.3/../../../../arm-none-eabi/lib/armv6-m\libg_nano.a(lib_a-nano-svfprintf.o)
                0x00001604                __ssputs_r
 .text._svfprintf_r
                0x000016c4      0x1ec c:/program files (x86)/cypress/psoc creator/3.3/psoc creator/import/gnu/arm/4.9.3/bin/../lib/gcc/arm-none-eabi/4.9.3/../../../../arm-none-eabi/lib/armv6-m\libg_nano.a(lib_a-nano-svfprintf.o)
                0x000016c4                _svfiprintf_r
                0x000016c4                _svfprintf_r
 .text._printf_common
                0x000018b0       0xdc c:/program files (x86)/cypress/psoc creator/3.3/psoc creator/import/gnu/arm/4.9.3/bin/../lib/gcc/arm-none-eabi/4.9.3/../../../../arm-none-eabi/lib/armv6-m\libg_nano.a(lib_a-nano-vfprintf_i.o)
                0x000018b0                _printf_common
 .text._printf_i
                0x0000198c      0x230 c:/program files (x86)/cypress/psoc creator/3.3/psoc creator/import/gnu/arm/4.9.3/bin/../lib/gcc/arm-none-eabi/4.9.3/../../../../arm-none-eabi/lib/armv6-m\libg_nano.a(lib_a-nano-vfprintf_i.o)
                0x0000198c                _printf_i
 .text.memchr   0x00001bbc       0x16 c:/program files (x86)/cypress/psoc creator/3.3/psoc creator/import/gnu/arm/4.9.3/bin/../lib/gcc/arm-none-eabi/4.9.3/../../../../arm-none-eabi/lib/armv6-m\libg_nano.a(lib_a-memchr.o)
                0x00001bbc                memchr
 .text.memmove  0x00001bd2       0x28 c:/program files (x86)/cypress/psoc creator/3.3/psoc creator/import/gnu/arm/4.9.3/bin/../lib/gcc/arm-none-eabi/4.9.3/../../../../arm-none-eabi/lib/armv6-m\libg_nano.a(lib_a-memmove.o)
                0x00001bd2                memmove
 *fill*         0x00001bfa        0x2 
 .text._free_r  0x00001bfc       0x8c c:/program files (x86)/cypress/psoc creator/3.3/psoc creator/import/gnu/arm/4.9.3/bin/../lib/gcc/arm-none-eabi/4.9.3/../../../../arm-none-eabi/lib/armv6-m\libg_nano.a(lib_a-nano-freer.o)
                0x00001bfc                _free_r
 .text._malloc_r
                0x00001c88       0xb0 c:/program files (x86)/cypress/psoc creator/3.3/psoc creator/import/gnu/arm/4.9.3/bin/../lib/gcc/arm-none-eabi/4.9.3/../../../../arm-none-eabi/lib/armv6-m\libg_nano.a(lib_a-nano-mallocr.o)
                0x00001c88                _malloc_r
 .text._realloc_r
                0x00001d38       0x4c c:/program files (x86)/cypress/psoc creator/3.3/psoc creator/import/gnu/arm/4.9.3/bin/../lib/gcc/arm-none-eabi/4.9.3/../../../../arm-none-eabi/lib/armv6-m\libg_nano.a(lib_a-nano-reallocr.o)
                0x00001d38                _realloc_r
 .text._sbrk_r  0x00001d84       0x24 c:/program files (x86)/cypress/psoc creator/3.3/psoc creator/import/gnu/arm/4.9.3/bin/../lib/gcc/arm-none-eabi/4.9.3/../../../../arm-none-eabi/lib/armv6-m\libg_nano.a(lib_a-sbrkr.o)
                0x00001d84                _sbrk_r
 .text._malloc_usable_size_r
                0x00001da8       0x16 c:/program files (x86)/cypress/psoc creator/3.3/psoc creator/import/gnu/arm/4.9.3/bin/../lib/gcc/arm-none-eabi/4.9.3/../../../../arm-none-eabi/lib/armv6-m\libg_nano.a(lib_a-nano-msizer.o)
                0x00001da8                _malloc_usable_size_r
 *(.plt)
 *(.gnu.warning)
 *(.glue_7t)
 .glue_7t       0x00000000        0x0 linker stubs
 *(.glue_7)
 .glue_7        0x00000000        0x0 linker stubs
 *(.vfp11_veneer)
 .vfp11_veneer  0x00000000        0x0 linker stubs
 *(.bootloader)
 *(.ARM.extab* .gnu.linkonce.armextab.*)
 *(.gcc_except_table)

.v4_bx          0x00001dc0        0x0
 .v4_bx         0x00000000        0x0 linker stubs

.iplt           0x00001dc0        0x0
 .iplt          0x00000000        0x0 c:/program files (x86)/cypress/psoc creator/3.3/psoc creator/import/gnu/arm/4.9.3/bin/../lib/gcc/arm-none-eabi/4.9.3/armv6-m/crtbegin.o

.eh_frame_hdr
 *(.eh_frame_hdr)

.eh_frame       0x00001dc0        0x4
 *(.eh_frame)
 .eh_frame      0x00001dc0        0x0 c:/program files (x86)/cypress/psoc creator/3.3/psoc creator/import/gnu/arm/4.9.3/bin/../lib/gcc/arm-none-eabi/4.9.3/armv6-m/crtbegin.o
 .eh_frame      0x00001dc0        0x4 c:/program files (x86)/cypress/psoc creator/3.3/psoc creator/import/gnu/arm/4.9.3/bin/../lib/gcc/arm-none-eabi/4.9.3/armv6-m/crtend.o
                0x00001dc4                PROVIDE (__exidx_start, .)

.ARM.exidx
 *(.ARM.exidx* .gnu.linkonce.armexidx.*)
                0x00001dc4                __exidx_end = .

.rodata         0x00001dc4      0x14c
 *(.rodata .rodata.* .gnu.linkonce.r.*)
 .rodata        0x00001dc4       0x58 .\CortexM0\ARM_GCC_493\Debug\main.o
 .rodata        0x00001e1c       0x4c .\CortexM0\ARM_GCC_493\Debug\ADC_SAR_Seq_DieTemp_PSoC401.a(cyfitter_cfg.o)
 .rodata        0x00001e68        0xc .\CortexM0\ARM_GCC_493\Debug\ADC_SAR_Seq_DieTemp_PSoC401.a(ADC_SAR_SEQ.o)
 .rodata        0x00001e74       0x30 .\CortexM0\ARM_GCC_493\Debug\ADC_SAR_Seq_DieTemp_PSoC401.a(CyLib.o)
                0x00001e74                cyImoFreqMhz2Reg
 .rodata.str1.1
                0x00001ea4        0x2 c:/program files (x86)/cypress/psoc creator/3.3/psoc creator/import/gnu/arm/4.9.3/bin/../lib/gcc/arm-none-eabi/4.9.3/../../../../arm-none-eabi/lib/armv6-m\libg_nano.a(lib_a-impure.o)
 .rodata.str1.1
                0x00001ea6       0x11 c:/program files (x86)/cypress/psoc creator/3.3/psoc creator/import/gnu/arm/4.9.3/bin/../lib/gcc/arm-none-eabi/4.9.3/../../../../arm-none-eabi/lib/armv6-m\libg_nano.a(lib_a-nano-svfprintf.o)
 .rodata.str1.1
                0x00001eb7       0x22 c:/program files (x86)/cypress/psoc creator/3.3/psoc creator/import/gnu/arm/4.9.3/bin/../lib/gcc/arm-none-eabi/4.9.3/../../../../arm-none-eabi/lib/armv6-m\libg_nano.a(lib_a-nano-vfprintf_i.o)
                0x00001edc                . = ALIGN (0x4)
 *fill*         0x00001ed9        0x3 
 *(.init)
 .init          0x00001edc        0x4 c:/program files (x86)/cypress/psoc creator/3.3/psoc creator/import/gnu/arm/4.9.3/bin/../lib/gcc/arm-none-eabi/4.9.3/armv6-m/crti.o
                0x00001edc                _init
 .init          0x00001ee0        0x8 c:/program files (x86)/cypress/psoc creator/3.3/psoc creator/import/gnu/arm/4.9.3/bin/../lib/gcc/arm-none-eabi/4.9.3/armv6-m/crtn.o
                0x00001ee8                . = ALIGN (0x4)
                0x00001ee8                __preinit_array_start = .
 *(.preinit_array)
                0x00001ee8                __preinit_array_end = .
                0x00001ee8                . = ALIGN (0x4)
                0x00001ee8                __init_array_start = .
 *(SORT(.init_array.*))
 *(.init_array)
 .init_array    0x00001ee8        0x4 c:/program files (x86)/cypress/psoc creator/3.3/psoc creator/import/gnu/arm/4.9.3/bin/../lib/gcc/arm-none-eabi/4.9.3/armv6-m/crtbegin.o
 .init_array    0x00001eec        0x4 .\CortexM0\ARM_GCC_493\Debug\Cm0Start.o
                0x00001ef0                __init_array_end = .
                0x00001ef0                . = ALIGN (0x4)
 *(.fini)
 .fini          0x00001ef0        0x4 c:/program files (x86)/cypress/psoc creator/3.3/psoc creator/import/gnu/arm/4.9.3/bin/../lib/gcc/arm-none-eabi/4.9.3/armv6-m/crti.o
                0x00001ef0                _fini
 .fini          0x00001ef4        0x8 c:/program files (x86)/cypress/psoc creator/3.3/psoc creator/import/gnu/arm/4.9.3/bin/../lib/gcc/arm-none-eabi/4.9.3/armv6-m/crtn.o
                0x00001efc                . = ALIGN (0x4)
                0x00001efc                __fini_array_start = .
 *(.fini_array)
 .fini_array    0x00001efc        0x4 c:/program files (x86)/cypress/psoc creator/3.3/psoc creator/import/gnu/arm/4.9.3/bin/../lib/gcc/arm-none-eabi/4.9.3/armv6-m/crtbegin.o
 *(SORT(.fini_array.*))
                0x00001f00                __fini_array_end = .
                0x00001f00                . = ALIGN (0x4)
 *crtbegin.o(.ctors)
 *(EXCLUDE_FILE(*crtend.o) .ctors)
 *(SORT(.ctors.*))
 *crtend.o(.ctors)
                0x00001f00                . = ALIGN (0x4)
 *crtbegin.o(.dtors)
 *(EXCLUDE_FILE(*crtend.o) .dtors)
 *(SORT(.dtors.*))
 *crtend.o(.dtors)
                0x00001f00                . = ALIGN (0x4)
                0x00001f00                __cy_regions = .
                0x00001f00        0x4 LONG 0x1f10 __cy_region_init_ram
                0x00001f04        0x4 LONG 0x200000c8 __cy_region_start_data
                0x00001f08        0x4 LONG 0x88 __cy_region_init_size_ram
                0x00001f0c        0x4 LONG 0x50 __cy_region_zero_size_ram
                0x00001f10                __cy_regions_end = .
                0x00001f10                . = ALIGN (0x8)
                0x00001f10                _etext = .

.cy_checksum_exclude
                0x00001f10        0x0
 *(.cy_checksum_exclude)

.ramvectors     0x20000000       0xc0
                0x20000000                __cy_region_start_ram = .
 *(.ramvectors)
 .ramvectors    0x20000000       0xc0 .\CortexM0\ARM_GCC_493\Debug\Cm0Start.o
                0x20000000                CyRamVectors

.noinit         0x200000c0        0x4
 *(.noinit)
 .noinit        0x200000c0        0x4 .\CortexM0\ARM_GCC_493\Debug\Cm0Start.o

.data           0x200000c8       0x88 load address 0x00001f10
                0x200000c8                __cy_region_start_data = .
 *(.jcr)
 .jcr           0x200000c8        0x0 c:/program files (x86)/cypress/psoc creator/3.3/psoc creator/import/gnu/arm/4.9.3/bin/../lib/gcc/arm-none-eabi/4.9.3/armv6-m/crtbegin.o
 .jcr           0x200000c8        0x4 c:/program files (x86)/cypress/psoc creator/3.3/psoc creator/import/gnu/arm/4.9.3/bin/../lib/gcc/arm-none-eabi/4.9.3/armv6-m/crtend.o
 *(.got.plt)
 *(.got)
 *(.shdata)
 *(.data .data.* .gnu.linkonce.d.*)
 .data          0x200000cc        0x4 .\CortexM0\ARM_GCC_493\Debug\Cm0Start.o
 .data          0x200000d0        0x8 .\CortexM0\ARM_GCC_493\Debug\ADC_SAR_Seq_DieTemp_PSoC401.a(UART.o)
                0x200000d0                UART_pinNumber
                0x200000d4                UART_pinDrAdress
 .data          0x200000d8       0x10 .\CortexM0\ARM_GCC_493\Debug\ADC_SAR_Seq_DieTemp_PSoC401.a(CyLib.o)
                0x200000d8                cydelayFreqHz
                0x200000dc                cydelayFreqKhz
                0x200000e0                cydelayFreqMhz
                0x200000e4                cydelay32kMs
 .data.impure_data
                0x200000e8       0x60 c:/program files (x86)/cypress/psoc creator/3.3/psoc creator/import/gnu/arm/4.9.3/bin/../lib/gcc/arm-none-eabi/4.9.3/../../../../arm-none-eabi/lib/armv6-m\libg_nano.a(lib_a-impure.o)
 .data._impure_ptr
                0x20000148        0x4 c:/program files (x86)/cypress/psoc creator/3.3/psoc creator/import/gnu/arm/4.9.3/bin/../lib/gcc/arm-none-eabi/4.9.3/../../../../arm-none-eabi/lib/armv6-m\libg_nano.a(lib_a-impure.o)
                0x20000148                _impure_ptr
                0x20000150                . = ALIGN (0x8)
 *fill*         0x2000014c        0x4 
 *(.ram)
                0x20000150                _edata = .

.igot.plt       0x20000150        0x0 load address 0x00001f98
 .igot.plt      0x00000000        0x0 c:/program files (x86)/cypress/psoc creator/3.3/psoc creator/import/gnu/arm/4.9.3/bin/../lib/gcc/arm-none-eabi/4.9.3/armv6-m/crtbegin.o

.bss            0x20000150       0x50 load address 0x00001f98
                0x20000150                PROVIDE (__bss_start__, .)
 *(.shbss)
 *(.bss .bss.* .gnu.linkonce.b.*)
 .bss           0x20000150       0x1c c:/program files (x86)/cypress/psoc creator/3.3/psoc creator/import/gnu/arm/4.9.3/bin/../lib/gcc/arm-none-eabi/4.9.3/armv6-m/crtbegin.o
 .bss           0x2000016c        0x8 .\CortexM0\ARM_GCC_493\Debug\main.o
                0x2000016c                dataReady
                0x20000170                timer_delay
 .bss           0x20000174        0x1 .\CortexM0\ARM_GCC_493\Debug\ADC_SAR_Seq_DieTemp_PSoC401.a(ADC_SAR_SEQ.o)
                0x20000174                ADC_SAR_SEQ_initVar
 *fill*         0x20000175        0x3 
 .bss           0x20000178        0x4 .\CortexM0\ARM_GCC_493\Debug\ADC_SAR_Seq_DieTemp_PSoC401.a(UART.o)
                0x20000178                UART_pinPortNumber
 .bss           0x2000017c        0x1 .\CortexM0\ARM_GCC_493\Debug\ADC_SAR_Seq_DieTemp_PSoC401.a(PWM.o)
                0x2000017c                PWM_initVar
 *fill*         0x2000017d        0x3 
 .bss.__malloc_sbrk_start
                0x20000180        0x4 c:/program files (x86)/cypress/psoc creator/3.3/psoc creator/import/gnu/arm/4.9.3/bin/../lib/gcc/arm-none-eabi/4.9.3/../../../../arm-none-eabi/lib/armv6-m\libg_nano.a(lib_a-nano-mallocr.o)
                0x20000180                __malloc_sbrk_start
 .bss.__malloc_free_list
                0x20000184        0x4 c:/program files (x86)/cypress/psoc creator/3.3/psoc creator/import/gnu/arm/4.9.3/bin/../lib/gcc/arm-none-eabi/4.9.3/../../../../arm-none-eabi/lib/armv6-m\libg_nano.a(lib_a-nano-mallocr.o)
                0x20000184                __malloc_free_list
 *(COMMON)
 COMMON         0x20000188        0x4 .\CortexM0\ARM_GCC_493\Debug\main.o
                0x20000188                result
 COMMON         0x2000018c        0xc .\CortexM0\ARM_GCC_493\Debug\ADC_SAR_Seq_DieTemp_PSoC401.a(ADC_SAR_SEQ.o)
                0x2000018c                ADC_SAR_SEQ_offset
                0x20000190                ADC_SAR_SEQ_countsPer10Volt
 COMMON         0x20000198        0x4 c:/program files (x86)/cypress/psoc creator/3.3/psoc creator/import/gnu/arm/4.9.3/bin/../lib/gcc/arm-none-eabi/4.9.3/../../../../arm-none-eabi/lib/armv6-m\libg_nano.a(lib_a-reent.o)
                0x20000198                errno
                0x200001a0                . = ALIGN (0x8)
 *fill*         0x2000019c        0x4 
 *(.ram.b)
                0x200001a0                _end = .
                0x200001a0                __end = .
                0x200001a0                PROVIDE (end, .)
                0x200001a0                PROVIDE (__bss_end__, .)
                0x00001f10                __cy_region_init_ram = LOADADDR (.data)
                0x00000088                __cy_region_init_size_ram = (_edata - ADDR (.data))
                0x00000050                __cy_region_zero_size_ram = (_end - _edata)

.heap           0x200001a0      0x100 load address 0x00001f98
                0x200001a0                . = _end
                0x200002a0                . = (. + 0x100)
 *fill*         0x200001a0      0x100 
                0x200002a0                __cy_heap_limit = .

.stack          0x20000c00      0x400
                0x20000c00                __cy_stack_limit = .
                0x20001000                . = (. + 0x400)
 *fill*         0x20000c00      0x400 
                0x00000001                ASSERT ((__cy_stack_limit >= __cy_heap_limit), region RAM overflowed with stack)
                0x00000000                cy_checksum_exclude_size = (CY_APPL_LOADABLE == 0x1)?SIZEOF (.cy_checksum_exclude):0x0
                0x00000001                ASSERT ((cy_checksum_exclude_size <= CY_CHECKSUM_EXCLUDE_SIZE), CY_BOOT: Section .cy_checksum_exclude size exceedes specified limit.)
                0x00007fc0                cyloadermeta_start = (cy_project_type_bootloader || cy_project_type_app_for_stack_and_copier)?(0x8000 - CY_METADATA_SIZE):0xf0000000

.cyloadermeta
 *(.cyloadermeta)
                0x00007fc0                cyloadablemeta_start = cy_project_type_app_for_stack_and_copier?((0x8000 - CY_FLASH_ROW_SIZE) - CY_METADATA_SIZE):((0x8000 - (CY_FLASH_ROW_SIZE * (CY_APPL_NUM - 0x1))) - CY_METADATA_SIZE)

.cyloadablemeta
 *(.cyloadablemeta)

.cyflashprotect
                0x90400000       0x20
 *(.cyflashprotect)
 .cyflashprotect
                0x90400000       0x20 .\CortexM0\ARM_GCC_493\Debug\cymetadata.o
                0x90400000                cy_meta_flashprotect

.cymeta         0x90500000        0xc
 *(.cymeta)
 .cymeta        0x90500000        0xc .\CortexM0\ARM_GCC_493\Debug\cymetadata.o
                0x90500000                cy_metadata

.cychipprotect  0x90600000        0x4
 *(.cychipprotect)
 .cychipprotect
                0x90600000        0x4 .\CortexM0\ARM_GCC_493\Debug\cymetadata.o
                0x90600000                cy_meta_chipprotect

.rel.dyn        0x00001f98        0x0 load address 0x90600004
 .rel.iplt      0x00000000        0x0 c:/program files (x86)/cypress/psoc creator/3.3/psoc creator/import/gnu/arm/4.9.3/bin/../lib/gcc/arm-none-eabi/4.9.3/armv6-m/crtbegin.o

.stab
 *(.stab)

.stabstr
 *(.stabstr)

.debug
 *(.debug)

.line
 *(.line)

.debug_srcinfo
 *(.debug_srcinfo)

.debug_sfnames
 *(.debug_sfnames)

.debug_aranges  0x00000000      0x628
 *(.debug_aranges)
 .debug_aranges
                0x00000000       0x30 .\CortexM0\ARM_GCC_493\Debug\main.o
 .debug_aranges
                0x00000030       0x18 .\CortexM0\ARM_GCC_493\Debug\cymetadata.o
 .debug_aranges
                0x00000048       0x48 .\CortexM0\ARM_GCC_493\Debug\Cm0Start.o
 .debug_aranges
                0x00000090       0x50 .\CortexM0\ARM_GCC_493\Debug\ADC_SAR_Seq_DieTemp_PSoC401.a(cyfitter_cfg.o)
 .debug_aranges
                0x000000e0       0xb0 .\CortexM0\ARM_GCC_493\Debug\ADC_SAR_Seq_DieTemp_PSoC401.a(ADC_SAR_SEQ.o)
 .debug_aranges
                0x00000190       0x20 .\CortexM0\ARM_GCC_493\Debug\ADC_SAR_Seq_DieTemp_PSoC401.a(ADC_SAR_SEQ_INT.o)
 .debug_aranges
                0x000001b0       0x20 .\CortexM0\ARM_GCC_493\Debug\ADC_SAR_Seq_DieTemp_PSoC401.a(DieTemp.o)
 .debug_aranges
                0x000001d0       0x50 .\CortexM0\ARM_GCC_493\Debug\ADC_SAR_Seq_DieTemp_PSoC401.a(UART.o)
 .debug_aranges
                0x00000220      0x158 .\CortexM0\ARM_GCC_493\Debug\ADC_SAR_Seq_DieTemp_PSoC401.a(PWM.o)
 .debug_aranges
                0x00000378       0x80 .\CortexM0\ARM_GCC_493\Debug\ADC_SAR_Seq_DieTemp_PSoC401.a(ISR_TIMER.o)
 .debug_aranges
                0x000003f8       0x80 .\CortexM0\ARM_GCC_493\Debug\ADC_SAR_Seq_DieTemp_PSoC401.a(ADC_SAR_SEQ_IRQ.o)
 .debug_aranges
                0x00000478       0x20 .\CortexM0\ARM_GCC_493\Debug\ADC_SAR_Seq_DieTemp_PSoC401.a(CyBootAsmGnu.o)
 .debug_aranges
                0x00000498      0x170 .\CortexM0\ARM_GCC_493\Debug\ADC_SAR_Seq_DieTemp_PSoC401.a(CyLib.o)
 .debug_aranges
                0x00000608       0x20 .\CortexM0\ARM_GCC_493\Debug\ADC_SAR_Seq_DieTemp_PSoC401.a(UART_AsmGnu.o)

.debug_pubnames
 *(.debug_pubnames)

.debug_info     0x00000000     0x26c6
 *(.debug_info .gnu.linkonce.wi.*)
 .debug_info    0x00000000      0x1b3 .\CortexM0\ARM_GCC_493\Debug\main.o
 .debug_info    0x000001b3       0xfd .\CortexM0\ARM_GCC_493\Debug\cymetadata.o
 .debug_info    0x000002b0      0x2fe .\CortexM0\ARM_GCC_493\Debug\Cm0Start.o
 .debug_info    0x000005ae      0x353 .\CortexM0\ARM_GCC_493\Debug\ADC_SAR_Seq_DieTemp_PSoC401.a(cyfitter_cfg.o)
 .debug_info    0x00000901      0x4ac .\CortexM0\ARM_GCC_493\Debug\ADC_SAR_Seq_DieTemp_PSoC401.a(ADC_SAR_SEQ.o)
 .debug_info    0x00000dad       0xc4 .\CortexM0\ARM_GCC_493\Debug\ADC_SAR_Seq_DieTemp_PSoC401.a(ADC_SAR_SEQ_INT.o)
 .debug_info    0x00000e71      0x124 .\CortexM0\ARM_GCC_493\Debug\ADC_SAR_Seq_DieTemp_PSoC401.a(DieTemp.o)
 .debug_info    0x00000f95      0x21e .\CortexM0\ARM_GCC_493\Debug\ADC_SAR_Seq_DieTemp_PSoC401.a(UART.o)
 .debug_info    0x000011b3      0x6f0 .\CortexM0\ARM_GCC_493\Debug\ADC_SAR_Seq_DieTemp_PSoC401.a(PWM.o)
 .debug_info    0x000018a3      0x244 .\CortexM0\ARM_GCC_493\Debug\ADC_SAR_Seq_DieTemp_PSoC401.a(ISR_TIMER.o)
 .debug_info    0x00001ae7      0x244 .\CortexM0\ARM_GCC_493\Debug\ADC_SAR_Seq_DieTemp_PSoC401.a(ADC_SAR_SEQ_IRQ.o)
 .debug_info    0x00001d2b       0xa5 .\CortexM0\ARM_GCC_493\Debug\ADC_SAR_Seq_DieTemp_PSoC401.a(CyBootAsmGnu.o)
 .debug_info    0x00001dd0      0x852 .\CortexM0\ARM_GCC_493\Debug\ADC_SAR_Seq_DieTemp_PSoC401.a(CyLib.o)
 .debug_info    0x00002622       0xa4 .\CortexM0\ARM_GCC_493\Debug\ADC_SAR_Seq_DieTemp_PSoC401.a(UART_AsmGnu.o)

.debug_abbrev   0x00000000      0xd61
 *(.debug_abbrev)
 .debug_abbrev  0x00000000       0xd8 .\CortexM0\ARM_GCC_493\Debug\main.o
 .debug_abbrev  0x000000d8       0x5d .\CortexM0\ARM_GCC_493\Debug\cymetadata.o
 .debug_abbrev  0x00000135      0x1a5 .\CortexM0\ARM_GCC_493\Debug\Cm0Start.o
 .debug_abbrev  0x000002da      0x18a .\CortexM0\ARM_GCC_493\Debug\ADC_SAR_Seq_DieTemp_PSoC401.a(cyfitter_cfg.o)
 .debug_abbrev  0x00000464      0x170 .\CortexM0\ARM_GCC_493\Debug\ADC_SAR_Seq_DieTemp_PSoC401.a(ADC_SAR_SEQ.o)
 .debug_abbrev  0x000005d4       0x72 .\CortexM0\ARM_GCC_493\Debug\ADC_SAR_Seq_DieTemp_PSoC401.a(ADC_SAR_SEQ_INT.o)
 .debug_abbrev  0x00000646       0x83 .\CortexM0\ARM_GCC_493\Debug\ADC_SAR_Seq_DieTemp_PSoC401.a(DieTemp.o)
 .debug_abbrev  0x000006c9       0xd2 .\CortexM0\ARM_GCC_493\Debug\ADC_SAR_Seq_DieTemp_PSoC401.a(UART.o)
 .debug_abbrev  0x0000079b      0x109 .\CortexM0\ARM_GCC_493\Debug\ADC_SAR_Seq_DieTemp_PSoC401.a(PWM.o)
 .debug_abbrev  0x000008a4      0x177 .\CortexM0\ARM_GCC_493\Debug\ADC_SAR_Seq_DieTemp_PSoC401.a(ISR_TIMER.o)
 .debug_abbrev  0x00000a1b      0x177 .\CortexM0\ARM_GCC_493\Debug\ADC_SAR_Seq_DieTemp_PSoC401.a(ADC_SAR_SEQ_IRQ.o)
 .debug_abbrev  0x00000b92       0x14 .\CortexM0\ARM_GCC_493\Debug\ADC_SAR_Seq_DieTemp_PSoC401.a(CyBootAsmGnu.o)
 .debug_abbrev  0x00000ba6      0x1a7 .\CortexM0\ARM_GCC_493\Debug\ADC_SAR_Seq_DieTemp_PSoC401.a(CyLib.o)
 .debug_abbrev  0x00000d4d       0x14 .\CortexM0\ARM_GCC_493\Debug\ADC_SAR_Seq_DieTemp_PSoC401.a(UART_AsmGnu.o)

.debug_line     0x00000000     0x1488
 *(.debug_line)
 .debug_line    0x00000000       0xae .\CortexM0\ARM_GCC_493\Debug\main.o
 .debug_line    0x000000ae       0x53 .\CortexM0\ARM_GCC_493\Debug\cymetadata.o
 .debug_line    0x00000101      0x1c9 .\CortexM0\ARM_GCC_493\Debug\Cm0Start.o
 .debug_line    0x000002ca      0x192 .\CortexM0\ARM_GCC_493\Debug\ADC_SAR_Seq_DieTemp_PSoC401.a(cyfitter_cfg.o)
 .debug_line    0x0000045c      0x2cc .\CortexM0\ARM_GCC_493\Debug\ADC_SAR_Seq_DieTemp_PSoC401.a(ADC_SAR_SEQ.o)
 .debug_line    0x00000728       0x6c .\CortexM0\ARM_GCC_493\Debug\ADC_SAR_Seq_DieTemp_PSoC401.a(ADC_SAR_SEQ_INT.o)
 .debug_line    0x00000794       0x6e .\CortexM0\ARM_GCC_493\Debug\ADC_SAR_Seq_DieTemp_PSoC401.a(DieTemp.o)
 .debug_line    0x00000802       0xe2 .\CortexM0\ARM_GCC_493\Debug\ADC_SAR_Seq_DieTemp_PSoC401.a(UART.o)
 .debug_line    0x000008e4      0x373 .\CortexM0\ARM_GCC_493\Debug\ADC_SAR_Seq_DieTemp_PSoC401.a(PWM.o)
 .debug_line    0x00000c57      0x171 .\CortexM0\ARM_GCC_493\Debug\ADC_SAR_Seq_DieTemp_PSoC401.a(ISR_TIMER.o)
 .debug_line    0x00000dc8      0x177 .\CortexM0\ARM_GCC_493\Debug\ADC_SAR_Seq_DieTemp_PSoC401.a(ADC_SAR_SEQ_IRQ.o)
 .debug_line    0x00000f3f       0x69 .\CortexM0\ARM_GCC_493\Debug\ADC_SAR_Seq_DieTemp_PSoC401.a(CyBootAsmGnu.o)
 .debug_line    0x00000fa8      0x441 .\CortexM0\ARM_GCC_493\Debug\ADC_SAR_Seq_DieTemp_PSoC401.a(CyLib.o)
 .debug_line    0x000013e9       0x9f .\CortexM0\ARM_GCC_493\Debug\ADC_SAR_Seq_DieTemp_PSoC401.a(UART_AsmGnu.o)

.debug_frame    0x00000000     0x1870
 *(.debug_frame)
 .debug_frame   0x00000000       0x70 .\CortexM0\ARM_GCC_493\Debug\main.o
 .debug_frame   0x00000070       0xc8 .\CortexM0\ARM_GCC_493\Debug\Cm0Start.o
 .debug_frame   0x00000138       0xe8 .\CortexM0\ARM_GCC_493\Debug\ADC_SAR_Seq_DieTemp_PSoC401.a(cyfitter_cfg.o)
 .debug_frame   0x00000220      0x264 .\CortexM0\ARM_GCC_493\Debug\ADC_SAR_Seq_DieTemp_PSoC401.a(ADC_SAR_SEQ.o)
 .debug_frame   0x00000484       0x30 .\CortexM0\ARM_GCC_493\Debug\ADC_SAR_Seq_DieTemp_PSoC401.a(ADC_SAR_SEQ_INT.o)
 .debug_frame   0x000004b4       0x30 .\CortexM0\ARM_GCC_493\Debug\ADC_SAR_Seq_DieTemp_PSoC401.a(DieTemp.o)
 .debug_frame   0x000004e4       0xe4 .\CortexM0\ARM_GCC_493\Debug\ADC_SAR_Seq_DieTemp_PSoC401.a(UART.o)
 .debug_frame   0x000005c8      0x52c .\CortexM0\ARM_GCC_493\Debug\ADC_SAR_Seq_DieTemp_PSoC401.a(PWM.o)
 .debug_frame   0x00000af4      0x190 .\CortexM0\ARM_GCC_493\Debug\ADC_SAR_Seq_DieTemp_PSoC401.a(ISR_TIMER.o)
 .debug_frame   0x00000c84      0x190 .\CortexM0\ARM_GCC_493\Debug\ADC_SAR_Seq_DieTemp_PSoC401.a(ADC_SAR_SEQ_IRQ.o)
 .debug_frame   0x00000e14      0x544 .\CortexM0\ARM_GCC_493\Debug\ADC_SAR_Seq_DieTemp_PSoC401.a(CyLib.o)
 .debug_frame   0x00001358       0x20 c:/program files (x86)/cypress/psoc creator/3.3/psoc creator/import/gnu/arm/4.9.3/bin/../lib/gcc/arm-none-eabi/4.9.3/armv6-m\libgcc.a(_udivsi3.o)
 .debug_frame   0x00001378       0x20 c:/program files (x86)/cypress/psoc creator/3.3/psoc creator/import/gnu/arm/4.9.3/bin/../lib/gcc/arm-none-eabi/4.9.3/armv6-m\libgcc.a(_divsi3.o)
 .debug_frame   0x00001398       0x34 c:/program files (x86)/cypress/psoc creator/3.3/psoc creator/import/gnu/arm/4.9.3/bin/../lib/gcc/arm-none-eabi/4.9.3/armv6-m\libgcc.a(_muldi3.o)
 .debug_frame   0x000013cc       0x50 c:/program files (x86)/cypress/psoc creator/3.3/psoc creator/import/gnu/arm/4.9.3/bin/../lib/gcc/arm-none-eabi/4.9.3/armv6-m\libgcc.a(bpabi.o)
 .debug_frame   0x0000141c       0x3c c:/program files (x86)/cypress/psoc creator/3.3/psoc creator/import/gnu/arm/4.9.3/bin/../lib/gcc/arm-none-eabi/4.9.3/armv6-m\libgcc.a(divsf3.o)
 .debug_frame   0x00001458       0x3c c:/program files (x86)/cypress/psoc creator/3.3/psoc creator/import/gnu/arm/4.9.3/bin/../lib/gcc/arm-none-eabi/4.9.3/armv6-m\libgcc.a(mulsf3.o)
 .debug_frame   0x00001494       0x2c c:/program files (x86)/cypress/psoc creator/3.3/psoc creator/import/gnu/arm/4.9.3/bin/../lib/gcc/arm-none-eabi/4.9.3/armv6-m\libgcc.a(floatsisf.o)
 .debug_frame   0x000014c0       0x3c c:/program files (x86)/cypress/psoc creator/3.3/psoc creator/import/gnu/arm/4.9.3/bin/../lib/gcc/arm-none-eabi/4.9.3/armv6-m\libgcc.a(_divdi3.o)
 .debug_frame   0x000014fc       0x3c c:/program files (x86)/cypress/psoc creator/3.3/psoc creator/import/gnu/arm/4.9.3/bin/../lib/gcc/arm-none-eabi/4.9.3/armv6-m\libgcc.a(_udivdi3.o)
 .debug_frame   0x00001538       0x20 c:/program files (x86)/cypress/psoc creator/3.3/psoc creator/import/gnu/arm/4.9.3/bin/../lib/gcc/arm-none-eabi/4.9.3/../../../../arm-none-eabi/lib/armv6-m\libg_nano.a(lib_a-errno.o)
 .debug_frame   0x00001558       0x28 c:/program files (x86)/cypress/psoc creator/3.3/psoc creator/import/gnu/arm/4.9.3/bin/../lib/gcc/arm-none-eabi/4.9.3/../../../../arm-none-eabi/lib/armv6-m\libg_nano.a(lib_a-exit.o)
 .debug_frame   0x00001580       0x2c c:/program files (x86)/cypress/psoc creator/3.3/psoc creator/import/gnu/arm/4.9.3/bin/../lib/gcc/arm-none-eabi/4.9.3/../../../../arm-none-eabi/lib/armv6-m\libg_nano.a(lib_a-init.o)
 .debug_frame   0x000015ac       0x28 c:/program files (x86)/cypress/psoc creator/3.3/psoc creator/import/gnu/arm/4.9.3/bin/../lib/gcc/arm-none-eabi/4.9.3/../../../../arm-none-eabi/lib/armv6-m\libg_nano.a(lib_a-memcpy.o)
 .debug_frame   0x000015d4       0x20 c:/program files (x86)/cypress/psoc creator/3.3/psoc creator/import/gnu/arm/4.9.3/bin/../lib/gcc/arm-none-eabi/4.9.3/../../../../arm-none-eabi/lib/armv6-m\libg_nano.a(lib_a-memset.o)
 .debug_frame   0x000015f4       0x50 c:/program files (x86)/cypress/psoc creator/3.3/psoc creator/import/gnu/arm/4.9.3/bin/../lib/gcc/arm-none-eabi/4.9.3/../../../../arm-none-eabi/lib/armv6-m\libg_nano.a(lib_a-sprintf.o)
 .debug_frame   0x00001644       0x74 c:/program files (x86)/cypress/psoc creator/3.3/psoc creator/import/gnu/arm/4.9.3/bin/../lib/gcc/arm-none-eabi/4.9.3/../../../../arm-none-eabi/lib/armv6-m\libg_nano.a(lib_a-nano-svfprintf.o)
 .debug_frame   0x000016b8       0x54 c:/program files (x86)/cypress/psoc creator/3.3/psoc creator/import/gnu/arm/4.9.3/bin/../lib/gcc/arm-none-eabi/4.9.3/../../../../arm-none-eabi/lib/armv6-m\libg_nano.a(lib_a-nano-vfprintf_i.o)
 .debug_frame   0x0000170c       0x20 c:/program files (x86)/cypress/psoc creator/3.3/psoc creator/import/gnu/arm/4.9.3/bin/../lib/gcc/arm-none-eabi/4.9.3/../../../../arm-none-eabi/lib/armv6-m\libg_nano.a(lib_a-memchr.o)
 .debug_frame   0x0000172c       0x28 c:/program files (x86)/cypress/psoc creator/3.3/psoc creator/import/gnu/arm/4.9.3/bin/../lib/gcc/arm-none-eabi/4.9.3/../../../../arm-none-eabi/lib/armv6-m\libg_nano.a(lib_a-memmove.o)
 .debug_frame   0x00001754       0x2c c:/program files (x86)/cypress/psoc creator/3.3/psoc creator/import/gnu/arm/4.9.3/bin/../lib/gcc/arm-none-eabi/4.9.3/../../../../arm-none-eabi/lib/armv6-m\libg_nano.a(lib_a-nano-freer.o)
 .debug_frame   0x00001780       0x2c c:/program files (x86)/cypress/psoc creator/3.3/psoc creator/import/gnu/arm/4.9.3/bin/../lib/gcc/arm-none-eabi/4.9.3/../../../../arm-none-eabi/lib/armv6-m\libg_nano.a(lib_a-nano-mallocr.o)
 .debug_frame   0x000017ac       0x30 c:/program files (x86)/cypress/psoc creator/3.3/psoc creator/import/gnu/arm/4.9.3/bin/../lib/gcc/arm-none-eabi/4.9.3/../../../../arm-none-eabi/lib/armv6-m\libg_nano.a(lib_a-nano-reallocr.o)
 .debug_frame   0x000017dc       0x2c c:/program files (x86)/cypress/psoc creator/3.3/psoc creator/import/gnu/arm/4.9.3/bin/../lib/gcc/arm-none-eabi/4.9.3/../../../../arm-none-eabi/lib/armv6-m\libg_nano.a(lib_a-sbrkr.o)
 .debug_frame   0x00001808       0x20 c:/program files (x86)/cypress/psoc creator/3.3/psoc creator/import/gnu/arm/4.9.3/bin/../lib/gcc/arm-none-eabi/4.9.3/../../../../arm-none-eabi/lib/armv6-m\libg_nano.a(lib_a-nano-msizer.o)
 .debug_frame   0x00001828       0x48 c:/program files (x86)/cypress/psoc creator/3.3/psoc creator/import/gnu/arm/4.9.3/bin/../lib/gcc/arm-none-eabi/4.9.3/../../../../arm-none-eabi/lib/armv6-m\libg_nano.a(lib_a-reent.o)

.debug_str      0x00000000     0x1377
 *(.debug_str)
 .debug_str     0x00000000      0x1eb .\CortexM0\ARM_GCC_493\Debug\main.o
                                0x230 (size before relaxing)
 .debug_str     0x000001eb       0x61 .\CortexM0\ARM_GCC_493\Debug\cymetadata.o
                                0x1e3 (size before relaxing)
 .debug_str     0x0000024c      0x128 .\CortexM0\ARM_GCC_493\Debug\Cm0Start.o
                                0x2d7 (size before relaxing)
 .debug_str     0x00000374       0xf6 .\CortexM0\ARM_GCC_493\Debug\ADC_SAR_Seq_DieTemp_PSoC401.a(cyfitter_cfg.o)
                                0x2c9 (size before relaxing)
 .debug_str     0x0000046a      0x2c1 .\CortexM0\ARM_GCC_493\Debug\ADC_SAR_Seq_DieTemp_PSoC401.a(ADC_SAR_SEQ.o)
                                0x48c (size before relaxing)
 .debug_str     0x0000072b       0x3b .\CortexM0\ARM_GCC_493\Debug\ADC_SAR_Seq_DieTemp_PSoC401.a(ADC_SAR_SEQ_INT.o)
                                0x1d6 (size before relaxing)
 .debug_str     0x00000766       0x71 .\CortexM0\ARM_GCC_493\Debug\ADC_SAR_Seq_DieTemp_PSoC401.a(DieTemp.o)
                                0x210 (size before relaxing)
 .debug_str     0x000007d7      0x109 .\CortexM0\ARM_GCC_493\Debug\ADC_SAR_Seq_DieTemp_PSoC401.a(UART.o)
                                0x29f (size before relaxing)
 .debug_str     0x000008e0      0x399 .\CortexM0\ARM_GCC_493\Debug\ADC_SAR_Seq_DieTemp_PSoC401.a(PWM.o)
                                0x539 (size before relaxing)
 .debug_str     0x00000c79      0x147 .\CortexM0\ARM_GCC_493\Debug\ADC_SAR_Seq_DieTemp_PSoC401.a(ISR_TIMER.o)
                                0x2fe (size before relaxing)
 .debug_str     0x00000dc0      0x174 .\CortexM0\ARM_GCC_493\Debug\ADC_SAR_Seq_DieTemp_PSoC401.a(ADC_SAR_SEQ_IRQ.o)
                                0x352 (size before relaxing)
 .debug_str     0x00000f34      0x443 .\CortexM0\ARM_GCC_493\Debug\ADC_SAR_Seq_DieTemp_PSoC401.a(CyLib.o)
                                0x623 (size before relaxing)

.debug_loc
 *(.debug_loc)

.debug_macinfo
 *(.debug_macinfo)

.debug_ranges   0x00000000      0x520
 *(.debug_ranges)
 .debug_ranges  0x00000000       0x20 .\CortexM0\ARM_GCC_493\Debug\main.o
 .debug_ranges  0x00000020       0x38 .\CortexM0\ARM_GCC_493\Debug\Cm0Start.o
 .debug_ranges  0x00000058       0x40 .\CortexM0\ARM_GCC_493\Debug\ADC_SAR_Seq_DieTemp_PSoC401.a(cyfitter_cfg.o)
 .debug_ranges  0x00000098       0xa0 .\CortexM0\ARM_GCC_493\Debug\ADC_SAR_Seq_DieTemp_PSoC401.a(ADC_SAR_SEQ.o)
 .debug_ranges  0x00000138       0x10 .\CortexM0\ARM_GCC_493\Debug\ADC_SAR_Seq_DieTemp_PSoC401.a(ADC_SAR_SEQ_INT.o)
 .debug_ranges  0x00000148       0x10 .\CortexM0\ARM_GCC_493\Debug\ADC_SAR_Seq_DieTemp_PSoC401.a(DieTemp.o)
 .debug_ranges  0x00000158       0x40 .\CortexM0\ARM_GCC_493\Debug\ADC_SAR_Seq_DieTemp_PSoC401.a(UART.o)
 .debug_ranges  0x00000198      0x148 .\CortexM0\ARM_GCC_493\Debug\ADC_SAR_Seq_DieTemp_PSoC401.a(PWM.o)
 .debug_ranges  0x000002e0       0x70 .\CortexM0\ARM_GCC_493\Debug\ADC_SAR_Seq_DieTemp_PSoC401.a(ISR_TIMER.o)
 .debug_ranges  0x00000350       0x70 .\CortexM0\ARM_GCC_493\Debug\ADC_SAR_Seq_DieTemp_PSoC401.a(ADC_SAR_SEQ_IRQ.o)
 .debug_ranges  0x000003c0      0x160 .\CortexM0\ARM_GCC_493\Debug\ADC_SAR_Seq_DieTemp_PSoC401.a(CyLib.o)

.comment        0x00000000       0x70
 .comment       0x00000000       0x70 .\CortexM0\ARM_GCC_493\Debug\main.o
                                 0x71 (size before relaxing)
 .comment       0x00000000       0x71 .\CortexM0\ARM_GCC_493\Debug\cymetadata.o
 .comment       0x00000000       0x71 .\CortexM0\ARM_GCC_493\Debug\Cm0Start.o
 .comment       0x00000000       0x71 .\CortexM0\ARM_GCC_493\Debug\ADC_SAR_Seq_DieTemp_PSoC401.a(cyfitter_cfg.o)
 .comment       0x00000000       0x71 .\CortexM0\ARM_GCC_493\Debug\ADC_SAR_Seq_DieTemp_PSoC401.a(ADC_SAR_SEQ.o)
 .comment       0x00000000       0x71 .\CortexM0\ARM_GCC_493\Debug\ADC_SAR_Seq_DieTemp_PSoC401.a(ADC_SAR_SEQ_INT.o)
 .comment       0x00000000       0x71 .\CortexM0\ARM_GCC_493\Debug\ADC_SAR_Seq_DieTemp_PSoC401.a(DieTemp.o)
 .comment       0x00000000       0x71 .\CortexM0\ARM_GCC_493\Debug\ADC_SAR_Seq_DieTemp_PSoC401.a(UART.o)
 .comment       0x00000000       0x71 .\CortexM0\ARM_GCC_493\Debug\ADC_SAR_Seq_DieTemp_PSoC401.a(PWM.o)
 .comment       0x00000000       0x71 .\CortexM0\ARM_GCC_493\Debug\ADC_SAR_Seq_DieTemp_PSoC401.a(ISR_TIMER.o)
 .comment       0x00000000       0x71 .\CortexM0\ARM_GCC_493\Debug\ADC_SAR_Seq_DieTemp_PSoC401.a(ADC_SAR_SEQ_IRQ.o)
 .comment       0x00000000       0x71 .\CortexM0\ARM_GCC_493\Debug\ADC_SAR_Seq_DieTemp_PSoC401.a(CyLib.o)

.debug_weaknames
 *(.debug_weaknames)

.debug_funcnames
 *(.debug_funcnames)

.debug_typenames
 *(.debug_typenames)

.debug_varnames
 *(.debug_varnames)

.note.gnu.arm.ident
 *(.note.gnu.arm.ident)

.ARM.attributes
                0x00000000       0x28
 *(.ARM.attributes)
 .ARM.attributes
                0x00000000       0x1e c:/program files (x86)/cypress/psoc creator/3.3/psoc creator/import/gnu/arm/4.9.3/bin/../lib/gcc/arm-none-eabi/4.9.3/armv6-m/crti.o
 .ARM.attributes
                0x0000001e       0x2c c:/program files (x86)/cypress/psoc creator/3.3/psoc creator/import/gnu/arm/4.9.3/bin/../lib/gcc/arm-none-eabi/4.9.3/armv6-m/crtbegin.o
 .ARM.attributes
                0x0000004a       0x1b c:/program files (x86)/cypress/psoc creator/3.3/psoc creator/import/gnu/arm/4.9.3/bin/../lib/gcc/arm-none-eabi/4.9.3/../../../../arm-none-eabi/lib/armv6-m/crt0.o
 .ARM.attributes
                0x00000065       0x31 .\CortexM0\ARM_GCC_493\Debug\main.o
 .ARM.attributes
                0x00000096       0x31 .\CortexM0\ARM_GCC_493\Debug\cymetadata.o
 .ARM.attributes
                0x000000c7       0x31 .\CortexM0\ARM_GCC_493\Debug\Cm0Start.o
 .ARM.attributes
                0x000000f8       0x31 .\CortexM0\ARM_GCC_493\Debug\ADC_SAR_Seq_DieTemp_PSoC401.a(cyfitter_cfg.o)
 .ARM.attributes
                0x00000129       0x31 .\CortexM0\ARM_GCC_493\Debug\ADC_SAR_Seq_DieTemp_PSoC401.a(ADC_SAR_SEQ.o)
 .ARM.attributes
                0x0000015a       0x31 .\CortexM0\ARM_GCC_493\Debug\ADC_SAR_Seq_DieTemp_PSoC401.a(ADC_SAR_SEQ_INT.o)
 .ARM.attributes
                0x0000018b       0x31 .\CortexM0\ARM_GCC_493\Debug\ADC_SAR_Seq_DieTemp_PSoC401.a(DieTemp.o)
 .ARM.attributes
                0x000001bc       0x31 .\CortexM0\ARM_GCC_493\Debug\ADC_SAR_Seq_DieTemp_PSoC401.a(UART.o)
 .ARM.attributes
                0x000001ed       0x31 .\CortexM0\ARM_GCC_493\Debug\ADC_SAR_Seq_DieTemp_PSoC401.a(PWM.o)
 .ARM.attributes
                0x0000021e       0x31 .\CortexM0\ARM_GCC_493\Debug\ADC_SAR_Seq_DieTemp_PSoC401.a(ISR_TIMER.o)
 .ARM.attributes
                0x0000024f       0x31 .\CortexM0\ARM_GCC_493\Debug\ADC_SAR_Seq_DieTemp_PSoC401.a(ADC_SAR_SEQ_IRQ.o)
 .ARM.attributes
                0x00000280       0x21 .\CortexM0\ARM_GCC_493\Debug\ADC_SAR_Seq_DieTemp_PSoC401.a(CyBootAsmGnu.o)
 .ARM.attributes
                0x000002a1       0x31 .\CortexM0\ARM_GCC_493\Debug\ADC_SAR_Seq_DieTemp_PSoC401.a(CyLib.o)
 .ARM.attributes
                0x000002d2       0x21 .\CortexM0\ARM_GCC_493\Debug\ADC_SAR_Seq_DieTemp_PSoC401.a(UART_AsmGnu.o)
 .ARM.attributes
                0x000002f3       0x1e c:/program files (x86)/cypress/psoc creator/3.3/psoc creator/import/gnu/arm/4.9.3/bin/../lib/gcc/arm-none-eabi/4.9.3/armv6-m\libgcc.a(_udivsi3.o)
 .ARM.attributes
                0x00000311       0x1e c:/program files (x86)/cypress/psoc creator/3.3/psoc creator/import/gnu/arm/4.9.3/bin/../lib/gcc/arm-none-eabi/4.9.3/armv6-m\libgcc.a(_divsi3.o)
 .ARM.attributes
                0x0000032f       0x1e c:/program files (x86)/cypress/psoc creator/3.3/psoc creator/import/gnu/arm/4.9.3/bin/../lib/gcc/arm-none-eabi/4.9.3/armv6-m\libgcc.a(_dvmd_tls.o)
 .ARM.attributes
                0x0000034d       0x1e c:/program files (x86)/cypress/psoc creator/3.3/psoc creator/import/gnu/arm/4.9.3/bin/../lib/gcc/arm-none-eabi/4.9.3/armv6-m\libgcc.a(_aeabi_ldivmod.o)
 .ARM.attributes
                0x0000036b       0x2c c:/program files (x86)/cypress/psoc creator/3.3/psoc creator/import/gnu/arm/4.9.3/bin/../lib/gcc/arm-none-eabi/4.9.3/armv6-m\libgcc.a(_muldi3.o)
 .ARM.attributes
                0x00000397       0x2c c:/program files (x86)/cypress/psoc creator/3.3/psoc creator/import/gnu/arm/4.9.3/bin/../lib/gcc/arm-none-eabi/4.9.3/armv6-m\libgcc.a(bpabi.o)
 .ARM.attributes
                0x000003c3       0x2c c:/program files (x86)/cypress/psoc creator/3.3/psoc creator/import/gnu/arm/4.9.3/bin/../lib/gcc/arm-none-eabi/4.9.3/armv6-m\libgcc.a(divsf3.o)
 .ARM.attributes
                0x000003ef       0x2c c:/program files (x86)/cypress/psoc creator/3.3/psoc creator/import/gnu/arm/4.9.3/bin/../lib/gcc/arm-none-eabi/4.9.3/armv6-m\libgcc.a(mulsf3.o)
 .ARM.attributes
                0x0000041b       0x2c c:/program files (x86)/cypress/psoc creator/3.3/psoc creator/import/gnu/arm/4.9.3/bin/../lib/gcc/arm-none-eabi/4.9.3/armv6-m\libgcc.a(floatsisf.o)
 .ARM.attributes
                0x00000447       0x1e c:/program files (x86)/cypress/psoc creator/3.3/psoc creator/import/gnu/arm/4.9.3/bin/../lib/gcc/arm-none-eabi/4.9.3/armv6-m\libgcc.a(_clzsi2.o)
 .ARM.attributes
                0x00000465       0x2c c:/program files (x86)/cypress/psoc creator/3.3/psoc creator/import/gnu/arm/4.9.3/bin/../lib/gcc/arm-none-eabi/4.9.3/armv6-m\libgcc.a(_divdi3.o)
 .ARM.attributes
                0x00000491       0x2c c:/program files (x86)/cypress/psoc creator/3.3/psoc creator/import/gnu/arm/4.9.3/bin/../lib/gcc/arm-none-eabi/4.9.3/armv6-m\libgcc.a(_udivdi3.o)
 .ARM.attributes
                0x000004bd       0x1e c:/program files (x86)/cypress/psoc creator/3.3/psoc creator/import/gnu/arm/4.9.3/bin/../lib/gcc/arm-none-eabi/4.9.3/armv6-m\libgcc.a(_clzdi2.o)
 .ARM.attributes
                0x000004db       0x2c c:/program files (x86)/cypress/psoc creator/3.3/psoc creator/import/gnu/arm/4.9.3/bin/../lib/gcc/arm-none-eabi/4.9.3/../../../../arm-none-eabi/lib/armv6-m\libg_nano.a(lib_a-errno.o)
 .ARM.attributes
                0x00000507       0x2c c:/program files (x86)/cypress/psoc creator/3.3/psoc creator/import/gnu/arm/4.9.3/bin/../lib/gcc/arm-none-eabi/4.9.3/../../../../arm-none-eabi/lib/armv6-m\libg_nano.a(lib_a-exit.o)
 .ARM.attributes
                0x00000533       0x2c c:/program files (x86)/cypress/psoc creator/3.3/psoc creator/import/gnu/arm/4.9.3/bin/../lib/gcc/arm-none-eabi/4.9.3/../../../../arm-none-eabi/lib/armv6-m\libg_nano.a(lib_a-impure.o)
 .ARM.attributes
                0x0000055f       0x2c c:/program files (x86)/cypress/psoc creator/3.3/psoc creator/import/gnu/arm/4.9.3/bin/../lib/gcc/arm-none-eabi/4.9.3/../../../../arm-none-eabi/lib/armv6-m\libg_nano.a(lib_a-init.o)
 .ARM.attributes
                0x0000058b       0x2c c:/program files (x86)/cypress/psoc creator/3.3/psoc creator/import/gnu/arm/4.9.3/bin/../lib/gcc/arm-none-eabi/4.9.3/../../../../arm-none-eabi/lib/armv6-m\libg_nano.a(lib_a-memcpy.o)
 .ARM.attributes
                0x000005b7       0x2c c:/program files (x86)/cypress/psoc creator/3.3/psoc creator/import/gnu/arm/4.9.3/bin/../lib/gcc/arm-none-eabi/4.9.3/../../../../arm-none-eabi/lib/armv6-m\libg_nano.a(lib_a-memset.o)
 .ARM.attributes
                0x000005e3       0x2c c:/program files (x86)/cypress/psoc creator/3.3/psoc creator/import/gnu/arm/4.9.3/bin/../lib/gcc/arm-none-eabi/4.9.3/../../../../arm-none-eabi/lib/armv6-m\libg_nano.a(lib_a-sprintf.o)
 .ARM.attributes
                0x0000060f       0x2c c:/program files (x86)/cypress/psoc creator/3.3/psoc creator/import/gnu/arm/4.9.3/bin/../lib/gcc/arm-none-eabi/4.9.3/../../../../arm-none-eabi/lib/armv6-m\libg_nano.a(lib_a-nano-svfprintf.o)
 .ARM.attributes
                0x0000063b       0x2c c:/program files (x86)/cypress/psoc creator/3.3/psoc creator/import/gnu/arm/4.9.3/bin/../lib/gcc/arm-none-eabi/4.9.3/../../../../arm-none-eabi/lib/armv6-m\libg_nano.a(lib_a-nano-vfprintf_i.o)
 .ARM.attributes
                0x00000667       0x2c c:/program files (x86)/cypress/psoc creator/3.3/psoc creator/import/gnu/arm/4.9.3/bin/../lib/gcc/arm-none-eabi/4.9.3/../../../../arm-none-eabi/lib/armv6-m\libg_nano.a(lib_a-memchr.o)
 .ARM.attributes
                0x00000693       0x2c c:/program files (x86)/cypress/psoc creator/3.3/psoc creator/import/gnu/arm/4.9.3/bin/../lib/gcc/arm-none-eabi/4.9.3/../../../../arm-none-eabi/lib/armv6-m\libg_nano.a(lib_a-memmove.o)
 .ARM.attributes
                0x000006bf       0x2c c:/program files (x86)/cypress/psoc creator/3.3/psoc creator/import/gnu/arm/4.9.3/bin/../lib/gcc/arm-none-eabi/4.9.3/../../../../arm-none-eabi/lib/armv6-m\libg_nano.a(lib_a-nano-freer.o)
 .ARM.attributes
                0x000006eb       0x2c c:/program files (x86)/cypress/psoc creator/3.3/psoc creator/import/gnu/arm/4.9.3/bin/../lib/gcc/arm-none-eabi/4.9.3/../../../../arm-none-eabi/lib/armv6-m\libg_nano.a(lib_a-nano-mallocr.o)
 .ARM.attributes
                0x00000717       0x2c c:/program files (x86)/cypress/psoc creator/3.3/psoc creator/import/gnu/arm/4.9.3/bin/../lib/gcc/arm-none-eabi/4.9.3/../../../../arm-none-eabi/lib/armv6-m\libg_nano.a(lib_a-nano-reallocr.o)
 .ARM.attributes
                0x00000743       0x2c c:/program files (x86)/cypress/psoc creator/3.3/psoc creator/import/gnu/arm/4.9.3/bin/../lib/gcc/arm-none-eabi/4.9.3/../../../../arm-none-eabi/lib/armv6-m\libg_nano.a(lib_a-sbrkr.o)
 .ARM.attributes
                0x0000076f       0x2c c:/program files (x86)/cypress/psoc creator/3.3/psoc creator/import/gnu/arm/4.9.3/bin/../lib/gcc/arm-none-eabi/4.9.3/../../../../arm-none-eabi/lib/armv6-m\libg_nano.a(lib_a-nano-msizer.o)
 .ARM.attributes
                0x0000079b       0x2c c:/program files (x86)/cypress/psoc creator/3.3/psoc creator/import/gnu/arm/4.9.3/bin/../lib/gcc/arm-none-eabi/4.9.3/../../../../arm-none-eabi/lib/armv6-m\libg_nano.a(lib_a-reent.o)
 .ARM.attributes
                0x000007c7       0x2c c:/program files (x86)/cypress/psoc creator/3.3/psoc creator/import/gnu/arm/4.9.3/bin/../lib/gcc/arm-none-eabi/4.9.3/armv6-m/crtend.o
 .ARM.attributes
                0x000007f3       0x1e c:/program files (x86)/cypress/psoc creator/3.3/psoc creator/import/gnu/arm/4.9.3/bin/../lib/gcc/arm-none-eabi/4.9.3/armv6-m/crtn.o

/DISCARD/
 *(.note.GNU-stack)
OUTPUT(.\CortexM0\ARM_GCC_493\Debug\ADC_SAR_Seq_DieTemp_PSoC401.elf elf32-littlearm)
