ARM GAS  C:\Users\ELISHA~1\AppData\Local\Temp\ccAkHelt.s 			page 1


   1              		.cpu cortex-m0
   2              		.fpu softvfp
   3              		.eabi_attribute 20, 1
   4              		.eabi_attribute 21, 1
   5              		.eabi_attribute 23, 3
   6              		.eabi_attribute 24, 1
   7              		.eabi_attribute 25, 1
   8              		.eabi_attribute 26, 1
   9              		.eabi_attribute 30, 6
  10              		.eabi_attribute 34, 0
  11              		.eabi_attribute 18, 4
  12              		.code	16
  13              		.file	"DieTemp.c"
  14              		.text
  15              	.Ltext0:
  16              		.cfi_sections	.debug_frame
  17              		.global	__aeabi_idiv
  18              		.section	.text.DieTemp_CountsTo_Celsius,"ax",%progbits
  19              		.align	2
  20              		.global	DieTemp_CountsTo_Celsius
  21              		.code	16
  22              		.thumb_func
  23              		.type	DieTemp_CountsTo_Celsius, %function
  24              	DieTemp_CountsTo_Celsius:
  25              	.LFB0:
  26              		.file 1 ".\\Generated_Source\\PSoC4\\DieTemp.c"
   1:.\Generated_Source\PSoC4/DieTemp.c **** /*******************************************************************************
   2:.\Generated_Source\PSoC4/DieTemp.c **** * File Name: DieTemp.c
   3:.\Generated_Source\PSoC4/DieTemp.c **** * Version 1.0
   4:.\Generated_Source\PSoC4/DieTemp.c **** *
   5:.\Generated_Source\PSoC4/DieTemp.c **** * Description:
   6:.\Generated_Source\PSoC4/DieTemp.c **** *  This file provides the source code of APIs for the DieTemp_P4 component.
   7:.\Generated_Source\PSoC4/DieTemp.c **** *
   8:.\Generated_Source\PSoC4/DieTemp.c **** *******************************************************************************
   9:.\Generated_Source\PSoC4/DieTemp.c **** * Copyright 2013, Cypress Semiconductor Corporation.  All rights reserved.
  10:.\Generated_Source\PSoC4/DieTemp.c **** * You may use this file only in accordance with the license, terms, conditions,
  11:.\Generated_Source\PSoC4/DieTemp.c **** * disclaimers, and limitations in the end user license agreement accompanying
  12:.\Generated_Source\PSoC4/DieTemp.c **** * the software package with which this file was provided.
  13:.\Generated_Source\PSoC4/DieTemp.c **** *******************************************************************************/
  14:.\Generated_Source\PSoC4/DieTemp.c **** 
  15:.\Generated_Source\PSoC4/DieTemp.c **** #include "DieTemp.h"
  16:.\Generated_Source\PSoC4/DieTemp.c **** 
  17:.\Generated_Source\PSoC4/DieTemp.c **** 
  18:.\Generated_Source\PSoC4/DieTemp.c **** /*******************************************************************************
  19:.\Generated_Source\PSoC4/DieTemp.c **** * Function Name: DieTemp_CountsTo_Celsius
  20:.\Generated_Source\PSoC4/DieTemp.c **** ********************************************************************************
  21:.\Generated_Source\PSoC4/DieTemp.c **** *
  22:.\Generated_Source\PSoC4/DieTemp.c **** * Summary:
  23:.\Generated_Source\PSoC4/DieTemp.c **** *  Converts the ADC output to degrees Celsius.
  24:.\Generated_Source\PSoC4/DieTemp.c **** *
  25:.\Generated_Source\PSoC4/DieTemp.c **** * Parameters:
  26:.\Generated_Source\PSoC4/DieTemp.c **** *  int32 adcCounts:
  27:.\Generated_Source\PSoC4/DieTemp.c **** *   Result from the ADC Conversion
  28:.\Generated_Source\PSoC4/DieTemp.c **** *
  29:.\Generated_Source\PSoC4/DieTemp.c **** * Return:
  30:.\Generated_Source\PSoC4/DieTemp.c **** *  Temperature in degrees Celsius
  31:.\Generated_Source\PSoC4/DieTemp.c **** *
ARM GAS  C:\Users\ELISHA~1\AppData\Local\Temp\ccAkHelt.s 			page 2


  32:.\Generated_Source\PSoC4/DieTemp.c **** * Global variables:
  33:.\Generated_Source\PSoC4/DieTemp.c **** *  None
  34:.\Generated_Source\PSoC4/DieTemp.c **** *
  35:.\Generated_Source\PSoC4/DieTemp.c **** *******************************************************************************/
  36:.\Generated_Source\PSoC4/DieTemp.c **** int32 DieTemp_CountsTo_Celsius(int32 adcCounts)
  37:.\Generated_Source\PSoC4/DieTemp.c **** {
  27              		.loc 1 37 0
  28              		.cfi_startproc
  29 0000 80B5     		push	{r7, lr}
  30              		.cfi_def_cfa_offset 8
  31              		.cfi_offset 7, -8
  32              		.cfi_offset 14, -4
  33 0002 88B0     		sub	sp, sp, #32
  34              		.cfi_def_cfa_offset 40
  35 0004 00AF     		add	r7, sp, #0
  36              		.cfi_def_cfa_register 7
  37 0006 7860     		str	r0, [r7, #4]
  38:.\Generated_Source\PSoC4/DieTemp.c ****     int32 tempCelsius;
  39:.\Generated_Source\PSoC4/DieTemp.c ****     int32 tInitial;
  40:.\Generated_Source\PSoC4/DieTemp.c ****     int32 tAdjust;
  41:.\Generated_Source\PSoC4/DieTemp.c ****     int32 offsetReg;
  42:.\Generated_Source\PSoC4/DieTemp.c ****     int32 multReg;
  43:.\Generated_Source\PSoC4/DieTemp.c **** 
  44:.\Generated_Source\PSoC4/DieTemp.c ****     offsetReg = (int16)DieTemp_SAR_TEMP_OFFSET_REG;
  38              		.loc 1 44 0
  39 0008 244B     		ldr	r3, .L8
  40 000a 1B88     		ldrh	r3, [r3]
  41 000c 9BB2     		uxth	r3, r3
  42 000e 9BB2     		uxth	r3, r3
  43 0010 1BB2     		sxth	r3, r3
  44 0012 BB61     		str	r3, [r7, #24]
  45:.\Generated_Source\PSoC4/DieTemp.c ****     multReg   = (int16)DieTemp_SAR_TEMP_MULTIPLIER_REG;
  45              		.loc 1 45 0
  46 0014 224B     		ldr	r3, .L8+4
  47 0016 1B88     		ldrh	r3, [r3]
  48 0018 9BB2     		uxth	r3, r3
  49 001a 9BB2     		uxth	r3, r3
  50 001c 1BB2     		sxth	r3, r3
  51 001e 7B61     		str	r3, [r7, #20]
  46:.\Generated_Source\PSoC4/DieTemp.c ****     /* Calculate tInitial in Q16.16 */
  47:.\Generated_Source\PSoC4/DieTemp.c ****     tInitial = (adcCounts * multReg) + (offsetReg * DieTemp_SAR_TEMP_OFFSET_MULT);
  52              		.loc 1 47 0
  53 0020 7B68     		ldr	r3, [r7, #4]
  54 0022 7A69     		ldr	r2, [r7, #20]
  55 0024 5A43     		mul	r2, r3
  56 0026 BB69     		ldr	r3, [r7, #24]
  57 0028 9B02     		lsl	r3, r3, #10
  58 002a D318     		add	r3, r2, r3
  59 002c 3B61     		str	r3, [r7, #16]
  48:.\Generated_Source\PSoC4/DieTemp.c **** 
  49:.\Generated_Source\PSoC4/DieTemp.c ****     if(tInitial >= DieTemp_DUAL_SLOPE_CORRECTION)
  60              		.loc 1 49 0
  61 002e 3B69     		ldr	r3, [r7, #16]
  62 0030 1C4A     		ldr	r2, .L8+8
  63 0032 9342     		cmp	r3, r2
  64 0034 0EDD     		ble	.L2
  50:.\Generated_Source\PSoC4/DieTemp.c ****     {
ARM GAS  C:\Users\ELISHA~1\AppData\Local\Temp\ccAkHelt.s 			page 3


  51:.\Generated_Source\PSoC4/DieTemp.c ****         /* Shift (100 - tInitial) by 4 bits to prevent scale-adjustment from overflowing. */
  52:.\Generated_Source\PSoC4/DieTemp.c ****         /* Then divide by the integer bits of (100 - cutoff) to end up with a Q16.16 tAdjust */
  53:.\Generated_Source\PSoC4/DieTemp.c ****         tAdjust = (DieTemp_SCALE_ADJUSTMENT * (((int32)DieTemp_HIGH_TEMPERATURE - tInitial)
  65              		.loc 1 53 0
  66 0036 3B69     		ldr	r3, [r7, #16]
  67 0038 C822     		mov	r2, #200
  68 003a D203     		lsl	r2, r2, #15
  69 003c D31A     		sub	r3, r2, r3
  54:.\Generated_Source\PSoC4/DieTemp.c ****             / (int32)DieTemp_SCALE_ADJUSTMENT_DIVIDER)) /
  70              		.loc 1 54 0
  71 003e 00D5     		bpl	.L3
  72 0040 0F33     		add	r3, r3, #15
  73              	.L3:
  74 0042 1B11     		asr	r3, r3, #4
  53:.\Generated_Source\PSoC4/DieTemp.c ****             / (int32)DieTemp_SCALE_ADJUSTMENT_DIVIDER)) /
  75              		.loc 1 53 0
  76 0044 DB00     		lsl	r3, r3, #3
  77 0046 181C     		mov	r0, r3
  78 0048 5521     		mov	r1, #85
  79 004a FFF7FEFF 		bl	__aeabi_idiv
  80 004e 031C     		mov	r3, r0
  81 0050 FB61     		str	r3, [r7, #28]
  82 0052 0FE0     		b	.L4
  83              	.L2:
  55:.\Generated_Source\PSoC4/DieTemp.c ****             (((int32)DieTemp_HIGH_TEMPERATURE - (int32)DieTemp_DUAL_SLOPE_CORRECTION) /
  56:.\Generated_Source\PSoC4/DieTemp.c ****             DieTemp_SAR_TEMP_DIVIDER);
  57:.\Generated_Source\PSoC4/DieTemp.c ****     }
  58:.\Generated_Source\PSoC4/DieTemp.c ****     else
  59:.\Generated_Source\PSoC4/DieTemp.c ****     {
  60:.\Generated_Source\PSoC4/DieTemp.c ****         /* Shift (40 + tInitial) by 4 bits to prevent scale-adjustment from overflowing. */
  61:.\Generated_Source\PSoC4/DieTemp.c ****         /* Then divide by the integer bits of (40 + cutoff) to end up with a Q16.16 tAdjust */
  62:.\Generated_Source\PSoC4/DieTemp.c ****         tAdjust = ((int32)DieTemp_SCALE_ADJUSTMENT * (((int32)DieTemp_LOW_TEMPERATURE + tInitial)
  84              		.loc 1 62 0
  85 0054 3B69     		ldr	r3, [r7, #16]
  86 0056 A022     		mov	r2, #160
  87 0058 9203     		lsl	r2, r2, #14
  88 005a 9446     		mov	ip, r2
  89 005c 6344     		add	r3, r3, ip
  63:.\Generated_Source\PSoC4/DieTemp.c ****            / (int32)DieTemp_SCALE_ADJUSTMENT_DIVIDER)) /
  90              		.loc 1 63 0
  91 005e 002B     		cmp	r3, #0
  92 0060 00DA     		bge	.L5
  93 0062 0F33     		add	r3, r3, #15
  94              	.L5:
  95 0064 1B11     		asr	r3, r3, #4
  62:.\Generated_Source\PSoC4/DieTemp.c ****            / (int32)DieTemp_SCALE_ADJUSTMENT_DIVIDER)) /
  96              		.loc 1 62 0
  97 0066 DB00     		lsl	r3, r3, #3
  98 0068 181C     		mov	r0, r3
  99 006a 3721     		mov	r1, #55
 100 006c FFF7FEFF 		bl	__aeabi_idiv
 101 0070 031C     		mov	r3, r0
 102 0072 FB61     		str	r3, [r7, #28]
 103              	.L4:
  64:.\Generated_Source\PSoC4/DieTemp.c ****             (((int32)DieTemp_LOW_TEMPERATURE + (int32)DieTemp_DUAL_SLOPE_CORRECTION) /
  65:.\Generated_Source\PSoC4/DieTemp.c ****             (int32)DieTemp_SAR_TEMP_DIVIDER);
  66:.\Generated_Source\PSoC4/DieTemp.c ****     }
ARM GAS  C:\Users\ELISHA~1\AppData\Local\Temp\ccAkHelt.s 			page 4


  67:.\Generated_Source\PSoC4/DieTemp.c **** 
  68:.\Generated_Source\PSoC4/DieTemp.c ****     /* Add tInitial + tAdjust + 0.5 to round to nearest int. Shift off frac bits, and return. */
  69:.\Generated_Source\PSoC4/DieTemp.c ****     tempCelsius = tInitial + tAdjust + DieTemp_HALF_OF_ONE;
 104              		.loc 1 69 0
 105 0074 3A69     		ldr	r2, [r7, #16]
 106 0076 FB69     		ldr	r3, [r7, #28]
 107 0078 D318     		add	r3, r2, r3
 108 007a 8022     		mov	r2, #128
 109 007c 1202     		lsl	r2, r2, #8
 110 007e 9446     		mov	ip, r2
 111 0080 6344     		add	r3, r3, ip
 112 0082 FB60     		str	r3, [r7, #12]
  70:.\Generated_Source\PSoC4/DieTemp.c **** 
  71:.\Generated_Source\PSoC4/DieTemp.c ****     return (tempCelsius / DieTemp_SAR_TEMP_OFFSET_DIVIDER);
 113              		.loc 1 71 0
 114 0084 FB68     		ldr	r3, [r7, #12]
 115 0086 002B     		cmp	r3, #0
 116 0088 02DA     		bge	.L6
 117 008a 074A     		ldr	r2, .L8+12
 118 008c 9446     		mov	ip, r2
 119 008e 6344     		add	r3, r3, ip
 120              	.L6:
 121 0090 1B14     		asr	r3, r3, #16
  72:.\Generated_Source\PSoC4/DieTemp.c **** }
 122              		.loc 1 72 0
 123 0092 181C     		mov	r0, r3
 124 0094 BD46     		mov	sp, r7
 125 0096 08B0     		add	sp, sp, #32
 126              		@ sp needed
 127 0098 80BD     		pop	{r7, pc}
 128              	.L9:
 129 009a C046     		.align	2
 130              	.L8:
 131 009c 66F1FF0F 		.word	268431718
 132 00a0 64F1FF0F 		.word	268431716
 133 00a4 FFFF0E00 		.word	983039
 134 00a8 FFFF0000 		.word	65535
 135              		.cfi_endproc
 136              	.LFE0:
 137              		.size	DieTemp_CountsTo_Celsius, .-DieTemp_CountsTo_Celsius
 138              		.text
 139              	.Letext0:
 140              		.file 2 ".\\Generated_Source\\PSoC4\\cytypes.h"
 141              		.section	.debug_info,"",%progbits
 142              	.Ldebug_info0:
 143 0000 20010000 		.4byte	0x120
 144 0004 0400     		.2byte	0x4
 145 0006 00000000 		.4byte	.Ldebug_abbrev0
 146 000a 04       		.byte	0x4
 147 000b 01       		.uleb128 0x1
 148 000c 0E000000 		.4byte	.LASF22
 149 0010 01       		.byte	0x1
 150 0011 FE000000 		.4byte	.LASF23
 151 0015 A9000000 		.4byte	.LASF24
 152 0019 00000000 		.4byte	.Ldebug_ranges0+0
 153 001d 00000000 		.4byte	0
 154 0021 00000000 		.4byte	.Ldebug_line0
ARM GAS  C:\Users\ELISHA~1\AppData\Local\Temp\ccAkHelt.s 			page 5


 155 0025 02       		.uleb128 0x2
 156 0026 01       		.byte	0x1
 157 0027 06       		.byte	0x6
 158 0028 D0010000 		.4byte	.LASF0
 159 002c 02       		.uleb128 0x2
 160 002d 01       		.byte	0x1
 161 002e 08       		.byte	0x8
 162 002f 6C010000 		.4byte	.LASF1
 163 0033 02       		.uleb128 0x2
 164 0034 02       		.byte	0x2
 165 0035 05       		.byte	0x5
 166 0036 F0010000 		.4byte	.LASF2
 167 003a 02       		.uleb128 0x2
 168 003b 02       		.byte	0x2
 169 003c 07       		.byte	0x7
 170 003d BD010000 		.4byte	.LASF3
 171 0041 02       		.uleb128 0x2
 172 0042 04       		.byte	0x4
 173 0043 05       		.byte	0x5
 174 0044 87010000 		.4byte	.LASF4
 175 0048 02       		.uleb128 0x2
 176 0049 04       		.byte	0x4
 177 004a 07       		.byte	0x7
 178 004b 21010000 		.4byte	.LASF5
 179 004f 02       		.uleb128 0x2
 180 0050 08       		.byte	0x8
 181 0051 05       		.byte	0x5
 182 0052 00000000 		.4byte	.LASF6
 183 0056 02       		.uleb128 0x2
 184 0057 08       		.byte	0x8
 185 0058 07       		.byte	0x7
 186 0059 33010000 		.4byte	.LASF7
 187 005d 03       		.uleb128 0x3
 188 005e 04       		.byte	0x4
 189 005f 05       		.byte	0x5
 190 0060 696E7400 		.ascii	"int\000"
 191 0064 02       		.uleb128 0x2
 192 0065 04       		.byte	0x4
 193 0066 07       		.byte	0x7
 194 0067 9C000000 		.4byte	.LASF8
 195 006b 04       		.uleb128 0x4
 196 006c FA010000 		.4byte	.LASF9
 197 0070 02       		.byte	0x2
 198 0071 C3       		.byte	0xc3
 199 0072 3A000000 		.4byte	0x3a
 200 0076 04       		.uleb128 0x4
 201 0077 EA010000 		.4byte	.LASF10
 202 007b 02       		.byte	0x2
 203 007c C6       		.byte	0xc6
 204 007d 33000000 		.4byte	0x33
 205 0081 04       		.uleb128 0x4
 206 0082 0A020000 		.4byte	.LASF11
 207 0086 02       		.byte	0x2
 208 0087 C7       		.byte	0xc7
 209 0088 41000000 		.4byte	0x41
 210 008c 02       		.uleb128 0x2
 211 008d 04       		.byte	0x4
ARM GAS  C:\Users\ELISHA~1\AppData\Local\Temp\ccAkHelt.s 			page 6


 212 008e 04       		.byte	0x4
 213 008f E4010000 		.4byte	.LASF12
 214 0093 02       		.uleb128 0x2
 215 0094 08       		.byte	0x8
 216 0095 04       		.byte	0x4
 217 0096 A0010000 		.4byte	.LASF13
 218 009a 02       		.uleb128 0x2
 219 009b 01       		.byte	0x1
 220 009c 08       		.byte	0x8
 221 009d 7A010000 		.4byte	.LASF14
 222 00a1 05       		.uleb128 0x5
 223 00a2 9A010000 		.4byte	.LASF15
 224 00a6 02       		.byte	0x2
 225 00a7 6D01     		.2byte	0x16d
 226 00a9 AD000000 		.4byte	0xad
 227 00ad 06       		.uleb128 0x6
 228 00ae 6B000000 		.4byte	0x6b
 229 00b2 02       		.uleb128 0x2
 230 00b3 04       		.byte	0x4
 231 00b4 07       		.byte	0x7
 232 00b5 01020000 		.4byte	.LASF16
 233 00b9 07       		.uleb128 0x7
 234 00ba 53010000 		.4byte	.LASF25
 235 00be 01       		.byte	0x1
 236 00bf 24       		.byte	0x24
 237 00c0 81000000 		.4byte	0x81
 238 00c4 00000000 		.4byte	.LFB0
 239 00c8 AC000000 		.4byte	.LFE0-.LFB0
 240 00cc 01       		.uleb128 0x1
 241 00cd 9C       		.byte	0x9c
 242 00ce 08       		.uleb128 0x8
 243 00cf A7010000 		.4byte	.LASF26
 244 00d3 01       		.byte	0x1
 245 00d4 24       		.byte	0x24
 246 00d5 81000000 		.4byte	0x81
 247 00d9 02       		.uleb128 0x2
 248 00da 91       		.byte	0x91
 249 00db 5C       		.sleb128 -36
 250 00dc 09       		.uleb128 0x9
 251 00dd B1010000 		.4byte	.LASF17
 252 00e1 01       		.byte	0x1
 253 00e2 26       		.byte	0x26
 254 00e3 81000000 		.4byte	0x81
 255 00e7 02       		.uleb128 0x2
 256 00e8 91       		.byte	0x91
 257 00e9 64       		.sleb128 -28
 258 00ea 09       		.uleb128 0x9
 259 00eb 4A010000 		.4byte	.LASF18
 260 00ef 01       		.byte	0x1
 261 00f0 27       		.byte	0x27
 262 00f1 81000000 		.4byte	0x81
 263 00f5 02       		.uleb128 0x2
 264 00f6 91       		.byte	0x91
 265 00f7 68       		.sleb128 -24
 266 00f8 09       		.uleb128 0x9
 267 00f9 7F010000 		.4byte	.LASF19
 268 00fd 01       		.byte	0x1
ARM GAS  C:\Users\ELISHA~1\AppData\Local\Temp\ccAkHelt.s 			page 7


 269 00fe 28       		.byte	0x28
 270 00ff 81000000 		.4byte	0x81
 271 0103 02       		.uleb128 0x2
 272 0104 91       		.byte	0x91
 273 0105 74       		.sleb128 -12
 274 0106 09       		.uleb128 0x9
 275 0107 90010000 		.4byte	.LASF20
 276 010b 01       		.byte	0x1
 277 010c 29       		.byte	0x29
 278 010d 81000000 		.4byte	0x81
 279 0111 02       		.uleb128 0x2
 280 0112 91       		.byte	0x91
 281 0113 70       		.sleb128 -16
 282 0114 09       		.uleb128 0x9
 283 0115 DC010000 		.4byte	.LASF21
 284 0119 01       		.byte	0x1
 285 011a 2A       		.byte	0x2a
 286 011b 81000000 		.4byte	0x81
 287 011f 02       		.uleb128 0x2
 288 0120 91       		.byte	0x91
 289 0121 6C       		.sleb128 -20
 290 0122 00       		.byte	0
 291 0123 00       		.byte	0
 292              		.section	.debug_abbrev,"",%progbits
 293              	.Ldebug_abbrev0:
 294 0000 01       		.uleb128 0x1
 295 0001 11       		.uleb128 0x11
 296 0002 01       		.byte	0x1
 297 0003 25       		.uleb128 0x25
 298 0004 0E       		.uleb128 0xe
 299 0005 13       		.uleb128 0x13
 300 0006 0B       		.uleb128 0xb
 301 0007 03       		.uleb128 0x3
 302 0008 0E       		.uleb128 0xe
 303 0009 1B       		.uleb128 0x1b
 304 000a 0E       		.uleb128 0xe
 305 000b 55       		.uleb128 0x55
 306 000c 17       		.uleb128 0x17
 307 000d 11       		.uleb128 0x11
 308 000e 01       		.uleb128 0x1
 309 000f 10       		.uleb128 0x10
 310 0010 17       		.uleb128 0x17
 311 0011 00       		.byte	0
 312 0012 00       		.byte	0
 313 0013 02       		.uleb128 0x2
 314 0014 24       		.uleb128 0x24
 315 0015 00       		.byte	0
 316 0016 0B       		.uleb128 0xb
 317 0017 0B       		.uleb128 0xb
 318 0018 3E       		.uleb128 0x3e
 319 0019 0B       		.uleb128 0xb
 320 001a 03       		.uleb128 0x3
 321 001b 0E       		.uleb128 0xe
 322 001c 00       		.byte	0
 323 001d 00       		.byte	0
 324 001e 03       		.uleb128 0x3
 325 001f 24       		.uleb128 0x24
ARM GAS  C:\Users\ELISHA~1\AppData\Local\Temp\ccAkHelt.s 			page 8


 326 0020 00       		.byte	0
 327 0021 0B       		.uleb128 0xb
 328 0022 0B       		.uleb128 0xb
 329 0023 3E       		.uleb128 0x3e
 330 0024 0B       		.uleb128 0xb
 331 0025 03       		.uleb128 0x3
 332 0026 08       		.uleb128 0x8
 333 0027 00       		.byte	0
 334 0028 00       		.byte	0
 335 0029 04       		.uleb128 0x4
 336 002a 16       		.uleb128 0x16
 337 002b 00       		.byte	0
 338 002c 03       		.uleb128 0x3
 339 002d 0E       		.uleb128 0xe
 340 002e 3A       		.uleb128 0x3a
 341 002f 0B       		.uleb128 0xb
 342 0030 3B       		.uleb128 0x3b
 343 0031 0B       		.uleb128 0xb
 344 0032 49       		.uleb128 0x49
 345 0033 13       		.uleb128 0x13
 346 0034 00       		.byte	0
 347 0035 00       		.byte	0
 348 0036 05       		.uleb128 0x5
 349 0037 16       		.uleb128 0x16
 350 0038 00       		.byte	0
 351 0039 03       		.uleb128 0x3
 352 003a 0E       		.uleb128 0xe
 353 003b 3A       		.uleb128 0x3a
 354 003c 0B       		.uleb128 0xb
 355 003d 3B       		.uleb128 0x3b
 356 003e 05       		.uleb128 0x5
 357 003f 49       		.uleb128 0x49
 358 0040 13       		.uleb128 0x13
 359 0041 00       		.byte	0
 360 0042 00       		.byte	0
 361 0043 06       		.uleb128 0x6
 362 0044 35       		.uleb128 0x35
 363 0045 00       		.byte	0
 364 0046 49       		.uleb128 0x49
 365 0047 13       		.uleb128 0x13
 366 0048 00       		.byte	0
 367 0049 00       		.byte	0
 368 004a 07       		.uleb128 0x7
 369 004b 2E       		.uleb128 0x2e
 370 004c 01       		.byte	0x1
 371 004d 3F       		.uleb128 0x3f
 372 004e 19       		.uleb128 0x19
 373 004f 03       		.uleb128 0x3
 374 0050 0E       		.uleb128 0xe
 375 0051 3A       		.uleb128 0x3a
 376 0052 0B       		.uleb128 0xb
 377 0053 3B       		.uleb128 0x3b
 378 0054 0B       		.uleb128 0xb
 379 0055 27       		.uleb128 0x27
 380 0056 19       		.uleb128 0x19
 381 0057 49       		.uleb128 0x49
 382 0058 13       		.uleb128 0x13
ARM GAS  C:\Users\ELISHA~1\AppData\Local\Temp\ccAkHelt.s 			page 9


 383 0059 11       		.uleb128 0x11
 384 005a 01       		.uleb128 0x1
 385 005b 12       		.uleb128 0x12
 386 005c 06       		.uleb128 0x6
 387 005d 40       		.uleb128 0x40
 388 005e 18       		.uleb128 0x18
 389 005f 9642     		.uleb128 0x2116
 390 0061 19       		.uleb128 0x19
 391 0062 00       		.byte	0
 392 0063 00       		.byte	0
 393 0064 08       		.uleb128 0x8
 394 0065 05       		.uleb128 0x5
 395 0066 00       		.byte	0
 396 0067 03       		.uleb128 0x3
 397 0068 0E       		.uleb128 0xe
 398 0069 3A       		.uleb128 0x3a
 399 006a 0B       		.uleb128 0xb
 400 006b 3B       		.uleb128 0x3b
 401 006c 0B       		.uleb128 0xb
 402 006d 49       		.uleb128 0x49
 403 006e 13       		.uleb128 0x13
 404 006f 02       		.uleb128 0x2
 405 0070 18       		.uleb128 0x18
 406 0071 00       		.byte	0
 407 0072 00       		.byte	0
 408 0073 09       		.uleb128 0x9
 409 0074 34       		.uleb128 0x34
 410 0075 00       		.byte	0
 411 0076 03       		.uleb128 0x3
 412 0077 0E       		.uleb128 0xe
 413 0078 3A       		.uleb128 0x3a
 414 0079 0B       		.uleb128 0xb
 415 007a 3B       		.uleb128 0x3b
 416 007b 0B       		.uleb128 0xb
 417 007c 49       		.uleb128 0x49
 418 007d 13       		.uleb128 0x13
 419 007e 02       		.uleb128 0x2
 420 007f 18       		.uleb128 0x18
 421 0080 00       		.byte	0
 422 0081 00       		.byte	0
 423 0082 00       		.byte	0
 424              		.section	.debug_aranges,"",%progbits
 425 0000 1C000000 		.4byte	0x1c
 426 0004 0200     		.2byte	0x2
 427 0006 00000000 		.4byte	.Ldebug_info0
 428 000a 04       		.byte	0x4
 429 000b 00       		.byte	0
 430 000c 0000     		.2byte	0
 431 000e 0000     		.2byte	0
 432 0010 00000000 		.4byte	.LFB0
 433 0014 AC000000 		.4byte	.LFE0-.LFB0
 434 0018 00000000 		.4byte	0
 435 001c 00000000 		.4byte	0
 436              		.section	.debug_ranges,"",%progbits
 437              	.Ldebug_ranges0:
 438 0000 00000000 		.4byte	.LFB0
 439 0004 AC000000 		.4byte	.LFE0
ARM GAS  C:\Users\ELISHA~1\AppData\Local\Temp\ccAkHelt.s 			page 10


 440 0008 00000000 		.4byte	0
 441 000c 00000000 		.4byte	0
 442              		.section	.debug_line,"",%progbits
 443              	.Ldebug_line0:
 444 0000 6A000000 		.section	.debug_str,"MS",%progbits,1
 444      02004600 
 444      00000201 
 444      FB0E0D00 
 444      01010101 
 445              	.LASF6:
 446 0000 6C6F6E67 		.ascii	"long long int\000"
 446      206C6F6E 
 446      6720696E 
 446      7400
 447              	.LASF22:
 448 000e 474E5520 		.ascii	"GNU C 4.9.3 20150303 (release) [ARM/embedded-4_9-br"
 448      4320342E 
 448      392E3320 
 448      32303135 
 448      30333033 
 449 0041 616E6368 		.ascii	"anch revision 221220] -mcpu=cortex-m0 -mthumb -g -O"
 449      20726576 
 449      6973696F 
 449      6E203232 
 449      31323230 
 450 0074 30202D66 		.ascii	"0 -ffunction-sections -ffat-lto-objects\000"
 450      66756E63 
 450      74696F6E 
 450      2D736563 
 450      74696F6E 
 451              	.LASF8:
 452 009c 756E7369 		.ascii	"unsigned int\000"
 452      676E6564 
 452      20696E74 
 452      00
 453              	.LASF24:
 454 00a9 5C5C4D61 		.ascii	"\\\\Mac\\Home\\Documents\\Repos\\PSOC4Pioneer\\DieT"
 454      635C486F 
 454      6D655C44 
 454      6F63756D 
 454      656E7473 
 455 00d5 656D7041 		.ascii	"empADC\\ADC_SAR_Seq_DieTemp_PSoC401.cydsn\000"
 455      44435C41 
 455      44435F53 
 455      41525F53 
 455      65715F44 
 456              	.LASF23:
 457 00fe 2E5C4765 		.ascii	".\\Generated_Source\\PSoC4\\DieTemp.c\000"
 457      6E657261 
 457      7465645F 
 457      536F7572 
 457      63655C50 
 458              	.LASF5:
 459 0121 6C6F6E67 		.ascii	"long unsigned int\000"
 459      20756E73 
 459      69676E65 
 459      6420696E 
ARM GAS  C:\Users\ELISHA~1\AppData\Local\Temp\ccAkHelt.s 			page 11


 459      7400
 460              	.LASF7:
 461 0133 6C6F6E67 		.ascii	"long long unsigned int\000"
 461      206C6F6E 
 461      6720756E 
 461      7369676E 
 461      65642069 
 462              	.LASF18:
 463 014a 74496E69 		.ascii	"tInitial\000"
 463      7469616C 
 463      00
 464              	.LASF25:
 465 0153 44696554 		.ascii	"DieTemp_CountsTo_Celsius\000"
 465      656D705F 
 465      436F756E 
 465      7473546F 
 465      5F43656C 
 466              	.LASF1:
 467 016c 756E7369 		.ascii	"unsigned char\000"
 467      676E6564 
 467      20636861 
 467      7200
 468              	.LASF14:
 469 017a 63686172 		.ascii	"char\000"
 469      00
 470              	.LASF19:
 471 017f 7441646A 		.ascii	"tAdjust\000"
 471      75737400 
 472              	.LASF4:
 473 0187 6C6F6E67 		.ascii	"long int\000"
 473      20696E74 
 473      00
 474              	.LASF20:
 475 0190 6F666673 		.ascii	"offsetReg\000"
 475      65745265 
 475      6700
 476              	.LASF15:
 477 019a 72656731 		.ascii	"reg16\000"
 477      3600
 478              	.LASF13:
 479 01a0 646F7562 		.ascii	"double\000"
 479      6C6500
 480              	.LASF26:
 481 01a7 61646343 		.ascii	"adcCounts\000"
 481      6F756E74 
 481      7300
 482              	.LASF17:
 483 01b1 74656D70 		.ascii	"tempCelsius\000"
 483      43656C73 
 483      69757300 
 484              	.LASF3:
 485 01bd 73686F72 		.ascii	"short unsigned int\000"
 485      7420756E 
 485      7369676E 
 485      65642069 
 485      6E7400
 486              	.LASF0:
ARM GAS  C:\Users\ELISHA~1\AppData\Local\Temp\ccAkHelt.s 			page 12


 487 01d0 7369676E 		.ascii	"signed char\000"
 487      65642063 
 487      68617200 
 488              	.LASF21:
 489 01dc 6D756C74 		.ascii	"multReg\000"
 489      52656700 
 490              	.LASF12:
 491 01e4 666C6F61 		.ascii	"float\000"
 491      7400
 492              	.LASF10:
 493 01ea 696E7431 		.ascii	"int16\000"
 493      3600
 494              	.LASF2:
 495 01f0 73686F72 		.ascii	"short int\000"
 495      7420696E 
 495      7400
 496              	.LASF9:
 497 01fa 75696E74 		.ascii	"uint16\000"
 497      313600
 498              	.LASF16:
 499 0201 73697A65 		.ascii	"sizetype\000"
 499      74797065 
 499      00
 500              	.LASF11:
 501 020a 696E7433 		.ascii	"int32\000"
 501      3200
 502              		.ident	"GCC: (GNU Tools for ARM Embedded Processors) 4.9.3 20150303 (release) [ARM/embedded-4_9-br
