ARM GAS  C:\Users\ELISHA~1\AppData\Local\Temp\cchyKk7c.s 			page 1


   1              		.cpu cortex-m0
   2              		.fpu softvfp
   3              		.eabi_attribute 20, 1
   4              		.eabi_attribute 21, 1
   5              		.eabi_attribute 23, 3
   6              		.eabi_attribute 24, 1
   7              		.eabi_attribute 25, 1
   8              		.eabi_attribute 26, 1
   9              		.eabi_attribute 30, 6
  10              		.eabi_attribute 34, 0
  11              		.eabi_attribute 18, 4
  12              		.code	16
  13              		.file	"ISR_TIMER.c"
  14              		.text
  15              	.Ltext0:
  16              		.cfi_sections	.debug_frame
  17              		.section	.text.ISR_TIMER_Start,"ax",%progbits
  18              		.align	2
  19              		.global	ISR_TIMER_Start
  20              		.code	16
  21              		.thumb_func
  22              		.type	ISR_TIMER_Start, %function
  23              	ISR_TIMER_Start:
  24              	.LFB0:
  25              		.file 1 ".\\Generated_Source\\PSoC4\\ISR_TIMER.c"
   1:.\Generated_Source\PSoC4/ISR_TIMER.c **** /*******************************************************************************
   2:.\Generated_Source\PSoC4/ISR_TIMER.c **** * File Name: ISR_TIMER.c  
   3:.\Generated_Source\PSoC4/ISR_TIMER.c **** * Version 1.70
   4:.\Generated_Source\PSoC4/ISR_TIMER.c **** *
   5:.\Generated_Source\PSoC4/ISR_TIMER.c **** *  Description:
   6:.\Generated_Source\PSoC4/ISR_TIMER.c **** *   API for controlling the state of an interrupt.
   7:.\Generated_Source\PSoC4/ISR_TIMER.c **** *
   8:.\Generated_Source\PSoC4/ISR_TIMER.c **** *
   9:.\Generated_Source\PSoC4/ISR_TIMER.c **** *  Note:
  10:.\Generated_Source\PSoC4/ISR_TIMER.c **** *
  11:.\Generated_Source\PSoC4/ISR_TIMER.c **** ********************************************************************************
  12:.\Generated_Source\PSoC4/ISR_TIMER.c **** * Copyright 2008-2015, Cypress Semiconductor Corporation.  All rights reserved.
  13:.\Generated_Source\PSoC4/ISR_TIMER.c **** * You may use this file only in accordance with the license, terms, conditions, 
  14:.\Generated_Source\PSoC4/ISR_TIMER.c **** * disclaimers, and limitations in the end user license agreement accompanying 
  15:.\Generated_Source\PSoC4/ISR_TIMER.c **** * the software package with which this file was provided.
  16:.\Generated_Source\PSoC4/ISR_TIMER.c **** *******************************************************************************/
  17:.\Generated_Source\PSoC4/ISR_TIMER.c **** 
  18:.\Generated_Source\PSoC4/ISR_TIMER.c **** 
  19:.\Generated_Source\PSoC4/ISR_TIMER.c **** #include <cydevice_trm.h>
  20:.\Generated_Source\PSoC4/ISR_TIMER.c **** #include <CyLib.h>
  21:.\Generated_Source\PSoC4/ISR_TIMER.c **** #include <ISR_TIMER.h>
  22:.\Generated_Source\PSoC4/ISR_TIMER.c **** #include "cyapicallbacks.h"
  23:.\Generated_Source\PSoC4/ISR_TIMER.c **** 
  24:.\Generated_Source\PSoC4/ISR_TIMER.c **** #if !defined(ISR_TIMER__REMOVED) /* Check for removal by optimization */
  25:.\Generated_Source\PSoC4/ISR_TIMER.c **** 
  26:.\Generated_Source\PSoC4/ISR_TIMER.c **** /*******************************************************************************
  27:.\Generated_Source\PSoC4/ISR_TIMER.c **** *  Place your includes, defines and code here 
  28:.\Generated_Source\PSoC4/ISR_TIMER.c **** ********************************************************************************/
  29:.\Generated_Source\PSoC4/ISR_TIMER.c **** /* `#START ISR_TIMER_intc` */
  30:.\Generated_Source\PSoC4/ISR_TIMER.c **** 
  31:.\Generated_Source\PSoC4/ISR_TIMER.c **** /* `#END` */
  32:.\Generated_Source\PSoC4/ISR_TIMER.c **** 
ARM GAS  C:\Users\ELISHA~1\AppData\Local\Temp\cchyKk7c.s 			page 2


  33:.\Generated_Source\PSoC4/ISR_TIMER.c **** extern cyisraddress CyRamVectors[CYINT_IRQ_BASE + CY_NUM_INTERRUPTS];
  34:.\Generated_Source\PSoC4/ISR_TIMER.c **** 
  35:.\Generated_Source\PSoC4/ISR_TIMER.c **** /* Declared in startup, used to set unused interrupts to. */
  36:.\Generated_Source\PSoC4/ISR_TIMER.c **** CY_ISR_PROTO(IntDefaultHandler);
  37:.\Generated_Source\PSoC4/ISR_TIMER.c **** 
  38:.\Generated_Source\PSoC4/ISR_TIMER.c **** 
  39:.\Generated_Source\PSoC4/ISR_TIMER.c **** /*******************************************************************************
  40:.\Generated_Source\PSoC4/ISR_TIMER.c **** * Function Name: ISR_TIMER_Start
  41:.\Generated_Source\PSoC4/ISR_TIMER.c **** ********************************************************************************
  42:.\Generated_Source\PSoC4/ISR_TIMER.c **** *
  43:.\Generated_Source\PSoC4/ISR_TIMER.c **** * Summary:
  44:.\Generated_Source\PSoC4/ISR_TIMER.c **** *  Set up the interrupt and enable it. This function disables the interrupt, 
  45:.\Generated_Source\PSoC4/ISR_TIMER.c **** *  sets the default interrupt vector, sets the priority from the value in the
  46:.\Generated_Source\PSoC4/ISR_TIMER.c **** *  Design Wide Resources Interrupt Editor, then enables the interrupt to the 
  47:.\Generated_Source\PSoC4/ISR_TIMER.c **** *  interrupt controller.
  48:.\Generated_Source\PSoC4/ISR_TIMER.c **** *
  49:.\Generated_Source\PSoC4/ISR_TIMER.c **** * Parameters:  
  50:.\Generated_Source\PSoC4/ISR_TIMER.c **** *   None
  51:.\Generated_Source\PSoC4/ISR_TIMER.c **** *
  52:.\Generated_Source\PSoC4/ISR_TIMER.c **** * Return:
  53:.\Generated_Source\PSoC4/ISR_TIMER.c **** *   None
  54:.\Generated_Source\PSoC4/ISR_TIMER.c **** *
  55:.\Generated_Source\PSoC4/ISR_TIMER.c **** *******************************************************************************/
  56:.\Generated_Source\PSoC4/ISR_TIMER.c **** void ISR_TIMER_Start(void)
  57:.\Generated_Source\PSoC4/ISR_TIMER.c **** {
  26              		.loc 1 57 0
  27              		.cfi_startproc
  28 0000 80B5     		push	{r7, lr}
  29              		.cfi_def_cfa_offset 8
  30              		.cfi_offset 7, -8
  31              		.cfi_offset 14, -4
  32 0002 00AF     		add	r7, sp, #0
  33              		.cfi_def_cfa_register 7
  58:.\Generated_Source\PSoC4/ISR_TIMER.c ****     /* For all we know the interrupt is active. */
  59:.\Generated_Source\PSoC4/ISR_TIMER.c ****     ISR_TIMER_Disable();
  34              		.loc 1 59 0
  35 0004 FFF7FEFF 		bl	ISR_TIMER_Disable
  60:.\Generated_Source\PSoC4/ISR_TIMER.c **** 
  61:.\Generated_Source\PSoC4/ISR_TIMER.c ****     /* Set the ISR to point to the ISR_TIMER Interrupt. */
  62:.\Generated_Source\PSoC4/ISR_TIMER.c ****     ISR_TIMER_SetVector(&ISR_TIMER_Interrupt);
  36              		.loc 1 62 0
  37 0008 054B     		ldr	r3, .L2
  38 000a 181C     		mov	r0, r3
  39 000c FFF7FEFF 		bl	ISR_TIMER_SetVector
  63:.\Generated_Source\PSoC4/ISR_TIMER.c **** 
  64:.\Generated_Source\PSoC4/ISR_TIMER.c ****     /* Set the priority. */
  65:.\Generated_Source\PSoC4/ISR_TIMER.c ****     ISR_TIMER_SetPriority((uint8)ISR_TIMER_INTC_PRIOR_NUMBER);
  40              		.loc 1 65 0
  41 0010 0320     		mov	r0, #3
  42 0012 FFF7FEFF 		bl	ISR_TIMER_SetPriority
  66:.\Generated_Source\PSoC4/ISR_TIMER.c **** 
  67:.\Generated_Source\PSoC4/ISR_TIMER.c ****     /* Enable it. */
  68:.\Generated_Source\PSoC4/ISR_TIMER.c ****     ISR_TIMER_Enable();
  43              		.loc 1 68 0
  44 0016 FFF7FEFF 		bl	ISR_TIMER_Enable
  69:.\Generated_Source\PSoC4/ISR_TIMER.c **** }
  45              		.loc 1 69 0
ARM GAS  C:\Users\ELISHA~1\AppData\Local\Temp\cchyKk7c.s 			page 3


  46 001a BD46     		mov	sp, r7
  47              		@ sp needed
  48 001c 80BD     		pop	{r7, pc}
  49              	.L3:
  50 001e C046     		.align	2
  51              	.L2:
  52 0020 00000000 		.word	ISR_TIMER_Interrupt
  53              		.cfi_endproc
  54              	.LFE0:
  55              		.size	ISR_TIMER_Start, .-ISR_TIMER_Start
  56              		.section	.text.ISR_TIMER_StartEx,"ax",%progbits
  57              		.align	2
  58              		.global	ISR_TIMER_StartEx
  59              		.code	16
  60              		.thumb_func
  61              		.type	ISR_TIMER_StartEx, %function
  62              	ISR_TIMER_StartEx:
  63              	.LFB1:
  70:.\Generated_Source\PSoC4/ISR_TIMER.c **** 
  71:.\Generated_Source\PSoC4/ISR_TIMER.c **** 
  72:.\Generated_Source\PSoC4/ISR_TIMER.c **** /*******************************************************************************
  73:.\Generated_Source\PSoC4/ISR_TIMER.c **** * Function Name: ISR_TIMER_StartEx
  74:.\Generated_Source\PSoC4/ISR_TIMER.c **** ********************************************************************************
  75:.\Generated_Source\PSoC4/ISR_TIMER.c **** *
  76:.\Generated_Source\PSoC4/ISR_TIMER.c **** * Summary:
  77:.\Generated_Source\PSoC4/ISR_TIMER.c **** *  Sets up the interrupt and enables it. This function disables the interrupt,
  78:.\Generated_Source\PSoC4/ISR_TIMER.c **** *  sets the interrupt vector based on the address passed in, sets the priority 
  79:.\Generated_Source\PSoC4/ISR_TIMER.c **** *  from the value in the Design Wide Resources Interrupt Editor, then enables 
  80:.\Generated_Source\PSoC4/ISR_TIMER.c **** *  the interrupt to the interrupt controller.
  81:.\Generated_Source\PSoC4/ISR_TIMER.c **** *  
  82:.\Generated_Source\PSoC4/ISR_TIMER.c **** *  When defining ISR functions, the CY_ISR and CY_ISR_PROTO macros should be 
  83:.\Generated_Source\PSoC4/ISR_TIMER.c **** *  used to provide consistent definition across compilers:
  84:.\Generated_Source\PSoC4/ISR_TIMER.c **** *  
  85:.\Generated_Source\PSoC4/ISR_TIMER.c **** *  Function definition example:
  86:.\Generated_Source\PSoC4/ISR_TIMER.c **** *   CY_ISR(MyISR)
  87:.\Generated_Source\PSoC4/ISR_TIMER.c **** *   {
  88:.\Generated_Source\PSoC4/ISR_TIMER.c **** *   }
  89:.\Generated_Source\PSoC4/ISR_TIMER.c **** *   Function prototype example:
  90:.\Generated_Source\PSoC4/ISR_TIMER.c **** *   CY_ISR_PROTO(MyISR);
  91:.\Generated_Source\PSoC4/ISR_TIMER.c **** *
  92:.\Generated_Source\PSoC4/ISR_TIMER.c **** * Parameters:  
  93:.\Generated_Source\PSoC4/ISR_TIMER.c **** *   address: Address of the ISR to set in the interrupt vector table.
  94:.\Generated_Source\PSoC4/ISR_TIMER.c **** *
  95:.\Generated_Source\PSoC4/ISR_TIMER.c **** * Return:
  96:.\Generated_Source\PSoC4/ISR_TIMER.c **** *   None
  97:.\Generated_Source\PSoC4/ISR_TIMER.c **** *
  98:.\Generated_Source\PSoC4/ISR_TIMER.c **** *******************************************************************************/
  99:.\Generated_Source\PSoC4/ISR_TIMER.c **** void ISR_TIMER_StartEx(cyisraddress address)
 100:.\Generated_Source\PSoC4/ISR_TIMER.c **** {
  64              		.loc 1 100 0
  65              		.cfi_startproc
  66 0000 80B5     		push	{r7, lr}
  67              		.cfi_def_cfa_offset 8
  68              		.cfi_offset 7, -8
  69              		.cfi_offset 14, -4
  70 0002 82B0     		sub	sp, sp, #8
  71              		.cfi_def_cfa_offset 16
ARM GAS  C:\Users\ELISHA~1\AppData\Local\Temp\cchyKk7c.s 			page 4


  72 0004 00AF     		add	r7, sp, #0
  73              		.cfi_def_cfa_register 7
  74 0006 7860     		str	r0, [r7, #4]
 101:.\Generated_Source\PSoC4/ISR_TIMER.c ****     /* For all we know the interrupt is active. */
 102:.\Generated_Source\PSoC4/ISR_TIMER.c ****     ISR_TIMER_Disable();
  75              		.loc 1 102 0
  76 0008 FFF7FEFF 		bl	ISR_TIMER_Disable
 103:.\Generated_Source\PSoC4/ISR_TIMER.c **** 
 104:.\Generated_Source\PSoC4/ISR_TIMER.c ****     /* Set the ISR to point to the ISR_TIMER Interrupt. */
 105:.\Generated_Source\PSoC4/ISR_TIMER.c ****     ISR_TIMER_SetVector(address);
  77              		.loc 1 105 0
  78 000c 7B68     		ldr	r3, [r7, #4]
  79 000e 181C     		mov	r0, r3
  80 0010 FFF7FEFF 		bl	ISR_TIMER_SetVector
 106:.\Generated_Source\PSoC4/ISR_TIMER.c **** 
 107:.\Generated_Source\PSoC4/ISR_TIMER.c ****     /* Set the priority. */
 108:.\Generated_Source\PSoC4/ISR_TIMER.c ****     ISR_TIMER_SetPriority((uint8)ISR_TIMER_INTC_PRIOR_NUMBER);
  81              		.loc 1 108 0
  82 0014 0320     		mov	r0, #3
  83 0016 FFF7FEFF 		bl	ISR_TIMER_SetPriority
 109:.\Generated_Source\PSoC4/ISR_TIMER.c **** 
 110:.\Generated_Source\PSoC4/ISR_TIMER.c ****     /* Enable it. */
 111:.\Generated_Source\PSoC4/ISR_TIMER.c ****     ISR_TIMER_Enable();
  84              		.loc 1 111 0
  85 001a FFF7FEFF 		bl	ISR_TIMER_Enable
 112:.\Generated_Source\PSoC4/ISR_TIMER.c **** }
  86              		.loc 1 112 0
  87 001e BD46     		mov	sp, r7
  88 0020 02B0     		add	sp, sp, #8
  89              		@ sp needed
  90 0022 80BD     		pop	{r7, pc}
  91              		.cfi_endproc
  92              	.LFE1:
  93              		.size	ISR_TIMER_StartEx, .-ISR_TIMER_StartEx
  94              		.section	.text.ISR_TIMER_Stop,"ax",%progbits
  95              		.align	2
  96              		.global	ISR_TIMER_Stop
  97              		.code	16
  98              		.thumb_func
  99              		.type	ISR_TIMER_Stop, %function
 100              	ISR_TIMER_Stop:
 101              	.LFB2:
 113:.\Generated_Source\PSoC4/ISR_TIMER.c **** 
 114:.\Generated_Source\PSoC4/ISR_TIMER.c **** 
 115:.\Generated_Source\PSoC4/ISR_TIMER.c **** /*******************************************************************************
 116:.\Generated_Source\PSoC4/ISR_TIMER.c **** * Function Name: ISR_TIMER_Stop
 117:.\Generated_Source\PSoC4/ISR_TIMER.c **** ********************************************************************************
 118:.\Generated_Source\PSoC4/ISR_TIMER.c **** *
 119:.\Generated_Source\PSoC4/ISR_TIMER.c **** * Summary:
 120:.\Generated_Source\PSoC4/ISR_TIMER.c **** *   Disables and removes the interrupt.
 121:.\Generated_Source\PSoC4/ISR_TIMER.c **** *
 122:.\Generated_Source\PSoC4/ISR_TIMER.c **** * Parameters:  
 123:.\Generated_Source\PSoC4/ISR_TIMER.c **** *   None
 124:.\Generated_Source\PSoC4/ISR_TIMER.c **** *
 125:.\Generated_Source\PSoC4/ISR_TIMER.c **** * Return:
 126:.\Generated_Source\PSoC4/ISR_TIMER.c **** *   None
 127:.\Generated_Source\PSoC4/ISR_TIMER.c **** *
ARM GAS  C:\Users\ELISHA~1\AppData\Local\Temp\cchyKk7c.s 			page 5


 128:.\Generated_Source\PSoC4/ISR_TIMER.c **** *******************************************************************************/
 129:.\Generated_Source\PSoC4/ISR_TIMER.c **** void ISR_TIMER_Stop(void)
 130:.\Generated_Source\PSoC4/ISR_TIMER.c **** {
 102              		.loc 1 130 0
 103              		.cfi_startproc
 104 0000 80B5     		push	{r7, lr}
 105              		.cfi_def_cfa_offset 8
 106              		.cfi_offset 7, -8
 107              		.cfi_offset 14, -4
 108 0002 00AF     		add	r7, sp, #0
 109              		.cfi_def_cfa_register 7
 131:.\Generated_Source\PSoC4/ISR_TIMER.c ****     /* Disable this interrupt. */
 132:.\Generated_Source\PSoC4/ISR_TIMER.c ****     ISR_TIMER_Disable();
 110              		.loc 1 132 0
 111 0004 FFF7FEFF 		bl	ISR_TIMER_Disable
 133:.\Generated_Source\PSoC4/ISR_TIMER.c **** 
 134:.\Generated_Source\PSoC4/ISR_TIMER.c ****     /* Set the ISR to point to the passive one. */
 135:.\Generated_Source\PSoC4/ISR_TIMER.c ****     ISR_TIMER_SetVector(&IntDefaultHandler);
 112              		.loc 1 135 0
 113 0008 024B     		ldr	r3, .L6
 114 000a 181C     		mov	r0, r3
 115 000c FFF7FEFF 		bl	ISR_TIMER_SetVector
 136:.\Generated_Source\PSoC4/ISR_TIMER.c **** }
 116              		.loc 1 136 0
 117 0010 BD46     		mov	sp, r7
 118              		@ sp needed
 119 0012 80BD     		pop	{r7, pc}
 120              	.L7:
 121              		.align	2
 122              	.L6:
 123 0014 00000000 		.word	IntDefaultHandler
 124              		.cfi_endproc
 125              	.LFE2:
 126              		.size	ISR_TIMER_Stop, .-ISR_TIMER_Stop
 127              		.section	.text.ISR_TIMER_Interrupt,"ax",%progbits
 128              		.align	2
 129              		.global	ISR_TIMER_Interrupt
 130              		.code	16
 131              		.thumb_func
 132              		.type	ISR_TIMER_Interrupt, %function
 133              	ISR_TIMER_Interrupt:
 134              	.LFB3:
 137:.\Generated_Source\PSoC4/ISR_TIMER.c **** 
 138:.\Generated_Source\PSoC4/ISR_TIMER.c **** 
 139:.\Generated_Source\PSoC4/ISR_TIMER.c **** /*******************************************************************************
 140:.\Generated_Source\PSoC4/ISR_TIMER.c **** * Function Name: ISR_TIMER_Interrupt
 141:.\Generated_Source\PSoC4/ISR_TIMER.c **** ********************************************************************************
 142:.\Generated_Source\PSoC4/ISR_TIMER.c **** *
 143:.\Generated_Source\PSoC4/ISR_TIMER.c **** * Summary:
 144:.\Generated_Source\PSoC4/ISR_TIMER.c **** *   The default Interrupt Service Routine for ISR_TIMER.
 145:.\Generated_Source\PSoC4/ISR_TIMER.c **** *
 146:.\Generated_Source\PSoC4/ISR_TIMER.c **** *   Add custom code between the START and END comments to keep the next version
 147:.\Generated_Source\PSoC4/ISR_TIMER.c **** *   of this file from over-writing your code.
 148:.\Generated_Source\PSoC4/ISR_TIMER.c **** *
 149:.\Generated_Source\PSoC4/ISR_TIMER.c **** *   Note You may use either the default ISR by using this API, or you may define
 150:.\Generated_Source\PSoC4/ISR_TIMER.c **** *   your own separate ISR through ISR_StartEx().
 151:.\Generated_Source\PSoC4/ISR_TIMER.c **** *
ARM GAS  C:\Users\ELISHA~1\AppData\Local\Temp\cchyKk7c.s 			page 6


 152:.\Generated_Source\PSoC4/ISR_TIMER.c **** * Parameters:  
 153:.\Generated_Source\PSoC4/ISR_TIMER.c **** *   None
 154:.\Generated_Source\PSoC4/ISR_TIMER.c **** *
 155:.\Generated_Source\PSoC4/ISR_TIMER.c **** * Return:
 156:.\Generated_Source\PSoC4/ISR_TIMER.c **** *   None
 157:.\Generated_Source\PSoC4/ISR_TIMER.c **** *
 158:.\Generated_Source\PSoC4/ISR_TIMER.c **** *******************************************************************************/
 159:.\Generated_Source\PSoC4/ISR_TIMER.c **** CY_ISR(ISR_TIMER_Interrupt)
 160:.\Generated_Source\PSoC4/ISR_TIMER.c **** {
 135              		.loc 1 160 0
 136              		.cfi_startproc
 137 0000 80B5     		push	{r7, lr}
 138              		.cfi_def_cfa_offset 8
 139              		.cfi_offset 7, -8
 140              		.cfi_offset 14, -4
 141 0002 00AF     		add	r7, sp, #0
 142              		.cfi_def_cfa_register 7
 161:.\Generated_Source\PSoC4/ISR_TIMER.c ****     #ifdef ISR_TIMER_INTERRUPT_INTERRUPT_CALLBACK
 162:.\Generated_Source\PSoC4/ISR_TIMER.c ****         ISR_TIMER_Interrupt_InterruptCallback();
 163:.\Generated_Source\PSoC4/ISR_TIMER.c ****     #endif /* ISR_TIMER_INTERRUPT_INTERRUPT_CALLBACK */ 
 164:.\Generated_Source\PSoC4/ISR_TIMER.c **** 
 165:.\Generated_Source\PSoC4/ISR_TIMER.c ****     /*  Place your Interrupt code here. */
 166:.\Generated_Source\PSoC4/ISR_TIMER.c ****     /* `#START ISR_TIMER_Interrupt` */
 167:.\Generated_Source\PSoC4/ISR_TIMER.c **** 
 168:.\Generated_Source\PSoC4/ISR_TIMER.c ****     /* `#END` */
 169:.\Generated_Source\PSoC4/ISR_TIMER.c **** }
 143              		.loc 1 169 0
 144 0004 BD46     		mov	sp, r7
 145              		@ sp needed
 146 0006 80BD     		pop	{r7, pc}
 147              		.cfi_endproc
 148              	.LFE3:
 149              		.size	ISR_TIMER_Interrupt, .-ISR_TIMER_Interrupt
 150              		.section	.text.ISR_TIMER_SetVector,"ax",%progbits
 151              		.align	2
 152              		.global	ISR_TIMER_SetVector
 153              		.code	16
 154              		.thumb_func
 155              		.type	ISR_TIMER_SetVector, %function
 156              	ISR_TIMER_SetVector:
 157              	.LFB4:
 170:.\Generated_Source\PSoC4/ISR_TIMER.c **** 
 171:.\Generated_Source\PSoC4/ISR_TIMER.c **** 
 172:.\Generated_Source\PSoC4/ISR_TIMER.c **** /*******************************************************************************
 173:.\Generated_Source\PSoC4/ISR_TIMER.c **** * Function Name: ISR_TIMER_SetVector
 174:.\Generated_Source\PSoC4/ISR_TIMER.c **** ********************************************************************************
 175:.\Generated_Source\PSoC4/ISR_TIMER.c **** *
 176:.\Generated_Source\PSoC4/ISR_TIMER.c **** * Summary:
 177:.\Generated_Source\PSoC4/ISR_TIMER.c **** *   Change the ISR vector for the Interrupt. Note calling ISR_TIMER_Start
 178:.\Generated_Source\PSoC4/ISR_TIMER.c **** *   will override any effect this method would have had. To set the vector 
 179:.\Generated_Source\PSoC4/ISR_TIMER.c **** *   before the component has been started use ISR_TIMER_StartEx instead.
 180:.\Generated_Source\PSoC4/ISR_TIMER.c **** * 
 181:.\Generated_Source\PSoC4/ISR_TIMER.c **** *   When defining ISR functions, the CY_ISR and CY_ISR_PROTO macros should be 
 182:.\Generated_Source\PSoC4/ISR_TIMER.c **** *   used to provide consistent definition across compilers:
 183:.\Generated_Source\PSoC4/ISR_TIMER.c **** *
 184:.\Generated_Source\PSoC4/ISR_TIMER.c **** *   Function definition example:
 185:.\Generated_Source\PSoC4/ISR_TIMER.c **** *   CY_ISR(MyISR)
ARM GAS  C:\Users\ELISHA~1\AppData\Local\Temp\cchyKk7c.s 			page 7


 186:.\Generated_Source\PSoC4/ISR_TIMER.c **** *   {
 187:.\Generated_Source\PSoC4/ISR_TIMER.c **** *   }
 188:.\Generated_Source\PSoC4/ISR_TIMER.c **** *
 189:.\Generated_Source\PSoC4/ISR_TIMER.c **** *   Function prototype example:
 190:.\Generated_Source\PSoC4/ISR_TIMER.c **** *     CY_ISR_PROTO(MyISR);
 191:.\Generated_Source\PSoC4/ISR_TIMER.c **** *
 192:.\Generated_Source\PSoC4/ISR_TIMER.c **** * Parameters:
 193:.\Generated_Source\PSoC4/ISR_TIMER.c **** *   address: Address of the ISR to set in the interrupt vector table.
 194:.\Generated_Source\PSoC4/ISR_TIMER.c **** *
 195:.\Generated_Source\PSoC4/ISR_TIMER.c **** * Return:
 196:.\Generated_Source\PSoC4/ISR_TIMER.c **** *   None
 197:.\Generated_Source\PSoC4/ISR_TIMER.c **** *
 198:.\Generated_Source\PSoC4/ISR_TIMER.c **** *******************************************************************************/
 199:.\Generated_Source\PSoC4/ISR_TIMER.c **** void ISR_TIMER_SetVector(cyisraddress address)
 200:.\Generated_Source\PSoC4/ISR_TIMER.c **** {
 158              		.loc 1 200 0
 159              		.cfi_startproc
 160 0000 80B5     		push	{r7, lr}
 161              		.cfi_def_cfa_offset 8
 162              		.cfi_offset 7, -8
 163              		.cfi_offset 14, -4
 164 0002 82B0     		sub	sp, sp, #8
 165              		.cfi_def_cfa_offset 16
 166 0004 00AF     		add	r7, sp, #0
 167              		.cfi_def_cfa_register 7
 168 0006 7860     		str	r0, [r7, #4]
 201:.\Generated_Source\PSoC4/ISR_TIMER.c ****     CyRamVectors[CYINT_IRQ_BASE + ISR_TIMER__INTC_NUMBER] = address;
 169              		.loc 1 201 0
 170 0008 034B     		ldr	r3, .L10
 171 000a 8021     		mov	r1, #128
 172 000c 7A68     		ldr	r2, [r7, #4]
 173 000e 5A50     		str	r2, [r3, r1]
 202:.\Generated_Source\PSoC4/ISR_TIMER.c **** }
 174              		.loc 1 202 0
 175 0010 BD46     		mov	sp, r7
 176 0012 02B0     		add	sp, sp, #8
 177              		@ sp needed
 178 0014 80BD     		pop	{r7, pc}
 179              	.L11:
 180 0016 C046     		.align	2
 181              	.L10:
 182 0018 00000000 		.word	CyRamVectors
 183              		.cfi_endproc
 184              	.LFE4:
 185              		.size	ISR_TIMER_SetVector, .-ISR_TIMER_SetVector
 186              		.section	.text.ISR_TIMER_GetVector,"ax",%progbits
 187              		.align	2
 188              		.global	ISR_TIMER_GetVector
 189              		.code	16
 190              		.thumb_func
 191              		.type	ISR_TIMER_GetVector, %function
 192              	ISR_TIMER_GetVector:
 193              	.LFB5:
 203:.\Generated_Source\PSoC4/ISR_TIMER.c **** 
 204:.\Generated_Source\PSoC4/ISR_TIMER.c **** 
 205:.\Generated_Source\PSoC4/ISR_TIMER.c **** /*******************************************************************************
 206:.\Generated_Source\PSoC4/ISR_TIMER.c **** * Function Name: ISR_TIMER_GetVector
ARM GAS  C:\Users\ELISHA~1\AppData\Local\Temp\cchyKk7c.s 			page 8


 207:.\Generated_Source\PSoC4/ISR_TIMER.c **** ********************************************************************************
 208:.\Generated_Source\PSoC4/ISR_TIMER.c **** *
 209:.\Generated_Source\PSoC4/ISR_TIMER.c **** * Summary:
 210:.\Generated_Source\PSoC4/ISR_TIMER.c **** *   Gets the "address" of the current ISR vector for the Interrupt.
 211:.\Generated_Source\PSoC4/ISR_TIMER.c **** *
 212:.\Generated_Source\PSoC4/ISR_TIMER.c **** * Parameters:
 213:.\Generated_Source\PSoC4/ISR_TIMER.c **** *   None
 214:.\Generated_Source\PSoC4/ISR_TIMER.c **** *
 215:.\Generated_Source\PSoC4/ISR_TIMER.c **** * Return:
 216:.\Generated_Source\PSoC4/ISR_TIMER.c **** *   Address of the ISR in the interrupt vector table.
 217:.\Generated_Source\PSoC4/ISR_TIMER.c **** *
 218:.\Generated_Source\PSoC4/ISR_TIMER.c **** *******************************************************************************/
 219:.\Generated_Source\PSoC4/ISR_TIMER.c **** cyisraddress ISR_TIMER_GetVector(void)
 220:.\Generated_Source\PSoC4/ISR_TIMER.c **** {
 194              		.loc 1 220 0
 195              		.cfi_startproc
 196 0000 80B5     		push	{r7, lr}
 197              		.cfi_def_cfa_offset 8
 198              		.cfi_offset 7, -8
 199              		.cfi_offset 14, -4
 200 0002 00AF     		add	r7, sp, #0
 201              		.cfi_def_cfa_register 7
 221:.\Generated_Source\PSoC4/ISR_TIMER.c ****     return CyRamVectors[CYINT_IRQ_BASE + ISR_TIMER__INTC_NUMBER];
 202              		.loc 1 221 0
 203 0004 024B     		ldr	r3, .L14
 204 0006 8022     		mov	r2, #128
 205 0008 9B58     		ldr	r3, [r3, r2]
 222:.\Generated_Source\PSoC4/ISR_TIMER.c **** }
 206              		.loc 1 222 0
 207 000a 181C     		mov	r0, r3
 208 000c BD46     		mov	sp, r7
 209              		@ sp needed
 210 000e 80BD     		pop	{r7, pc}
 211              	.L15:
 212              		.align	2
 213              	.L14:
 214 0010 00000000 		.word	CyRamVectors
 215              		.cfi_endproc
 216              	.LFE5:
 217              		.size	ISR_TIMER_GetVector, .-ISR_TIMER_GetVector
 218              		.section	.text.ISR_TIMER_SetPriority,"ax",%progbits
 219              		.align	2
 220              		.global	ISR_TIMER_SetPriority
 221              		.code	16
 222              		.thumb_func
 223              		.type	ISR_TIMER_SetPriority, %function
 224              	ISR_TIMER_SetPriority:
 225              	.LFB6:
 223:.\Generated_Source\PSoC4/ISR_TIMER.c **** 
 224:.\Generated_Source\PSoC4/ISR_TIMER.c **** 
 225:.\Generated_Source\PSoC4/ISR_TIMER.c **** /*******************************************************************************
 226:.\Generated_Source\PSoC4/ISR_TIMER.c **** * Function Name: ISR_TIMER_SetPriority
 227:.\Generated_Source\PSoC4/ISR_TIMER.c **** ********************************************************************************
 228:.\Generated_Source\PSoC4/ISR_TIMER.c **** *
 229:.\Generated_Source\PSoC4/ISR_TIMER.c **** * Summary:
 230:.\Generated_Source\PSoC4/ISR_TIMER.c **** *   Sets the Priority of the Interrupt. 
 231:.\Generated_Source\PSoC4/ISR_TIMER.c **** *
ARM GAS  C:\Users\ELISHA~1\AppData\Local\Temp\cchyKk7c.s 			page 9


 232:.\Generated_Source\PSoC4/ISR_TIMER.c **** *   Note calling ISR_TIMER_Start or ISR_TIMER_StartEx will 
 233:.\Generated_Source\PSoC4/ISR_TIMER.c **** *   override any effect this API would have had. This API should only be called
 234:.\Generated_Source\PSoC4/ISR_TIMER.c **** *   after ISR_TIMER_Start or ISR_TIMER_StartEx has been called. 
 235:.\Generated_Source\PSoC4/ISR_TIMER.c **** *   To set the initial priority for the component, use the Design-Wide Resources
 236:.\Generated_Source\PSoC4/ISR_TIMER.c **** *   Interrupt Editor.
 237:.\Generated_Source\PSoC4/ISR_TIMER.c **** *
 238:.\Generated_Source\PSoC4/ISR_TIMER.c **** *   Note This API has no effect on Non-maskable interrupt NMI).
 239:.\Generated_Source\PSoC4/ISR_TIMER.c **** *
 240:.\Generated_Source\PSoC4/ISR_TIMER.c **** * Parameters:
 241:.\Generated_Source\PSoC4/ISR_TIMER.c **** *   priority: Priority of the interrupt, 0 being the highest priority
 242:.\Generated_Source\PSoC4/ISR_TIMER.c **** *             PSoC 3 and PSoC 5LP: Priority is from 0 to 7.
 243:.\Generated_Source\PSoC4/ISR_TIMER.c **** *             PSoC 4: Priority is from 0 to 3.
 244:.\Generated_Source\PSoC4/ISR_TIMER.c **** *
 245:.\Generated_Source\PSoC4/ISR_TIMER.c **** * Return:
 246:.\Generated_Source\PSoC4/ISR_TIMER.c **** *   None
 247:.\Generated_Source\PSoC4/ISR_TIMER.c **** *
 248:.\Generated_Source\PSoC4/ISR_TIMER.c **** *******************************************************************************/
 249:.\Generated_Source\PSoC4/ISR_TIMER.c **** void ISR_TIMER_SetPriority(uint8 priority)
 250:.\Generated_Source\PSoC4/ISR_TIMER.c **** {
 226              		.loc 1 250 0
 227              		.cfi_startproc
 228 0000 90B5     		push	{r4, r7, lr}
 229              		.cfi_def_cfa_offset 12
 230              		.cfi_offset 4, -12
 231              		.cfi_offset 7, -8
 232              		.cfi_offset 14, -4
 233 0002 85B0     		sub	sp, sp, #20
 234              		.cfi_def_cfa_offset 32
 235 0004 00AF     		add	r7, sp, #0
 236              		.cfi_def_cfa_register 7
 237 0006 021C     		mov	r2, r0
 238 0008 FB1D     		add	r3, r7, #7
 239 000a 1A70     		strb	r2, [r3]
 251:.\Generated_Source\PSoC4/ISR_TIMER.c **** 	uint8 interruptState;
 252:.\Generated_Source\PSoC4/ISR_TIMER.c ****     uint32 priorityOffset = ((ISR_TIMER__INTC_NUMBER % 4u) * 8u) + 6u;
 240              		.loc 1 252 0
 241 000c 0623     		mov	r3, #6
 242 000e FB60     		str	r3, [r7, #12]
 253:.\Generated_Source\PSoC4/ISR_TIMER.c ****     
 254:.\Generated_Source\PSoC4/ISR_TIMER.c **** 	interruptState = CyEnterCriticalSection();
 243              		.loc 1 254 0
 244 0010 0B23     		mov	r3, #11
 245 0012 FC18     		add	r4, r7, r3
 246 0014 FFF7FEFF 		bl	CyEnterCriticalSection
 247 0018 031C     		mov	r3, r0
 248 001a 2370     		strb	r3, [r4]
 255:.\Generated_Source\PSoC4/ISR_TIMER.c ****     *ISR_TIMER_INTC_PRIOR = (*ISR_TIMER_INTC_PRIOR & (uint32)(~ISR_TIMER__INTC_PRIOR_MASK)) |
 249              		.loc 1 255 0
 250 001c 0A4B     		ldr	r3, .L17
 251 001e 0A4A     		ldr	r2, .L17
 252 0020 1268     		ldr	r2, [r2]
 253 0022 C021     		mov	r1, #192
 254 0024 8A43     		bic	r2, r1
 255 0026 111C     		mov	r1, r2
 256:.\Generated_Source\PSoC4/ISR_TIMER.c ****                                     ((uint32)priority << priorityOffset);
 256              		.loc 1 256 0
 257 0028 FA1D     		add	r2, r7, #7
ARM GAS  C:\Users\ELISHA~1\AppData\Local\Temp\cchyKk7c.s 			page 10


 258 002a 1078     		ldrb	r0, [r2]
 259 002c FA68     		ldr	r2, [r7, #12]
 260 002e 9040     		lsl	r0, r0, r2
 261 0030 021C     		mov	r2, r0
 255:.\Generated_Source\PSoC4/ISR_TIMER.c ****     *ISR_TIMER_INTC_PRIOR = (*ISR_TIMER_INTC_PRIOR & (uint32)(~ISR_TIMER__INTC_PRIOR_MASK)) |
 262              		.loc 1 255 0
 263 0032 0A43     		orr	r2, r1
 264 0034 1A60     		str	r2, [r3]
 257:.\Generated_Source\PSoC4/ISR_TIMER.c **** 	CyExitCriticalSection(interruptState);
 265              		.loc 1 257 0
 266 0036 0B23     		mov	r3, #11
 267 0038 FB18     		add	r3, r7, r3
 268 003a 1B78     		ldrb	r3, [r3]
 269 003c 181C     		mov	r0, r3
 270 003e FFF7FEFF 		bl	CyExitCriticalSection
 258:.\Generated_Source\PSoC4/ISR_TIMER.c **** }
 271              		.loc 1 258 0
 272 0042 BD46     		mov	sp, r7
 273 0044 05B0     		add	sp, sp, #20
 274              		@ sp needed
 275 0046 90BD     		pop	{r4, r7, pc}
 276              	.L18:
 277              		.align	2
 278              	.L17:
 279 0048 10E400E0 		.word	-536812528
 280              		.cfi_endproc
 281              	.LFE6:
 282              		.size	ISR_TIMER_SetPriority, .-ISR_TIMER_SetPriority
 283              		.section	.text.ISR_TIMER_GetPriority,"ax",%progbits
 284              		.align	2
 285              		.global	ISR_TIMER_GetPriority
 286              		.code	16
 287              		.thumb_func
 288              		.type	ISR_TIMER_GetPriority, %function
 289              	ISR_TIMER_GetPriority:
 290              	.LFB7:
 259:.\Generated_Source\PSoC4/ISR_TIMER.c **** 
 260:.\Generated_Source\PSoC4/ISR_TIMER.c **** 
 261:.\Generated_Source\PSoC4/ISR_TIMER.c **** /*******************************************************************************
 262:.\Generated_Source\PSoC4/ISR_TIMER.c **** * Function Name: ISR_TIMER_GetPriority
 263:.\Generated_Source\PSoC4/ISR_TIMER.c **** ********************************************************************************
 264:.\Generated_Source\PSoC4/ISR_TIMER.c **** *
 265:.\Generated_Source\PSoC4/ISR_TIMER.c **** * Summary:
 266:.\Generated_Source\PSoC4/ISR_TIMER.c **** *   Gets the Priority of the Interrupt.
 267:.\Generated_Source\PSoC4/ISR_TIMER.c **** *
 268:.\Generated_Source\PSoC4/ISR_TIMER.c **** * Parameters:
 269:.\Generated_Source\PSoC4/ISR_TIMER.c **** *   None
 270:.\Generated_Source\PSoC4/ISR_TIMER.c **** *
 271:.\Generated_Source\PSoC4/ISR_TIMER.c **** * Return:
 272:.\Generated_Source\PSoC4/ISR_TIMER.c **** *   Priority of the interrupt, 0 being the highest priority
 273:.\Generated_Source\PSoC4/ISR_TIMER.c **** *    PSoC 3 and PSoC 5LP: Priority is from 0 to 7.
 274:.\Generated_Source\PSoC4/ISR_TIMER.c **** *    PSoC 4: Priority is from 0 to 3.
 275:.\Generated_Source\PSoC4/ISR_TIMER.c **** *
 276:.\Generated_Source\PSoC4/ISR_TIMER.c **** *******************************************************************************/
 277:.\Generated_Source\PSoC4/ISR_TIMER.c **** uint8 ISR_TIMER_GetPriority(void)
 278:.\Generated_Source\PSoC4/ISR_TIMER.c **** {
 291              		.loc 1 278 0
ARM GAS  C:\Users\ELISHA~1\AppData\Local\Temp\cchyKk7c.s 			page 11


 292              		.cfi_startproc
 293 0000 80B5     		push	{r7, lr}
 294              		.cfi_def_cfa_offset 8
 295              		.cfi_offset 7, -8
 296              		.cfi_offset 14, -4
 297 0002 82B0     		sub	sp, sp, #8
 298              		.cfi_def_cfa_offset 16
 299 0004 00AF     		add	r7, sp, #0
 300              		.cfi_def_cfa_register 7
 279:.\Generated_Source\PSoC4/ISR_TIMER.c ****     uint32 priority;
 280:.\Generated_Source\PSoC4/ISR_TIMER.c **** 	uint32 priorityOffset = ((ISR_TIMER__INTC_NUMBER % 4u) * 8u) + 6u;
 301              		.loc 1 280 0
 302 0006 0623     		mov	r3, #6
 303 0008 7B60     		str	r3, [r7, #4]
 281:.\Generated_Source\PSoC4/ISR_TIMER.c **** 
 282:.\Generated_Source\PSoC4/ISR_TIMER.c ****     priority = (*ISR_TIMER_INTC_PRIOR & ISR_TIMER__INTC_PRIOR_MASK) >> priorityOffset;
 304              		.loc 1 282 0
 305 000a 074B     		ldr	r3, .L21
 306 000c 1B68     		ldr	r3, [r3]
 307 000e C022     		mov	r2, #192
 308 0010 1A40     		and	r2, r3
 309 0012 7B68     		ldr	r3, [r7, #4]
 310 0014 DA40     		lsr	r2, r2, r3
 311 0016 131C     		mov	r3, r2
 312 0018 3B60     		str	r3, [r7]
 283:.\Generated_Source\PSoC4/ISR_TIMER.c **** 
 284:.\Generated_Source\PSoC4/ISR_TIMER.c ****     return (uint8)priority;
 313              		.loc 1 284 0
 314 001a 3B68     		ldr	r3, [r7]
 315 001c DBB2     		uxtb	r3, r3
 285:.\Generated_Source\PSoC4/ISR_TIMER.c **** }
 316              		.loc 1 285 0
 317 001e 181C     		mov	r0, r3
 318 0020 BD46     		mov	sp, r7
 319 0022 02B0     		add	sp, sp, #8
 320              		@ sp needed
 321 0024 80BD     		pop	{r7, pc}
 322              	.L22:
 323 0026 C046     		.align	2
 324              	.L21:
 325 0028 10E400E0 		.word	-536812528
 326              		.cfi_endproc
 327              	.LFE7:
 328              		.size	ISR_TIMER_GetPriority, .-ISR_TIMER_GetPriority
 329              		.section	.text.ISR_TIMER_Enable,"ax",%progbits
 330              		.align	2
 331              		.global	ISR_TIMER_Enable
 332              		.code	16
 333              		.thumb_func
 334              		.type	ISR_TIMER_Enable, %function
 335              	ISR_TIMER_Enable:
 336              	.LFB8:
 286:.\Generated_Source\PSoC4/ISR_TIMER.c **** 
 287:.\Generated_Source\PSoC4/ISR_TIMER.c **** 
 288:.\Generated_Source\PSoC4/ISR_TIMER.c **** /*******************************************************************************
 289:.\Generated_Source\PSoC4/ISR_TIMER.c **** * Function Name: ISR_TIMER_Enable
 290:.\Generated_Source\PSoC4/ISR_TIMER.c **** ********************************************************************************
ARM GAS  C:\Users\ELISHA~1\AppData\Local\Temp\cchyKk7c.s 			page 12


 291:.\Generated_Source\PSoC4/ISR_TIMER.c **** *
 292:.\Generated_Source\PSoC4/ISR_TIMER.c **** * Summary:
 293:.\Generated_Source\PSoC4/ISR_TIMER.c **** *   Enables the interrupt to the interrupt controller. Do not call this function
 294:.\Generated_Source\PSoC4/ISR_TIMER.c **** *   unless ISR_Start() has been called or the functionality of the ISR_Start() 
 295:.\Generated_Source\PSoC4/ISR_TIMER.c **** *   function, which sets the vector and the priority, has been called.
 296:.\Generated_Source\PSoC4/ISR_TIMER.c **** *
 297:.\Generated_Source\PSoC4/ISR_TIMER.c **** * Parameters:
 298:.\Generated_Source\PSoC4/ISR_TIMER.c **** *   None
 299:.\Generated_Source\PSoC4/ISR_TIMER.c **** *
 300:.\Generated_Source\PSoC4/ISR_TIMER.c **** * Return:
 301:.\Generated_Source\PSoC4/ISR_TIMER.c **** *   None
 302:.\Generated_Source\PSoC4/ISR_TIMER.c **** *
 303:.\Generated_Source\PSoC4/ISR_TIMER.c **** *******************************************************************************/
 304:.\Generated_Source\PSoC4/ISR_TIMER.c **** void ISR_TIMER_Enable(void)
 305:.\Generated_Source\PSoC4/ISR_TIMER.c **** {
 337              		.loc 1 305 0
 338              		.cfi_startproc
 339 0000 80B5     		push	{r7, lr}
 340              		.cfi_def_cfa_offset 8
 341              		.cfi_offset 7, -8
 342              		.cfi_offset 14, -4
 343 0002 00AF     		add	r7, sp, #0
 344              		.cfi_def_cfa_register 7
 306:.\Generated_Source\PSoC4/ISR_TIMER.c ****     /* Enable the general interrupt. */
 307:.\Generated_Source\PSoC4/ISR_TIMER.c ****     *ISR_TIMER_INTC_SET_EN = ISR_TIMER__INTC_MASK;
 345              		.loc 1 307 0
 346 0004 024B     		ldr	r3, .L24
 347 0006 8022     		mov	r2, #128
 348 0008 5202     		lsl	r2, r2, #9
 349 000a 1A60     		str	r2, [r3]
 308:.\Generated_Source\PSoC4/ISR_TIMER.c **** }
 350              		.loc 1 308 0
 351 000c BD46     		mov	sp, r7
 352              		@ sp needed
 353 000e 80BD     		pop	{r7, pc}
 354              	.L25:
 355              		.align	2
 356              	.L24:
 357 0010 00E100E0 		.word	-536813312
 358              		.cfi_endproc
 359              	.LFE8:
 360              		.size	ISR_TIMER_Enable, .-ISR_TIMER_Enable
 361              		.section	.text.ISR_TIMER_GetState,"ax",%progbits
 362              		.align	2
 363              		.global	ISR_TIMER_GetState
 364              		.code	16
 365              		.thumb_func
 366              		.type	ISR_TIMER_GetState, %function
 367              	ISR_TIMER_GetState:
 368              	.LFB9:
 309:.\Generated_Source\PSoC4/ISR_TIMER.c **** 
 310:.\Generated_Source\PSoC4/ISR_TIMER.c **** 
 311:.\Generated_Source\PSoC4/ISR_TIMER.c **** /*******************************************************************************
 312:.\Generated_Source\PSoC4/ISR_TIMER.c **** * Function Name: ISR_TIMER_GetState
 313:.\Generated_Source\PSoC4/ISR_TIMER.c **** ********************************************************************************
 314:.\Generated_Source\PSoC4/ISR_TIMER.c **** *
 315:.\Generated_Source\PSoC4/ISR_TIMER.c **** * Summary:
ARM GAS  C:\Users\ELISHA~1\AppData\Local\Temp\cchyKk7c.s 			page 13


 316:.\Generated_Source\PSoC4/ISR_TIMER.c **** *   Gets the state (enabled, disabled) of the Interrupt.
 317:.\Generated_Source\PSoC4/ISR_TIMER.c **** *
 318:.\Generated_Source\PSoC4/ISR_TIMER.c **** * Parameters:
 319:.\Generated_Source\PSoC4/ISR_TIMER.c **** *   None
 320:.\Generated_Source\PSoC4/ISR_TIMER.c **** *
 321:.\Generated_Source\PSoC4/ISR_TIMER.c **** * Return:
 322:.\Generated_Source\PSoC4/ISR_TIMER.c **** *   1 if enabled, 0 if disabled.
 323:.\Generated_Source\PSoC4/ISR_TIMER.c **** *
 324:.\Generated_Source\PSoC4/ISR_TIMER.c **** *******************************************************************************/
 325:.\Generated_Source\PSoC4/ISR_TIMER.c **** uint8 ISR_TIMER_GetState(void)
 326:.\Generated_Source\PSoC4/ISR_TIMER.c **** {
 369              		.loc 1 326 0
 370              		.cfi_startproc
 371 0000 80B5     		push	{r7, lr}
 372              		.cfi_def_cfa_offset 8
 373              		.cfi_offset 7, -8
 374              		.cfi_offset 14, -4
 375 0002 00AF     		add	r7, sp, #0
 376              		.cfi_def_cfa_register 7
 327:.\Generated_Source\PSoC4/ISR_TIMER.c ****     /* Get the state of the general interrupt. */
 328:.\Generated_Source\PSoC4/ISR_TIMER.c ****     return ((*ISR_TIMER_INTC_SET_EN & (uint32)ISR_TIMER__INTC_MASK) != 0u) ? 1u:0u;
 377              		.loc 1 328 0
 378 0004 054B     		ldr	r3, .L30
 379 0006 1A68     		ldr	r2, [r3]
 380 0008 8023     		mov	r3, #128
 381 000a 5B02     		lsl	r3, r3, #9
 382 000c 1340     		and	r3, r2
 383 000e 01D0     		beq	.L27
 384              		.loc 1 328 0 is_stmt 0 discriminator 1
 385 0010 0123     		mov	r3, #1
 386 0012 00E0     		b	.L28
 387              	.L27:
 388              		.loc 1 328 0 discriminator 2
 389 0014 0023     		mov	r3, #0
 390              	.L28:
 329:.\Generated_Source\PSoC4/ISR_TIMER.c **** }
 391              		.loc 1 329 0 is_stmt 1 discriminator 4
 392 0016 181C     		mov	r0, r3
 393 0018 BD46     		mov	sp, r7
 394              		@ sp needed
 395 001a 80BD     		pop	{r7, pc}
 396              	.L31:
 397              		.align	2
 398              	.L30:
 399 001c 00E100E0 		.word	-536813312
 400              		.cfi_endproc
 401              	.LFE9:
 402              		.size	ISR_TIMER_GetState, .-ISR_TIMER_GetState
 403              		.section	.text.ISR_TIMER_Disable,"ax",%progbits
 404              		.align	2
 405              		.global	ISR_TIMER_Disable
 406              		.code	16
 407              		.thumb_func
 408              		.type	ISR_TIMER_Disable, %function
 409              	ISR_TIMER_Disable:
 410              	.LFB10:
 330:.\Generated_Source\PSoC4/ISR_TIMER.c **** 
ARM GAS  C:\Users\ELISHA~1\AppData\Local\Temp\cchyKk7c.s 			page 14


 331:.\Generated_Source\PSoC4/ISR_TIMER.c **** 
 332:.\Generated_Source\PSoC4/ISR_TIMER.c **** /*******************************************************************************
 333:.\Generated_Source\PSoC4/ISR_TIMER.c **** * Function Name: ISR_TIMER_Disable
 334:.\Generated_Source\PSoC4/ISR_TIMER.c **** ********************************************************************************
 335:.\Generated_Source\PSoC4/ISR_TIMER.c **** *
 336:.\Generated_Source\PSoC4/ISR_TIMER.c **** * Summary:
 337:.\Generated_Source\PSoC4/ISR_TIMER.c **** *   Disables the Interrupt in the interrupt controller.
 338:.\Generated_Source\PSoC4/ISR_TIMER.c **** *
 339:.\Generated_Source\PSoC4/ISR_TIMER.c **** * Parameters:
 340:.\Generated_Source\PSoC4/ISR_TIMER.c **** *   None
 341:.\Generated_Source\PSoC4/ISR_TIMER.c **** *
 342:.\Generated_Source\PSoC4/ISR_TIMER.c **** * Return:
 343:.\Generated_Source\PSoC4/ISR_TIMER.c **** *   None
 344:.\Generated_Source\PSoC4/ISR_TIMER.c **** *
 345:.\Generated_Source\PSoC4/ISR_TIMER.c **** *******************************************************************************/
 346:.\Generated_Source\PSoC4/ISR_TIMER.c **** void ISR_TIMER_Disable(void)
 347:.\Generated_Source\PSoC4/ISR_TIMER.c **** {
 411              		.loc 1 347 0
 412              		.cfi_startproc
 413 0000 80B5     		push	{r7, lr}
 414              		.cfi_def_cfa_offset 8
 415              		.cfi_offset 7, -8
 416              		.cfi_offset 14, -4
 417 0002 00AF     		add	r7, sp, #0
 418              		.cfi_def_cfa_register 7
 348:.\Generated_Source\PSoC4/ISR_TIMER.c ****     /* Disable the general interrupt. */
 349:.\Generated_Source\PSoC4/ISR_TIMER.c ****     *ISR_TIMER_INTC_CLR_EN = ISR_TIMER__INTC_MASK;
 419              		.loc 1 349 0
 420 0004 024B     		ldr	r3, .L33
 421 0006 8022     		mov	r2, #128
 422 0008 5202     		lsl	r2, r2, #9
 423 000a 1A60     		str	r2, [r3]
 350:.\Generated_Source\PSoC4/ISR_TIMER.c **** }
 424              		.loc 1 350 0
 425 000c BD46     		mov	sp, r7
 426              		@ sp needed
 427 000e 80BD     		pop	{r7, pc}
 428              	.L34:
 429              		.align	2
 430              	.L33:
 431 0010 80E100E0 		.word	-536813184
 432              		.cfi_endproc
 433              	.LFE10:
 434              		.size	ISR_TIMER_Disable, .-ISR_TIMER_Disable
 435              		.section	.text.ISR_TIMER_SetPending,"ax",%progbits
 436              		.align	2
 437              		.global	ISR_TIMER_SetPending
 438              		.code	16
 439              		.thumb_func
 440              		.type	ISR_TIMER_SetPending, %function
 441              	ISR_TIMER_SetPending:
 442              	.LFB11:
 351:.\Generated_Source\PSoC4/ISR_TIMER.c **** 
 352:.\Generated_Source\PSoC4/ISR_TIMER.c **** 
 353:.\Generated_Source\PSoC4/ISR_TIMER.c **** /*******************************************************************************
 354:.\Generated_Source\PSoC4/ISR_TIMER.c **** * Function Name: ISR_TIMER_SetPending
 355:.\Generated_Source\PSoC4/ISR_TIMER.c **** ********************************************************************************
ARM GAS  C:\Users\ELISHA~1\AppData\Local\Temp\cchyKk7c.s 			page 15


 356:.\Generated_Source\PSoC4/ISR_TIMER.c **** *
 357:.\Generated_Source\PSoC4/ISR_TIMER.c **** * Summary:
 358:.\Generated_Source\PSoC4/ISR_TIMER.c **** *   Causes the Interrupt to enter the pending state, a software method of
 359:.\Generated_Source\PSoC4/ISR_TIMER.c **** *   generating the interrupt.
 360:.\Generated_Source\PSoC4/ISR_TIMER.c **** *
 361:.\Generated_Source\PSoC4/ISR_TIMER.c **** * Parameters:
 362:.\Generated_Source\PSoC4/ISR_TIMER.c **** *   None
 363:.\Generated_Source\PSoC4/ISR_TIMER.c **** *
 364:.\Generated_Source\PSoC4/ISR_TIMER.c **** * Return:
 365:.\Generated_Source\PSoC4/ISR_TIMER.c **** *   None
 366:.\Generated_Source\PSoC4/ISR_TIMER.c **** *
 367:.\Generated_Source\PSoC4/ISR_TIMER.c **** * Side Effects:
 368:.\Generated_Source\PSoC4/ISR_TIMER.c **** *   If interrupts are enabled and the interrupt is set up properly, the ISR is
 369:.\Generated_Source\PSoC4/ISR_TIMER.c **** *   entered (depending on the priority of this interrupt and other pending 
 370:.\Generated_Source\PSoC4/ISR_TIMER.c **** *   interrupts).
 371:.\Generated_Source\PSoC4/ISR_TIMER.c **** *
 372:.\Generated_Source\PSoC4/ISR_TIMER.c **** *******************************************************************************/
 373:.\Generated_Source\PSoC4/ISR_TIMER.c **** void ISR_TIMER_SetPending(void)
 374:.\Generated_Source\PSoC4/ISR_TIMER.c **** {
 443              		.loc 1 374 0
 444              		.cfi_startproc
 445 0000 80B5     		push	{r7, lr}
 446              		.cfi_def_cfa_offset 8
 447              		.cfi_offset 7, -8
 448              		.cfi_offset 14, -4
 449 0002 00AF     		add	r7, sp, #0
 450              		.cfi_def_cfa_register 7
 375:.\Generated_Source\PSoC4/ISR_TIMER.c ****     *ISR_TIMER_INTC_SET_PD = ISR_TIMER__INTC_MASK;
 451              		.loc 1 375 0
 452 0004 024B     		ldr	r3, .L36
 453 0006 8022     		mov	r2, #128
 454 0008 5202     		lsl	r2, r2, #9
 455 000a 1A60     		str	r2, [r3]
 376:.\Generated_Source\PSoC4/ISR_TIMER.c **** }
 456              		.loc 1 376 0
 457 000c BD46     		mov	sp, r7
 458              		@ sp needed
 459 000e 80BD     		pop	{r7, pc}
 460              	.L37:
 461              		.align	2
 462              	.L36:
 463 0010 00E200E0 		.word	-536813056
 464              		.cfi_endproc
 465              	.LFE11:
 466              		.size	ISR_TIMER_SetPending, .-ISR_TIMER_SetPending
 467              		.section	.text.ISR_TIMER_ClearPending,"ax",%progbits
 468              		.align	2
 469              		.global	ISR_TIMER_ClearPending
 470              		.code	16
 471              		.thumb_func
 472              		.type	ISR_TIMER_ClearPending, %function
 473              	ISR_TIMER_ClearPending:
 474              	.LFB12:
 377:.\Generated_Source\PSoC4/ISR_TIMER.c **** 
 378:.\Generated_Source\PSoC4/ISR_TIMER.c **** 
 379:.\Generated_Source\PSoC4/ISR_TIMER.c **** /*******************************************************************************
 380:.\Generated_Source\PSoC4/ISR_TIMER.c **** * Function Name: ISR_TIMER_ClearPending
ARM GAS  C:\Users\ELISHA~1\AppData\Local\Temp\cchyKk7c.s 			page 16


 381:.\Generated_Source\PSoC4/ISR_TIMER.c **** ********************************************************************************
 382:.\Generated_Source\PSoC4/ISR_TIMER.c **** *
 383:.\Generated_Source\PSoC4/ISR_TIMER.c **** * Summary:
 384:.\Generated_Source\PSoC4/ISR_TIMER.c **** *   Clears a pending interrupt in the interrupt controller.
 385:.\Generated_Source\PSoC4/ISR_TIMER.c **** *
 386:.\Generated_Source\PSoC4/ISR_TIMER.c **** *   Note Some interrupt sources are clear-on-read and require the block 
 387:.\Generated_Source\PSoC4/ISR_TIMER.c **** *   interrupt/status register to be read/cleared with the appropriate block API 
 388:.\Generated_Source\PSoC4/ISR_TIMER.c **** *   (GPIO, UART, and so on). Otherwise the ISR will continue to remain in 
 389:.\Generated_Source\PSoC4/ISR_TIMER.c **** *   pending state even though the interrupt itself is cleared using this API.
 390:.\Generated_Source\PSoC4/ISR_TIMER.c **** *
 391:.\Generated_Source\PSoC4/ISR_TIMER.c **** * Parameters:
 392:.\Generated_Source\PSoC4/ISR_TIMER.c **** *   None
 393:.\Generated_Source\PSoC4/ISR_TIMER.c **** *
 394:.\Generated_Source\PSoC4/ISR_TIMER.c **** * Return:
 395:.\Generated_Source\PSoC4/ISR_TIMER.c **** *   None
 396:.\Generated_Source\PSoC4/ISR_TIMER.c **** *
 397:.\Generated_Source\PSoC4/ISR_TIMER.c **** *******************************************************************************/
 398:.\Generated_Source\PSoC4/ISR_TIMER.c **** void ISR_TIMER_ClearPending(void)
 399:.\Generated_Source\PSoC4/ISR_TIMER.c **** {
 475              		.loc 1 399 0
 476              		.cfi_startproc
 477 0000 80B5     		push	{r7, lr}
 478              		.cfi_def_cfa_offset 8
 479              		.cfi_offset 7, -8
 480              		.cfi_offset 14, -4
 481 0002 00AF     		add	r7, sp, #0
 482              		.cfi_def_cfa_register 7
 400:.\Generated_Source\PSoC4/ISR_TIMER.c ****     *ISR_TIMER_INTC_CLR_PD = ISR_TIMER__INTC_MASK;
 483              		.loc 1 400 0
 484 0004 024B     		ldr	r3, .L39
 485 0006 8022     		mov	r2, #128
 486 0008 5202     		lsl	r2, r2, #9
 487 000a 1A60     		str	r2, [r3]
 401:.\Generated_Source\PSoC4/ISR_TIMER.c **** }
 488              		.loc 1 401 0
 489 000c BD46     		mov	sp, r7
 490              		@ sp needed
 491 000e 80BD     		pop	{r7, pc}
 492              	.L40:
 493              		.align	2
 494              	.L39:
 495 0010 80E200E0 		.word	-536812928
 496              		.cfi_endproc
 497              	.LFE12:
 498              		.size	ISR_TIMER_ClearPending, .-ISR_TIMER_ClearPending
 499              		.text
 500              	.Letext0:
 501              		.file 2 "Generated_Source\\PSoC4/cytypes.h"
 502              		.section	.debug_info,"",%progbits
 503              	.Ldebug_info0:
 504 0000 40020000 		.4byte	0x240
 505 0004 0400     		.2byte	0x4
 506 0006 00000000 		.4byte	.Ldebug_abbrev0
 507 000a 04       		.byte	0x4
 508 000b 01       		.uleb128 0x1
 509 000c F8000000 		.4byte	.LASF33
 510 0010 01       		.byte	0x1
ARM GAS  C:\Users\ELISHA~1\AppData\Local\Temp\cchyKk7c.s 			page 17


 511 0011 98010000 		.4byte	.LASF34
 512 0015 86020000 		.4byte	.LASF35
 513 0019 00000000 		.4byte	.Ldebug_ranges0+0
 514 001d 00000000 		.4byte	0
 515 0021 00000000 		.4byte	.Ldebug_line0
 516 0025 02       		.uleb128 0x2
 517 0026 01       		.byte	0x1
 518 0027 06       		.byte	0x6
 519 0028 DB020000 		.4byte	.LASF0
 520 002c 02       		.uleb128 0x2
 521 002d 01       		.byte	0x1
 522 002e 08       		.byte	0x8
 523 002f 65000000 		.4byte	.LASF1
 524 0033 02       		.uleb128 0x2
 525 0034 02       		.byte	0x2
 526 0035 05       		.byte	0x5
 527 0036 64020000 		.4byte	.LASF2
 528 003a 02       		.uleb128 0x2
 529 003b 02       		.byte	0x2
 530 003c 07       		.byte	0x7
 531 003d 27000000 		.4byte	.LASF3
 532 0041 02       		.uleb128 0x2
 533 0042 04       		.byte	0x4
 534 0043 05       		.byte	0x5
 535 0044 7D020000 		.4byte	.LASF4
 536 0048 02       		.uleb128 0x2
 537 0049 04       		.byte	0x4
 538 004a 07       		.byte	0x7
 539 004b 97000000 		.4byte	.LASF5
 540 004f 02       		.uleb128 0x2
 541 0050 08       		.byte	0x8
 542 0051 05       		.byte	0x5
 543 0052 51020000 		.4byte	.LASF6
 544 0056 02       		.uleb128 0x2
 545 0057 08       		.byte	0x8
 546 0058 07       		.byte	0x7
 547 0059 D9010000 		.4byte	.LASF7
 548 005d 03       		.uleb128 0x3
 549 005e 04       		.byte	0x4
 550 005f 05       		.byte	0x5
 551 0060 696E7400 		.ascii	"int\000"
 552 0064 02       		.uleb128 0x2
 553 0065 04       		.byte	0x4
 554 0066 07       		.byte	0x7
 555 0067 C4010000 		.4byte	.LASF8
 556 006b 04       		.uleb128 0x4
 557 006c A9000000 		.4byte	.LASF9
 558 0070 02       		.byte	0x2
 559 0071 C2       		.byte	0xc2
 560 0072 2C000000 		.4byte	0x2c
 561 0076 04       		.uleb128 0x4
 562 0077 BD010000 		.4byte	.LASF10
 563 007b 02       		.byte	0x2
 564 007c C4       		.byte	0xc4
 565 007d 48000000 		.4byte	0x48
 566 0081 02       		.uleb128 0x2
 567 0082 04       		.byte	0x4
ARM GAS  C:\Users\ELISHA~1\AppData\Local\Temp\cchyKk7c.s 			page 18


 568 0083 04       		.byte	0x4
 569 0084 5F000000 		.4byte	.LASF11
 570 0088 02       		.uleb128 0x2
 571 0089 08       		.byte	0x8
 572 008a 04       		.byte	0x4
 573 008b E0000000 		.4byte	.LASF12
 574 008f 02       		.uleb128 0x2
 575 0090 01       		.byte	0x1
 576 0091 08       		.byte	0x8
 577 0092 5F020000 		.4byte	.LASF13
 578 0096 05       		.uleb128 0x5
 579 0097 14000000 		.4byte	.LASF14
 580 009b 02       		.byte	0x2
 581 009c 6E01     		.2byte	0x16e
 582 009e A2000000 		.4byte	0xa2
 583 00a2 06       		.uleb128 0x6
 584 00a3 76000000 		.4byte	0x76
 585 00a7 05       		.uleb128 0x5
 586 00a8 16020000 		.4byte	.LASF15
 587 00ac 02       		.byte	0x2
 588 00ad 7E01     		.2byte	0x17e
 589 00af B3000000 		.4byte	0xb3
 590 00b3 07       		.uleb128 0x7
 591 00b4 04       		.byte	0x4
 592 00b5 B9000000 		.4byte	0xb9
 593 00b9 08       		.uleb128 0x8
 594 00ba 02       		.uleb128 0x2
 595 00bb 04       		.byte	0x4
 596 00bc 07       		.byte	0x7
 597 00bd 48020000 		.4byte	.LASF16
 598 00c1 09       		.uleb128 0x9
 599 00c2 06020000 		.4byte	.LASF17
 600 00c6 01       		.byte	0x1
 601 00c7 38       		.byte	0x38
 602 00c8 00000000 		.4byte	.LFB0
 603 00cc 24000000 		.4byte	.LFE0-.LFB0
 604 00d0 01       		.uleb128 0x1
 605 00d1 9C       		.byte	0x9c
 606 00d2 0A       		.uleb128 0xa
 607 00d3 86010000 		.4byte	.LASF20
 608 00d7 01       		.byte	0x1
 609 00d8 63       		.byte	0x63
 610 00d9 00000000 		.4byte	.LFB1
 611 00dd 24000000 		.4byte	.LFE1-.LFB1
 612 00e1 01       		.uleb128 0x1
 613 00e2 9C       		.byte	0x9c
 614 00e3 F6000000 		.4byte	0xf6
 615 00e7 0B       		.uleb128 0xb
 616 00e8 D1010000 		.4byte	.LASF22
 617 00ec 01       		.byte	0x1
 618 00ed 63       		.byte	0x63
 619 00ee A7000000 		.4byte	0xa7
 620 00f2 02       		.uleb128 0x2
 621 00f3 91       		.byte	0x91
 622 00f4 74       		.sleb128 -12
 623 00f5 00       		.byte	0
 624 00f6 09       		.uleb128 0x9
ARM GAS  C:\Users\ELISHA~1\AppData\Local\Temp\cchyKk7c.s 			page 19


 625 00f7 50000000 		.4byte	.LASF18
 626 00fb 01       		.byte	0x1
 627 00fc 81       		.byte	0x81
 628 00fd 00000000 		.4byte	.LFB2
 629 0101 18000000 		.4byte	.LFE2-.LFB2
 630 0105 01       		.uleb128 0x1
 631 0106 9C       		.byte	0x9c
 632 0107 0C       		.uleb128 0xc
 633 0108 C3000000 		.4byte	.LASF19
 634 010c 01       		.byte	0x1
 635 010d 9F       		.byte	0x9f
 636 010e 00000000 		.4byte	.LFB3
 637 0112 08000000 		.4byte	.LFE3-.LFB3
 638 0116 01       		.uleb128 0x1
 639 0117 9C       		.byte	0x9c
 640 0118 0D       		.uleb128 0xd
 641 0119 00000000 		.4byte	.LASF21
 642 011d 01       		.byte	0x1
 643 011e C7       		.byte	0xc7
 644 011f 00000000 		.4byte	.LFB4
 645 0123 1C000000 		.4byte	.LFE4-.LFB4
 646 0127 01       		.uleb128 0x1
 647 0128 9C       		.byte	0x9c
 648 0129 3C010000 		.4byte	0x13c
 649 012d 0B       		.uleb128 0xb
 650 012e D1010000 		.4byte	.LASF22
 651 0132 01       		.byte	0x1
 652 0133 C7       		.byte	0xc7
 653 0134 A7000000 		.4byte	0xa7
 654 0138 02       		.uleb128 0x2
 655 0139 91       		.byte	0x91
 656 013a 74       		.sleb128 -12
 657 013b 00       		.byte	0
 658 013c 0E       		.uleb128 0xe
 659 013d AF000000 		.4byte	.LASF28
 660 0141 01       		.byte	0x1
 661 0142 DB       		.byte	0xdb
 662 0143 A7000000 		.4byte	0xa7
 663 0147 00000000 		.4byte	.LFB5
 664 014b 14000000 		.4byte	.LFE5-.LFB5
 665 014f 01       		.uleb128 0x1
 666 0150 9C       		.byte	0x9c
 667 0151 0A       		.uleb128 0xa
 668 0152 F0010000 		.4byte	.LASF23
 669 0156 01       		.byte	0x1
 670 0157 F9       		.byte	0xf9
 671 0158 00000000 		.4byte	.LFB6
 672 015c 4C000000 		.4byte	.LFE6-.LFB6
 673 0160 01       		.uleb128 0x1
 674 0161 9C       		.byte	0x9c
 675 0162 91010000 		.4byte	0x191
 676 0166 0B       		.uleb128 0xb
 677 0167 D7000000 		.4byte	.LASF24
 678 016b 01       		.byte	0x1
 679 016c F9       		.byte	0xf9
 680 016d 6B000000 		.4byte	0x6b
 681 0171 02       		.uleb128 0x2
ARM GAS  C:\Users\ELISHA~1\AppData\Local\Temp\cchyKk7c.s 			page 20


 682 0172 91       		.byte	0x91
 683 0173 67       		.sleb128 -25
 684 0174 0F       		.uleb128 0xf
 685 0175 88000000 		.4byte	.LASF25
 686 0179 01       		.byte	0x1
 687 017a FB       		.byte	0xfb
 688 017b 6B000000 		.4byte	0x6b
 689 017f 02       		.uleb128 0x2
 690 0180 91       		.byte	0x91
 691 0181 6B       		.sleb128 -21
 692 0182 0F       		.uleb128 0xf
 693 0183 6E020000 		.4byte	.LASF26
 694 0187 01       		.byte	0x1
 695 0188 FC       		.byte	0xfc
 696 0189 76000000 		.4byte	0x76
 697 018d 02       		.uleb128 0x2
 698 018e 91       		.byte	0x91
 699 018f 6C       		.sleb128 -20
 700 0190 00       		.byte	0
 701 0191 10       		.uleb128 0x10
 702 0192 3A000000 		.4byte	.LASF36
 703 0196 01       		.byte	0x1
 704 0197 1501     		.2byte	0x115
 705 0199 6B000000 		.4byte	0x6b
 706 019d 00000000 		.4byte	.LFB7
 707 01a1 2C000000 		.4byte	.LFE7-.LFB7
 708 01a5 01       		.uleb128 0x1
 709 01a6 9C       		.byte	0x9c
 710 01a7 CA010000 		.4byte	0x1ca
 711 01ab 11       		.uleb128 0x11
 712 01ac D7000000 		.4byte	.LASF24
 713 01b0 01       		.byte	0x1
 714 01b1 1701     		.2byte	0x117
 715 01b3 76000000 		.4byte	0x76
 716 01b7 02       		.uleb128 0x2
 717 01b8 91       		.byte	0x91
 718 01b9 70       		.sleb128 -16
 719 01ba 11       		.uleb128 0x11
 720 01bb 6E020000 		.4byte	.LASF26
 721 01bf 01       		.byte	0x1
 722 01c0 1801     		.2byte	0x118
 723 01c2 76000000 		.4byte	0x76
 724 01c6 02       		.uleb128 0x2
 725 01c7 91       		.byte	0x91
 726 01c8 74       		.sleb128 -12
 727 01c9 00       		.byte	0
 728 01ca 12       		.uleb128 0x12
 729 01cb E7000000 		.4byte	.LASF27
 730 01cf 01       		.byte	0x1
 731 01d0 3001     		.2byte	0x130
 732 01d2 00000000 		.4byte	.LFB8
 733 01d6 14000000 		.4byte	.LFE8-.LFB8
 734 01da 01       		.uleb128 0x1
 735 01db 9C       		.byte	0x9c
 736 01dc 13       		.uleb128 0x13
 737 01dd 35020000 		.4byte	.LASF29
 738 01e1 01       		.byte	0x1
ARM GAS  C:\Users\ELISHA~1\AppData\Local\Temp\cchyKk7c.s 			page 21


 739 01e2 4501     		.2byte	0x145
 740 01e4 6B000000 		.4byte	0x6b
 741 01e8 00000000 		.4byte	.LFB9
 742 01ec 20000000 		.4byte	.LFE9-.LFB9
 743 01f0 01       		.uleb128 0x1
 744 01f1 9C       		.byte	0x9c
 745 01f2 12       		.uleb128 0x12
 746 01f3 23020000 		.4byte	.LASF30
 747 01f7 01       		.byte	0x1
 748 01f8 5A01     		.2byte	0x15a
 749 01fa 00000000 		.4byte	.LFB10
 750 01fe 14000000 		.4byte	.LFE10-.LFB10
 751 0202 01       		.uleb128 0x1
 752 0203 9C       		.byte	0x9c
 753 0204 12       		.uleb128 0x12
 754 0205 73000000 		.4byte	.LASF31
 755 0209 01       		.byte	0x1
 756 020a 7501     		.2byte	0x175
 757 020c 00000000 		.4byte	.LFB11
 758 0210 14000000 		.4byte	.LFE11-.LFB11
 759 0214 01       		.uleb128 0x1
 760 0215 9C       		.byte	0x9c
 761 0216 12       		.uleb128 0x12
 762 0217 E7020000 		.4byte	.LASF32
 763 021b 01       		.byte	0x1
 764 021c 8E01     		.2byte	0x18e
 765 021e 00000000 		.4byte	.LFB12
 766 0222 14000000 		.4byte	.LFE12-.LFB12
 767 0226 01       		.uleb128 0x1
 768 0227 9C       		.byte	0x9c
 769 0228 14       		.uleb128 0x14
 770 0229 A7000000 		.4byte	0xa7
 771 022d 38020000 		.4byte	0x238
 772 0231 15       		.uleb128 0x15
 773 0232 BA000000 		.4byte	0xba
 774 0236 2F       		.byte	0x2f
 775 0237 00       		.byte	0
 776 0238 16       		.uleb128 0x16
 777 0239 1A000000 		.4byte	.LASF37
 778 023d 01       		.byte	0x1
 779 023e 21       		.byte	0x21
 780 023f 28020000 		.4byte	0x228
 781 0243 00       		.byte	0
 782              		.section	.debug_abbrev,"",%progbits
 783              	.Ldebug_abbrev0:
 784 0000 01       		.uleb128 0x1
 785 0001 11       		.uleb128 0x11
 786 0002 01       		.byte	0x1
 787 0003 25       		.uleb128 0x25
 788 0004 0E       		.uleb128 0xe
 789 0005 13       		.uleb128 0x13
 790 0006 0B       		.uleb128 0xb
 791 0007 03       		.uleb128 0x3
 792 0008 0E       		.uleb128 0xe
 793 0009 1B       		.uleb128 0x1b
 794 000a 0E       		.uleb128 0xe
 795 000b 55       		.uleb128 0x55
ARM GAS  C:\Users\ELISHA~1\AppData\Local\Temp\cchyKk7c.s 			page 22


 796 000c 17       		.uleb128 0x17
 797 000d 11       		.uleb128 0x11
 798 000e 01       		.uleb128 0x1
 799 000f 10       		.uleb128 0x10
 800 0010 17       		.uleb128 0x17
 801 0011 00       		.byte	0
 802 0012 00       		.byte	0
 803 0013 02       		.uleb128 0x2
 804 0014 24       		.uleb128 0x24
 805 0015 00       		.byte	0
 806 0016 0B       		.uleb128 0xb
 807 0017 0B       		.uleb128 0xb
 808 0018 3E       		.uleb128 0x3e
 809 0019 0B       		.uleb128 0xb
 810 001a 03       		.uleb128 0x3
 811 001b 0E       		.uleb128 0xe
 812 001c 00       		.byte	0
 813 001d 00       		.byte	0
 814 001e 03       		.uleb128 0x3
 815 001f 24       		.uleb128 0x24
 816 0020 00       		.byte	0
 817 0021 0B       		.uleb128 0xb
 818 0022 0B       		.uleb128 0xb
 819 0023 3E       		.uleb128 0x3e
 820 0024 0B       		.uleb128 0xb
 821 0025 03       		.uleb128 0x3
 822 0026 08       		.uleb128 0x8
 823 0027 00       		.byte	0
 824 0028 00       		.byte	0
 825 0029 04       		.uleb128 0x4
 826 002a 16       		.uleb128 0x16
 827 002b 00       		.byte	0
 828 002c 03       		.uleb128 0x3
 829 002d 0E       		.uleb128 0xe
 830 002e 3A       		.uleb128 0x3a
 831 002f 0B       		.uleb128 0xb
 832 0030 3B       		.uleb128 0x3b
 833 0031 0B       		.uleb128 0xb
 834 0032 49       		.uleb128 0x49
 835 0033 13       		.uleb128 0x13
 836 0034 00       		.byte	0
 837 0035 00       		.byte	0
 838 0036 05       		.uleb128 0x5
 839 0037 16       		.uleb128 0x16
 840 0038 00       		.byte	0
 841 0039 03       		.uleb128 0x3
 842 003a 0E       		.uleb128 0xe
 843 003b 3A       		.uleb128 0x3a
 844 003c 0B       		.uleb128 0xb
 845 003d 3B       		.uleb128 0x3b
 846 003e 05       		.uleb128 0x5
 847 003f 49       		.uleb128 0x49
 848 0040 13       		.uleb128 0x13
 849 0041 00       		.byte	0
 850 0042 00       		.byte	0
 851 0043 06       		.uleb128 0x6
 852 0044 35       		.uleb128 0x35
ARM GAS  C:\Users\ELISHA~1\AppData\Local\Temp\cchyKk7c.s 			page 23


 853 0045 00       		.byte	0
 854 0046 49       		.uleb128 0x49
 855 0047 13       		.uleb128 0x13
 856 0048 00       		.byte	0
 857 0049 00       		.byte	0
 858 004a 07       		.uleb128 0x7
 859 004b 0F       		.uleb128 0xf
 860 004c 00       		.byte	0
 861 004d 0B       		.uleb128 0xb
 862 004e 0B       		.uleb128 0xb
 863 004f 49       		.uleb128 0x49
 864 0050 13       		.uleb128 0x13
 865 0051 00       		.byte	0
 866 0052 00       		.byte	0
 867 0053 08       		.uleb128 0x8
 868 0054 15       		.uleb128 0x15
 869 0055 00       		.byte	0
 870 0056 27       		.uleb128 0x27
 871 0057 19       		.uleb128 0x19
 872 0058 00       		.byte	0
 873 0059 00       		.byte	0
 874 005a 09       		.uleb128 0x9
 875 005b 2E       		.uleb128 0x2e
 876 005c 00       		.byte	0
 877 005d 3F       		.uleb128 0x3f
 878 005e 19       		.uleb128 0x19
 879 005f 03       		.uleb128 0x3
 880 0060 0E       		.uleb128 0xe
 881 0061 3A       		.uleb128 0x3a
 882 0062 0B       		.uleb128 0xb
 883 0063 3B       		.uleb128 0x3b
 884 0064 0B       		.uleb128 0xb
 885 0065 27       		.uleb128 0x27
 886 0066 19       		.uleb128 0x19
 887 0067 11       		.uleb128 0x11
 888 0068 01       		.uleb128 0x1
 889 0069 12       		.uleb128 0x12
 890 006a 06       		.uleb128 0x6
 891 006b 40       		.uleb128 0x40
 892 006c 18       		.uleb128 0x18
 893 006d 9642     		.uleb128 0x2116
 894 006f 19       		.uleb128 0x19
 895 0070 00       		.byte	0
 896 0071 00       		.byte	0
 897 0072 0A       		.uleb128 0xa
 898 0073 2E       		.uleb128 0x2e
 899 0074 01       		.byte	0x1
 900 0075 3F       		.uleb128 0x3f
 901 0076 19       		.uleb128 0x19
 902 0077 03       		.uleb128 0x3
 903 0078 0E       		.uleb128 0xe
 904 0079 3A       		.uleb128 0x3a
 905 007a 0B       		.uleb128 0xb
 906 007b 3B       		.uleb128 0x3b
 907 007c 0B       		.uleb128 0xb
 908 007d 27       		.uleb128 0x27
 909 007e 19       		.uleb128 0x19
ARM GAS  C:\Users\ELISHA~1\AppData\Local\Temp\cchyKk7c.s 			page 24


 910 007f 11       		.uleb128 0x11
 911 0080 01       		.uleb128 0x1
 912 0081 12       		.uleb128 0x12
 913 0082 06       		.uleb128 0x6
 914 0083 40       		.uleb128 0x40
 915 0084 18       		.uleb128 0x18
 916 0085 9642     		.uleb128 0x2116
 917 0087 19       		.uleb128 0x19
 918 0088 01       		.uleb128 0x1
 919 0089 13       		.uleb128 0x13
 920 008a 00       		.byte	0
 921 008b 00       		.byte	0
 922 008c 0B       		.uleb128 0xb
 923 008d 05       		.uleb128 0x5
 924 008e 00       		.byte	0
 925 008f 03       		.uleb128 0x3
 926 0090 0E       		.uleb128 0xe
 927 0091 3A       		.uleb128 0x3a
 928 0092 0B       		.uleb128 0xb
 929 0093 3B       		.uleb128 0x3b
 930 0094 0B       		.uleb128 0xb
 931 0095 49       		.uleb128 0x49
 932 0096 13       		.uleb128 0x13
 933 0097 02       		.uleb128 0x2
 934 0098 18       		.uleb128 0x18
 935 0099 00       		.byte	0
 936 009a 00       		.byte	0
 937 009b 0C       		.uleb128 0xc
 938 009c 2E       		.uleb128 0x2e
 939 009d 00       		.byte	0
 940 009e 3F       		.uleb128 0x3f
 941 009f 19       		.uleb128 0x19
 942 00a0 03       		.uleb128 0x3
 943 00a1 0E       		.uleb128 0xe
 944 00a2 3A       		.uleb128 0x3a
 945 00a3 0B       		.uleb128 0xb
 946 00a4 3B       		.uleb128 0x3b
 947 00a5 0B       		.uleb128 0xb
 948 00a6 27       		.uleb128 0x27
 949 00a7 19       		.uleb128 0x19
 950 00a8 11       		.uleb128 0x11
 951 00a9 01       		.uleb128 0x1
 952 00aa 12       		.uleb128 0x12
 953 00ab 06       		.uleb128 0x6
 954 00ac 40       		.uleb128 0x40
 955 00ad 18       		.uleb128 0x18
 956 00ae 9742     		.uleb128 0x2117
 957 00b0 19       		.uleb128 0x19
 958 00b1 00       		.byte	0
 959 00b2 00       		.byte	0
 960 00b3 0D       		.uleb128 0xd
 961 00b4 2E       		.uleb128 0x2e
 962 00b5 01       		.byte	0x1
 963 00b6 3F       		.uleb128 0x3f
 964 00b7 19       		.uleb128 0x19
 965 00b8 03       		.uleb128 0x3
 966 00b9 0E       		.uleb128 0xe
ARM GAS  C:\Users\ELISHA~1\AppData\Local\Temp\cchyKk7c.s 			page 25


 967 00ba 3A       		.uleb128 0x3a
 968 00bb 0B       		.uleb128 0xb
 969 00bc 3B       		.uleb128 0x3b
 970 00bd 0B       		.uleb128 0xb
 971 00be 27       		.uleb128 0x27
 972 00bf 19       		.uleb128 0x19
 973 00c0 11       		.uleb128 0x11
 974 00c1 01       		.uleb128 0x1
 975 00c2 12       		.uleb128 0x12
 976 00c3 06       		.uleb128 0x6
 977 00c4 40       		.uleb128 0x40
 978 00c5 18       		.uleb128 0x18
 979 00c6 9742     		.uleb128 0x2117
 980 00c8 19       		.uleb128 0x19
 981 00c9 01       		.uleb128 0x1
 982 00ca 13       		.uleb128 0x13
 983 00cb 00       		.byte	0
 984 00cc 00       		.byte	0
 985 00cd 0E       		.uleb128 0xe
 986 00ce 2E       		.uleb128 0x2e
 987 00cf 00       		.byte	0
 988 00d0 3F       		.uleb128 0x3f
 989 00d1 19       		.uleb128 0x19
 990 00d2 03       		.uleb128 0x3
 991 00d3 0E       		.uleb128 0xe
 992 00d4 3A       		.uleb128 0x3a
 993 00d5 0B       		.uleb128 0xb
 994 00d6 3B       		.uleb128 0x3b
 995 00d7 0B       		.uleb128 0xb
 996 00d8 27       		.uleb128 0x27
 997 00d9 19       		.uleb128 0x19
 998 00da 49       		.uleb128 0x49
 999 00db 13       		.uleb128 0x13
 1000 00dc 11       		.uleb128 0x11
 1001 00dd 01       		.uleb128 0x1
 1002 00de 12       		.uleb128 0x12
 1003 00df 06       		.uleb128 0x6
 1004 00e0 40       		.uleb128 0x40
 1005 00e1 18       		.uleb128 0x18
 1006 00e2 9742     		.uleb128 0x2117
 1007 00e4 19       		.uleb128 0x19
 1008 00e5 00       		.byte	0
 1009 00e6 00       		.byte	0
 1010 00e7 0F       		.uleb128 0xf
 1011 00e8 34       		.uleb128 0x34
 1012 00e9 00       		.byte	0
 1013 00ea 03       		.uleb128 0x3
 1014 00eb 0E       		.uleb128 0xe
 1015 00ec 3A       		.uleb128 0x3a
 1016 00ed 0B       		.uleb128 0xb
 1017 00ee 3B       		.uleb128 0x3b
 1018 00ef 0B       		.uleb128 0xb
 1019 00f0 49       		.uleb128 0x49
 1020 00f1 13       		.uleb128 0x13
 1021 00f2 02       		.uleb128 0x2
 1022 00f3 18       		.uleb128 0x18
 1023 00f4 00       		.byte	0
ARM GAS  C:\Users\ELISHA~1\AppData\Local\Temp\cchyKk7c.s 			page 26


 1024 00f5 00       		.byte	0
 1025 00f6 10       		.uleb128 0x10
 1026 00f7 2E       		.uleb128 0x2e
 1027 00f8 01       		.byte	0x1
 1028 00f9 3F       		.uleb128 0x3f
 1029 00fa 19       		.uleb128 0x19
 1030 00fb 03       		.uleb128 0x3
 1031 00fc 0E       		.uleb128 0xe
 1032 00fd 3A       		.uleb128 0x3a
 1033 00fe 0B       		.uleb128 0xb
 1034 00ff 3B       		.uleb128 0x3b
 1035 0100 05       		.uleb128 0x5
 1036 0101 27       		.uleb128 0x27
 1037 0102 19       		.uleb128 0x19
 1038 0103 49       		.uleb128 0x49
 1039 0104 13       		.uleb128 0x13
 1040 0105 11       		.uleb128 0x11
 1041 0106 01       		.uleb128 0x1
 1042 0107 12       		.uleb128 0x12
 1043 0108 06       		.uleb128 0x6
 1044 0109 40       		.uleb128 0x40
 1045 010a 18       		.uleb128 0x18
 1046 010b 9742     		.uleb128 0x2117
 1047 010d 19       		.uleb128 0x19
 1048 010e 01       		.uleb128 0x1
 1049 010f 13       		.uleb128 0x13
 1050 0110 00       		.byte	0
 1051 0111 00       		.byte	0
 1052 0112 11       		.uleb128 0x11
 1053 0113 34       		.uleb128 0x34
 1054 0114 00       		.byte	0
 1055 0115 03       		.uleb128 0x3
 1056 0116 0E       		.uleb128 0xe
 1057 0117 3A       		.uleb128 0x3a
 1058 0118 0B       		.uleb128 0xb
 1059 0119 3B       		.uleb128 0x3b
 1060 011a 05       		.uleb128 0x5
 1061 011b 49       		.uleb128 0x49
 1062 011c 13       		.uleb128 0x13
 1063 011d 02       		.uleb128 0x2
 1064 011e 18       		.uleb128 0x18
 1065 011f 00       		.byte	0
 1066 0120 00       		.byte	0
 1067 0121 12       		.uleb128 0x12
 1068 0122 2E       		.uleb128 0x2e
 1069 0123 00       		.byte	0
 1070 0124 3F       		.uleb128 0x3f
 1071 0125 19       		.uleb128 0x19
 1072 0126 03       		.uleb128 0x3
 1073 0127 0E       		.uleb128 0xe
 1074 0128 3A       		.uleb128 0x3a
 1075 0129 0B       		.uleb128 0xb
 1076 012a 3B       		.uleb128 0x3b
 1077 012b 05       		.uleb128 0x5
 1078 012c 27       		.uleb128 0x27
 1079 012d 19       		.uleb128 0x19
 1080 012e 11       		.uleb128 0x11
ARM GAS  C:\Users\ELISHA~1\AppData\Local\Temp\cchyKk7c.s 			page 27


 1081 012f 01       		.uleb128 0x1
 1082 0130 12       		.uleb128 0x12
 1083 0131 06       		.uleb128 0x6
 1084 0132 40       		.uleb128 0x40
 1085 0133 18       		.uleb128 0x18
 1086 0134 9742     		.uleb128 0x2117
 1087 0136 19       		.uleb128 0x19
 1088 0137 00       		.byte	0
 1089 0138 00       		.byte	0
 1090 0139 13       		.uleb128 0x13
 1091 013a 2E       		.uleb128 0x2e
 1092 013b 00       		.byte	0
 1093 013c 3F       		.uleb128 0x3f
 1094 013d 19       		.uleb128 0x19
 1095 013e 03       		.uleb128 0x3
 1096 013f 0E       		.uleb128 0xe
 1097 0140 3A       		.uleb128 0x3a
 1098 0141 0B       		.uleb128 0xb
 1099 0142 3B       		.uleb128 0x3b
 1100 0143 05       		.uleb128 0x5
 1101 0144 27       		.uleb128 0x27
 1102 0145 19       		.uleb128 0x19
 1103 0146 49       		.uleb128 0x49
 1104 0147 13       		.uleb128 0x13
 1105 0148 11       		.uleb128 0x11
 1106 0149 01       		.uleb128 0x1
 1107 014a 12       		.uleb128 0x12
 1108 014b 06       		.uleb128 0x6
 1109 014c 40       		.uleb128 0x40
 1110 014d 18       		.uleb128 0x18
 1111 014e 9742     		.uleb128 0x2117
 1112 0150 19       		.uleb128 0x19
 1113 0151 00       		.byte	0
 1114 0152 00       		.byte	0
 1115 0153 14       		.uleb128 0x14
 1116 0154 01       		.uleb128 0x1
 1117 0155 01       		.byte	0x1
 1118 0156 49       		.uleb128 0x49
 1119 0157 13       		.uleb128 0x13
 1120 0158 01       		.uleb128 0x1
 1121 0159 13       		.uleb128 0x13
 1122 015a 00       		.byte	0
 1123 015b 00       		.byte	0
 1124 015c 15       		.uleb128 0x15
 1125 015d 21       		.uleb128 0x21
 1126 015e 00       		.byte	0
 1127 015f 49       		.uleb128 0x49
 1128 0160 13       		.uleb128 0x13
 1129 0161 2F       		.uleb128 0x2f
 1130 0162 0B       		.uleb128 0xb
 1131 0163 00       		.byte	0
 1132 0164 00       		.byte	0
 1133 0165 16       		.uleb128 0x16
 1134 0166 34       		.uleb128 0x34
 1135 0167 00       		.byte	0
 1136 0168 03       		.uleb128 0x3
 1137 0169 0E       		.uleb128 0xe
ARM GAS  C:\Users\ELISHA~1\AppData\Local\Temp\cchyKk7c.s 			page 28


 1138 016a 3A       		.uleb128 0x3a
 1139 016b 0B       		.uleb128 0xb
 1140 016c 3B       		.uleb128 0x3b
 1141 016d 0B       		.uleb128 0xb
 1142 016e 49       		.uleb128 0x49
 1143 016f 13       		.uleb128 0x13
 1144 0170 3F       		.uleb128 0x3f
 1145 0171 19       		.uleb128 0x19
 1146 0172 3C       		.uleb128 0x3c
 1147 0173 19       		.uleb128 0x19
 1148 0174 00       		.byte	0
 1149 0175 00       		.byte	0
 1150 0176 00       		.byte	0
 1151              		.section	.debug_aranges,"",%progbits
 1152 0000 7C000000 		.4byte	0x7c
 1153 0004 0200     		.2byte	0x2
 1154 0006 00000000 		.4byte	.Ldebug_info0
 1155 000a 04       		.byte	0x4
 1156 000b 00       		.byte	0
 1157 000c 0000     		.2byte	0
 1158 000e 0000     		.2byte	0
 1159 0010 00000000 		.4byte	.LFB0
 1160 0014 24000000 		.4byte	.LFE0-.LFB0
 1161 0018 00000000 		.4byte	.LFB1
 1162 001c 24000000 		.4byte	.LFE1-.LFB1
 1163 0020 00000000 		.4byte	.LFB2
 1164 0024 18000000 		.4byte	.LFE2-.LFB2
 1165 0028 00000000 		.4byte	.LFB3
 1166 002c 08000000 		.4byte	.LFE3-.LFB3
 1167 0030 00000000 		.4byte	.LFB4
 1168 0034 1C000000 		.4byte	.LFE4-.LFB4
 1169 0038 00000000 		.4byte	.LFB5
 1170 003c 14000000 		.4byte	.LFE5-.LFB5
 1171 0040 00000000 		.4byte	.LFB6
 1172 0044 4C000000 		.4byte	.LFE6-.LFB6
 1173 0048 00000000 		.4byte	.LFB7
 1174 004c 2C000000 		.4byte	.LFE7-.LFB7
 1175 0050 00000000 		.4byte	.LFB8
 1176 0054 14000000 		.4byte	.LFE8-.LFB8
 1177 0058 00000000 		.4byte	.LFB9
 1178 005c 20000000 		.4byte	.LFE9-.LFB9
 1179 0060 00000000 		.4byte	.LFB10
 1180 0064 14000000 		.4byte	.LFE10-.LFB10
 1181 0068 00000000 		.4byte	.LFB11
 1182 006c 14000000 		.4byte	.LFE11-.LFB11
 1183 0070 00000000 		.4byte	.LFB12
 1184 0074 14000000 		.4byte	.LFE12-.LFB12
 1185 0078 00000000 		.4byte	0
 1186 007c 00000000 		.4byte	0
 1187              		.section	.debug_ranges,"",%progbits
 1188              	.Ldebug_ranges0:
 1189 0000 00000000 		.4byte	.LFB0
 1190 0004 24000000 		.4byte	.LFE0
 1191 0008 00000000 		.4byte	.LFB1
 1192 000c 24000000 		.4byte	.LFE1
 1193 0010 00000000 		.4byte	.LFB2
 1194 0014 18000000 		.4byte	.LFE2
ARM GAS  C:\Users\ELISHA~1\AppData\Local\Temp\cchyKk7c.s 			page 29


 1195 0018 00000000 		.4byte	.LFB3
 1196 001c 08000000 		.4byte	.LFE3
 1197 0020 00000000 		.4byte	.LFB4
 1198 0024 1C000000 		.4byte	.LFE4
 1199 0028 00000000 		.4byte	.LFB5
 1200 002c 14000000 		.4byte	.LFE5
 1201 0030 00000000 		.4byte	.LFB6
 1202 0034 4C000000 		.4byte	.LFE6
 1203 0038 00000000 		.4byte	.LFB7
 1204 003c 2C000000 		.4byte	.LFE7
 1205 0040 00000000 		.4byte	.LFB8
 1206 0044 14000000 		.4byte	.LFE8
 1207 0048 00000000 		.4byte	.LFB9
 1208 004c 20000000 		.4byte	.LFE9
 1209 0050 00000000 		.4byte	.LFB10
 1210 0054 14000000 		.4byte	.LFE10
 1211 0058 00000000 		.4byte	.LFB11
 1212 005c 14000000 		.4byte	.LFE11
 1213 0060 00000000 		.4byte	.LFB12
 1214 0064 14000000 		.4byte	.LFE12
 1215 0068 00000000 		.4byte	0
 1216 006c 00000000 		.4byte	0
 1217              		.section	.debug_line,"",%progbits
 1218              	.Ldebug_line0:
 1219 0000 6D010000 		.section	.debug_str,"MS",%progbits,1
 1219      02005F00 
 1219      00000201 
 1219      FB0E0D00 
 1219      01010101 
 1220              	.LASF21:
 1221 0000 4953525F 		.ascii	"ISR_TIMER_SetVector\000"
 1221      54494D45 
 1221      525F5365 
 1221      74566563 
 1221      746F7200 
 1222              	.LASF14:
 1223 0014 72656733 		.ascii	"reg32\000"
 1223      3200
 1224              	.LASF37:
 1225 001a 43795261 		.ascii	"CyRamVectors\000"
 1225      6D566563 
 1225      746F7273 
 1225      00
 1226              	.LASF3:
 1227 0027 73686F72 		.ascii	"short unsigned int\000"
 1227      7420756E 
 1227      7369676E 
 1227      65642069 
 1227      6E7400
 1228              	.LASF36:
 1229 003a 4953525F 		.ascii	"ISR_TIMER_GetPriority\000"
 1229      54494D45 
 1229      525F4765 
 1229      74507269 
 1229      6F726974 
 1230              	.LASF18:
 1231 0050 4953525F 		.ascii	"ISR_TIMER_Stop\000"
ARM GAS  C:\Users\ELISHA~1\AppData\Local\Temp\cchyKk7c.s 			page 30


 1231      54494D45 
 1231      525F5374 
 1231      6F7000
 1232              	.LASF11:
 1233 005f 666C6F61 		.ascii	"float\000"
 1233      7400
 1234              	.LASF1:
 1235 0065 756E7369 		.ascii	"unsigned char\000"
 1235      676E6564 
 1235      20636861 
 1235      7200
 1236              	.LASF31:
 1237 0073 4953525F 		.ascii	"ISR_TIMER_SetPending\000"
 1237      54494D45 
 1237      525F5365 
 1237      7450656E 
 1237      64696E67 
 1238              	.LASF25:
 1239 0088 696E7465 		.ascii	"interruptState\000"
 1239      72727570 
 1239      74537461 
 1239      746500
 1240              	.LASF5:
 1241 0097 6C6F6E67 		.ascii	"long unsigned int\000"
 1241      20756E73 
 1241      69676E65 
 1241      6420696E 
 1241      7400
 1242              	.LASF9:
 1243 00a9 75696E74 		.ascii	"uint8\000"
 1243      3800
 1244              	.LASF28:
 1245 00af 4953525F 		.ascii	"ISR_TIMER_GetVector\000"
 1245      54494D45 
 1245      525F4765 
 1245      74566563 
 1245      746F7200 
 1246              	.LASF19:
 1247 00c3 4953525F 		.ascii	"ISR_TIMER_Interrupt\000"
 1247      54494D45 
 1247      525F496E 
 1247      74657272 
 1247      75707400 
 1248              	.LASF24:
 1249 00d7 7072696F 		.ascii	"priority\000"
 1249      72697479 
 1249      00
 1250              	.LASF12:
 1251 00e0 646F7562 		.ascii	"double\000"
 1251      6C6500
 1252              	.LASF27:
 1253 00e7 4953525F 		.ascii	"ISR_TIMER_Enable\000"
 1253      54494D45 
 1253      525F456E 
 1253      61626C65 
 1253      00
 1254              	.LASF33:
ARM GAS  C:\Users\ELISHA~1\AppData\Local\Temp\cchyKk7c.s 			page 31


 1255 00f8 474E5520 		.ascii	"GNU C 4.9.3 20150303 (release) [ARM/embedded-4_9-br"
 1255      4320342E 
 1255      392E3320 
 1255      32303135 
 1255      30333033 
 1256 012b 616E6368 		.ascii	"anch revision 221220] -mcpu=cortex-m0 -mthumb -g -O"
 1256      20726576 
 1256      6973696F 
 1256      6E203232 
 1256      31323230 
 1257 015e 30202D66 		.ascii	"0 -ffunction-sections -ffat-lto-objects\000"
 1257      66756E63 
 1257      74696F6E 
 1257      2D736563 
 1257      74696F6E 
 1258              	.LASF20:
 1259 0186 4953525F 		.ascii	"ISR_TIMER_StartEx\000"
 1259      54494D45 
 1259      525F5374 
 1259      61727445 
 1259      7800
 1260              	.LASF34:
 1261 0198 2E5C4765 		.ascii	".\\Generated_Source\\PSoC4\\ISR_TIMER.c\000"
 1261      6E657261 
 1261      7465645F 
 1261      536F7572 
 1261      63655C50 
 1262              	.LASF10:
 1263 01bd 75696E74 		.ascii	"uint32\000"
 1263      333200
 1264              	.LASF8:
 1265 01c4 756E7369 		.ascii	"unsigned int\000"
 1265      676E6564 
 1265      20696E74 
 1265      00
 1266              	.LASF22:
 1267 01d1 61646472 		.ascii	"address\000"
 1267      65737300 
 1268              	.LASF7:
 1269 01d9 6C6F6E67 		.ascii	"long long unsigned int\000"
 1269      206C6F6E 
 1269      6720756E 
 1269      7369676E 
 1269      65642069 
 1270              	.LASF23:
 1271 01f0 4953525F 		.ascii	"ISR_TIMER_SetPriority\000"
 1271      54494D45 
 1271      525F5365 
 1271      74507269 
 1271      6F726974 
 1272              	.LASF17:
 1273 0206 4953525F 		.ascii	"ISR_TIMER_Start\000"
 1273      54494D45 
 1273      525F5374 
 1273      61727400 
 1274              	.LASF15:
 1275 0216 63796973 		.ascii	"cyisraddress\000"
ARM GAS  C:\Users\ELISHA~1\AppData\Local\Temp\cchyKk7c.s 			page 32


 1275      72616464 
 1275      72657373 
 1275      00
 1276              	.LASF30:
 1277 0223 4953525F 		.ascii	"ISR_TIMER_Disable\000"
 1277      54494D45 
 1277      525F4469 
 1277      7361626C 
 1277      6500
 1278              	.LASF29:
 1279 0235 4953525F 		.ascii	"ISR_TIMER_GetState\000"
 1279      54494D45 
 1279      525F4765 
 1279      74537461 
 1279      746500
 1280              	.LASF16:
 1281 0248 73697A65 		.ascii	"sizetype\000"
 1281      74797065 
 1281      00
 1282              	.LASF6:
 1283 0251 6C6F6E67 		.ascii	"long long int\000"
 1283      206C6F6E 
 1283      6720696E 
 1283      7400
 1284              	.LASF13:
 1285 025f 63686172 		.ascii	"char\000"
 1285      00
 1286              	.LASF2:
 1287 0264 73686F72 		.ascii	"short int\000"
 1287      7420696E 
 1287      7400
 1288              	.LASF26:
 1289 026e 7072696F 		.ascii	"priorityOffset\000"
 1289      72697479 
 1289      4F666673 
 1289      657400
 1290              	.LASF4:
 1291 027d 6C6F6E67 		.ascii	"long int\000"
 1291      20696E74 
 1291      00
 1292              	.LASF35:
 1293 0286 5C5C4D61 		.ascii	"\\\\Mac\\Home\\Documents\\Repos\\PSOC4Pioneer\\DieT"
 1293      635C486F 
 1293      6D655C44 
 1293      6F63756D 
 1293      656E7473 
 1294 02b2 656D7041 		.ascii	"empADC\\ADC_SAR_Seq_DieTemp_PSoC401.cydsn\000"
 1294      44435C41 
 1294      44435F53 
 1294      41525F53 
 1294      65715F44 
 1295              	.LASF0:
 1296 02db 7369676E 		.ascii	"signed char\000"
 1296      65642063 
 1296      68617200 
 1297              	.LASF32:
 1298 02e7 4953525F 		.ascii	"ISR_TIMER_ClearPending\000"
ARM GAS  C:\Users\ELISHA~1\AppData\Local\Temp\cchyKk7c.s 			page 33


 1298      54494D45 
 1298      525F436C 
 1298      65617250 
 1298      656E6469 
 1299              		.ident	"GCC: (GNU Tools for ARM Embedded Processors) 4.9.3 20150303 (release) [ARM/embedded-4_9-br
